Archive member included to satisfy reference by file (symbol)

c:/st/stm32cubeide_1.3.0/stm32cubeide/plugins/com.st.stm32cube.ide.mcu.externaltools.gnu-tools-for-stm32.7-2018-q2-update.win32_1.0.0.201904181610/tools/bin/../lib/gcc/arm-none-eabi/7.3.1/../../../../arm-none-eabi/lib/thumb/v7e-m/fpv5/hard\libc_nano.a(lib_a-errno.o)
                              Core/Src/syscalls.o (__errno)
c:/st/stm32cubeide_1.3.0/stm32cubeide/plugins/com.st.stm32cube.ide.mcu.externaltools.gnu-tools-for-stm32.7-2018-q2-update.win32_1.0.0.201904181610/tools/bin/../lib/gcc/arm-none-eabi/7.3.1/../../../../arm-none-eabi/lib/thumb/v7e-m/fpv5/hard\libc_nano.a(lib_a-exit.o)
                              c:/st/stm32cubeide_1.3.0/stm32cubeide/plugins/com.st.stm32cube.ide.mcu.externaltools.gnu-tools-for-stm32.7-2018-q2-update.win32_1.0.0.201904181610/tools/bin/../lib/gcc/arm-none-eabi/7.3.1/../../../../arm-none-eabi/lib/thumb/v7e-m/fpv5/hard/crt0.o (exit)
c:/st/stm32cubeide_1.3.0/stm32cubeide/plugins/com.st.stm32cube.ide.mcu.externaltools.gnu-tools-for-stm32.7-2018-q2-update.win32_1.0.0.201904181610/tools/bin/../lib/gcc/arm-none-eabi/7.3.1/../../../../arm-none-eabi/lib/thumb/v7e-m/fpv5/hard\libc_nano.a(lib_a-impure.o)
                              c:/st/stm32cubeide_1.3.0/stm32cubeide/plugins/com.st.stm32cube.ide.mcu.externaltools.gnu-tools-for-stm32.7-2018-q2-update.win32_1.0.0.201904181610/tools/bin/../lib/gcc/arm-none-eabi/7.3.1/../../../../arm-none-eabi/lib/thumb/v7e-m/fpv5/hard\libc_nano.a(lib_a-exit.o) (_global_impure_ptr)
c:/st/stm32cubeide_1.3.0/stm32cubeide/plugins/com.st.stm32cube.ide.mcu.externaltools.gnu-tools-for-stm32.7-2018-q2-update.win32_1.0.0.201904181610/tools/bin/../lib/gcc/arm-none-eabi/7.3.1/../../../../arm-none-eabi/lib/thumb/v7e-m/fpv5/hard\libc_nano.a(lib_a-init.o)
                              c:/st/stm32cubeide_1.3.0/stm32cubeide/plugins/com.st.stm32cube.ide.mcu.externaltools.gnu-tools-for-stm32.7-2018-q2-update.win32_1.0.0.201904181610/tools/bin/../lib/gcc/arm-none-eabi/7.3.1/../../../../arm-none-eabi/lib/thumb/v7e-m/fpv5/hard/crt0.o (__libc_init_array)
c:/st/stm32cubeide_1.3.0/stm32cubeide/plugins/com.st.stm32cube.ide.mcu.externaltools.gnu-tools-for-stm32.7-2018-q2-update.win32_1.0.0.201904181610/tools/bin/../lib/gcc/arm-none-eabi/7.3.1/../../../../arm-none-eabi/lib/thumb/v7e-m/fpv5/hard\libc_nano.a(lib_a-memset.o)
                              c:/st/stm32cubeide_1.3.0/stm32cubeide/plugins/com.st.stm32cube.ide.mcu.externaltools.gnu-tools-for-stm32.7-2018-q2-update.win32_1.0.0.201904181610/tools/bin/../lib/gcc/arm-none-eabi/7.3.1/../../../../arm-none-eabi/lib/thumb/v7e-m/fpv5/hard/crt0.o (memset)
c:/st/stm32cubeide_1.3.0/stm32cubeide/plugins/com.st.stm32cube.ide.mcu.externaltools.gnu-tools-for-stm32.7-2018-q2-update.win32_1.0.0.201904181610/tools/bin/../lib/gcc/arm-none-eabi/7.3.1/../../../../arm-none-eabi/lib/thumb/v7e-m/fpv5/hard\libc_nano.a(lib_a-nano-vfprintf_float.o)
                              (_printf_float)
c:/st/stm32cubeide_1.3.0/stm32cubeide/plugins/com.st.stm32cube.ide.mcu.externaltools.gnu-tools-for-stm32.7-2018-q2-update.win32_1.0.0.201904181610/tools/bin/../lib/gcc/arm-none-eabi/7.3.1/../../../../arm-none-eabi/lib/thumb/v7e-m/fpv5/hard\libc_nano.a(lib_a-nano-vfprintf_i.o)
                              c:/st/stm32cubeide_1.3.0/stm32cubeide/plugins/com.st.stm32cube.ide.mcu.externaltools.gnu-tools-for-stm32.7-2018-q2-update.win32_1.0.0.201904181610/tools/bin/../lib/gcc/arm-none-eabi/7.3.1/../../../../arm-none-eabi/lib/thumb/v7e-m/fpv5/hard\libc_nano.a(lib_a-nano-vfprintf_float.o) (_printf_common)
c:/st/stm32cubeide_1.3.0/stm32cubeide/plugins/com.st.stm32cube.ide.mcu.externaltools.gnu-tools-for-stm32.7-2018-q2-update.win32_1.0.0.201904181610/tools/bin/../lib/gcc/arm-none-eabi/7.3.1/../../../../arm-none-eabi/lib/thumb/v7e-m/fpv5/hard\libc_nano.a(lib_a-nano-vfscanf_float.o)
                              (_scanf_float)
c:/st/stm32cubeide_1.3.0/stm32cubeide/plugins/com.st.stm32cube.ide.mcu.externaltools.gnu-tools-for-stm32.7-2018-q2-update.win32_1.0.0.201904181610/tools/bin/../lib/gcc/arm-none-eabi/7.3.1/../../../../arm-none-eabi/lib/thumb/v7e-m/fpv5/hard\libc_nano.a(lib_a-sf_nan.o)
                              c:/st/stm32cubeide_1.3.0/stm32cubeide/plugins/com.st.stm32cube.ide.mcu.externaltools.gnu-tools-for-stm32.7-2018-q2-update.win32_1.0.0.201904181610/tools/bin/../lib/gcc/arm-none-eabi/7.3.1/../../../../arm-none-eabi/lib/thumb/v7e-m/fpv5/hard\libc_nano.a(lib_a-nano-vfscanf_float.o) (nanf)
c:/st/stm32cubeide_1.3.0/stm32cubeide/plugins/com.st.stm32cube.ide.mcu.externaltools.gnu-tools-for-stm32.7-2018-q2-update.win32_1.0.0.201904181610/tools/bin/../lib/gcc/arm-none-eabi/7.3.1/../../../../arm-none-eabi/lib/thumb/v7e-m/fpv5/hard\libc_nano.a(lib_a-sprintf.o)
                              Core/GPIO/Src/PushButton.o (sprintf)
[...]
Memory Configuration

Name             Origin             Length             Attributes
RAM              0x0000000020000000 0x0000000000080000 xrw
FLASH            0x0000000008000000 0x0000000000200000 xr
*default*        0x0000000000000000 0xffffffffffffffff

Linker script and memory map

LOAD c:/st/stm32cubeide_1.3.0/stm32cubeide/plugins/com.st.stm32cube.ide.mcu.externaltools.gnu-tools-for-stm32.7-2018-q2-update.win32_1.0.0.201904181610/tools/bin/../lib/gcc/arm-none-eabi/7.3.1/thumb/v7e-m/fpv5/hard/crti.o
LOAD c:/st/stm32cubeide_1.3.0/stm32cubeide/plugins/com.st.stm32cube.ide.mcu.externaltools.gnu-tools-for-stm32.7-2018-q2-update.win32_1.0.0.201904181610/tools/bin/../lib/gcc/arm-none-eabi/7.3.1/thumb/v7e-m/fpv5/hard/crtbegin.o
LOAD c:/st/stm32cubeide_1.3.0/stm32cubeide/plugins/com.st.stm32cube.ide.mcu.externaltools.gnu-tools-for-stm32.7-2018-q2-update.win32_1.0.0.201904181610/tools/bin/../lib/gcc/arm-none-eabi/7.3.1/../../../../arm-none-eabi/lib/thumb/v7e-m/fpv5/hard/crt0.o
LOAD Core/GPIO/Src/PWMControl.o
LOAD Core/GPIO/Src/PushButton.o
LOAD Core/Inc/fs_display.o
LOAD Core/Inc/stm32f7xx_hal_sd.o
LOAD Core/Peripherals/Src/FlashQSPIAgent.o
LOAD Core/Peripherals/Src/LED.o
LOAD Core/Peripherals/Src/bno055.o
LOAD Core/Peripherals/Src/bno055_support.o
LOAD Core/Peripherals/Src/ms5611.o
LOAD Core/Peripherals/Src/terminal.o
LOAD Core/Src/fatfs.o
LOAD Core/Src/main.o
LOAD Core/Src/sd_diskio.o
LOAD Core/Src/stm32f7xx_hal_msp.o
LOAD Core/Src/stm32f7xx_it.o
LOAD Core/Src/syscalls.o
LOAD Core/Src/sysmem.o
LOAD Core/Src/system_stm32f7xx.o
LOAD Core/Src/user_diskio.o
LOAD Core/Startup/startup_stm32f777vitx.o
LOAD Drivers/STM32F7xx_HAL_Driver/Src/stm32f7xx_hal.o
LOAD Drivers/STM32F7xx_HAL_Driver/Src/stm32f7xx_hal_adc.o
LOAD Drivers/STM32F7xx_HAL_Driver/Src/stm32f7xx_hal_adc_ex.o
LOAD Drivers/STM32F7xx_HAL_Driver/Src/stm32f7xx_hal_cortex.o
LOAD Drivers/STM32F7xx_HAL_Driver/Src/stm32f7xx_hal_dma.o
LOAD Drivers/STM32F7xx_HAL_Driver/Src/stm32f7xx_hal_dma_ex.o
LOAD Drivers/STM32F7xx_HAL_Driver/Src/stm32f7xx_hal_exti.o
LOAD Drivers/STM32F7xx_HAL_Driver/Src/stm32f7xx_hal_flash.o
LOAD Drivers/STM32F7xx_HAL_Driver/Src/stm32f7xx_hal_flash_ex.o
LOAD Drivers/STM32F7xx_HAL_Driver/Src/stm32f7xx_hal_gpio.o
LOAD Drivers/STM32F7xx_HAL_Driver/Src/stm32f7xx_hal_i2c.o
LOAD Drivers/STM32F7xx_HAL_Driver/Src/stm32f7xx_hal_i2c_ex.o
LOAD Drivers/STM32F7xx_HAL_Driver/Src/stm32f7xx_hal_mmc.o
LOAD Drivers/STM32F7xx_HAL_Driver/Src/stm32f7xx_hal_pwr.o
LOAD Drivers/STM32F7xx_HAL_Driver/Src/stm32f7xx_hal_pwr_ex.o
LOAD Drivers/STM32F7xx_HAL_Driver/Src/stm32f7xx_hal_qspi.o
LOAD Drivers/STM32F7xx_HAL_Driver/Src/stm32f7xx_hal_rcc.o
LOAD Drivers/STM32F7xx_HAL_Driver/Src/stm32f7xx_hal_rcc_ex.o
LOAD Drivers/STM32F7xx_HAL_Driver/Src/stm32f7xx_hal_rtc.o
LOAD Drivers/STM32F7xx_HAL_Driver/Src/stm32f7xx_hal_rtc_ex.o
LOAD Drivers/STM32F7xx_HAL_Driver/Src/stm32f7xx_hal_spi.o
LOAD Drivers/STM32F7xx_HAL_Driver/Src/stm32f7xx_hal_spi_ex.o
LOAD Drivers/STM32F7xx_HAL_Driver/Src/stm32f7xx_hal_tim.o
LOAD Drivers/STM32F7xx_HAL_Driver/Src/stm32f7xx_hal_tim_ex.o
LOAD Drivers/STM32F7xx_HAL_Driver/Src/stm32f7xx_hal_uart.o
LOAD Drivers/STM32F7xx_HAL_Driver/Src/stm32f7xx_hal_uart_ex.o
LOAD Drivers/STM32F7xx_HAL_Driver/Src/stm32f7xx_ll_sdmmc.o
LOAD Middlewares/Third_Party/FatFs/src/diskio.o
LOAD Middlewares/Third_Party/FatFs/src/ff.o
LOAD Middlewares/Third_Party/FatFs/src/ff_gen_drv.o
LOAD Middlewares/Third_Party/FatFs/src/option/ccsbcs.o
LOAD Middlewares/Third_Party/FatFs/src/option/syscall.o
START GROUP
LOAD c:/st/stm32cubeide_1.3.0/stm32cubeide/plugins/com.st.stm32cube.ide.mcu.externaltools.gnu-tools-for-stm32.7-2018-q2-update.win32_1.0.0.201904181610/tools/bin/../lib/gcc/arm-none-eabi/7.3.1/../../../../arm-none-eabi/lib/thumb/v7e-m/fpv5/hard\libc_nano.a
LOAD c:/st/stm32cubeide_1.3.0/stm32cubeide/plugins/com.st.stm32cube.ide.mcu.externaltools.gnu-tools-for-stm32.7-2018-q2-update.win32_1.0.0.201904181610/tools/bin/../lib/gcc/arm-none-eabi/7.3.1/../../../../arm-none-eabi/lib/thumb/v7e-m/fpv5/hard\libm.a
END GROUP
START GROUP
LOAD c:/st/stm32cubeide_1.3.0/stm32cubeide/plugins/com.st.stm32cube.ide.mcu.externaltools.gnu-tools-for-stm32.7-2018-q2-update.win32_1.0.0.201904181610/tools/bin/../lib/gcc/arm-none-eabi/7.3.1/thumb/v7e-m/fpv5/hard\libgcc.a
LOAD c:/st/stm32cubeide_1.3.0/stm32cubeide/plugins/com.st.stm32cube.ide.mcu.externaltools.gnu-tools-for-stm32.7-2018-q2-update.win32_1.0.0.201904181610/tools/bin/../lib/gcc/arm-none-eabi/7.3.1/../../../../arm-none-eabi/lib/thumb/v7e-m/fpv5/hard\libc_nano.a
END GROUP
START GROUP
LOAD c:/st/stm32cubeide_1.3.0/stm32cubeide/plugins/com.st.stm32cube.ide.mcu.externaltools.gnu-tools-for-stm32.7-2018-q2-update.win32_1.0.0.201904181610/tools/bin/../lib/gcc/arm-none-eabi/7.3.1/thumb/v7e-m/fpv5/hard\libgcc.a
LOAD c:/st/stm32cubeide_1.3.0/stm32cubeide/plugins/com.st.stm32cube.ide.mcu.externaltools.gnu-tools-for-stm32.7-2018-q2-update.win32_1.0.0.201904181610/tools/bin/../lib/gcc/arm-none-eabi/7.3.1/../../../../arm-none-eabi/lib/thumb/v7e-m/fpv5/hard\libc_nano.a
LOAD c:/st/stm32cubeide_1.3.0/stm32cubeide/plugins/com.st.stm32cube.ide.mcu.externaltools.gnu-tools-for-stm32.7-2018-q2-update.win32_1.0.0.201904181610/tools/bin/../lib/gcc/arm-none-eabi/7.3.1/../../../../arm-none-eabi/lib/thumb/v7e-m/fpv5/hard\libnosys.a
END GROUP
START GROUP
LOAD c:/st/stm32cubeide_1.3.0/stm32cubeide/plugins/com.st.stm32cube.ide.mcu.externaltools.gnu-tools-for-stm32.7-2018-q2-update.win32_1.0.0.201904181610/tools/bin/../lib/gcc/arm-none-eabi/7.3.1/thumb/v7e-m/fpv5/hard\libgcc.a
LOAD c:/st/stm32cubeide_1.3.0/stm32cubeide/plugins/com.st.stm32cube.ide.mcu.externaltools.gnu-tools-for-stm32.7-2018-q2-update.win32_1.0.0.201904181610/tools/bin/../lib/gcc/arm-none-eabi/7.3.1/../../../../arm-none-eabi/lib/thumb/v7e-m/fpv5/hard\libc_nano.a
LOAD c:/st/stm32cubeide_1.3.0/stm32cubeide/plugins/com.st.stm32cube.ide.mcu.externaltools.gnu-tools-for-stm32.7-2018-q2-update.win32_1.0.0.201904181610/tools/bin/../lib/gcc/arm-none-eabi/7.3.1/../../../../arm-none-eabi/lib/thumb/v7e-m/fpv5/hard\libnosys.a
END GROUP
LOAD c:/st/stm32cubeide_1.3.0/stm32cubeide/plugins/com.st.stm32cube.ide.mcu.externaltools.gnu-tools-for-stm32.7-2018-q2-update.win32_1.0.0.201904181610/tools/bin/../lib/gcc/arm-none-eabi/7.3.1/thumb/v7e-m/fpv5/hard/crtend.o
LOAD c:/st/stm32cubeide_1.3.0/stm32cubeide/plugins/com.st.stm32cube.ide.mcu.externaltools.gnu-tools-for-stm32.7-2018-q2-update.win32_1.0.0.201904181610/tools/bin/../lib/gcc/arm-none-eabi/7.3.1/thumb/v7e-m/fpv5/hard/crtn.o
                0x0000000020080000                _estack = (ORIGIN (RAM) + LENGTH (RAM))
                0x0000000000000200                _Min_Heap_Size = 0x200
                0x0000000000000400                _Min_Stack_Size = 0x400

.isr_vector     0x0000000008000000      0x1f8
                0x0000000008000000                . = ALIGN (0x4)
 *(.isr_vector)
 .isr_vector    0x0000000008000000      0x1f8 Core/Startup/startup_stm32f777vitx.o
                0x0000000008000000                g_pfnVectors
                0x00000000080001f8                . = ALIGN (0x4)

.text           0x0000000008000200    0x12674
                0x0000000008000200                . = ALIGN (0x4)
 *(.text)
 .text          0x0000000008000200       0x40 c:/st/stm32cubeide_1.3.0/stm32cubeide/plugins/com.st.stm32cube.ide.mcu.externaltools.gnu-tools-for-stm32.7-2018-q2-update.win32_1.0.0.201904181610/tools/bin/../lib/gcc/arm-none-eabi/7.3.1/thumb/v7e-m/fpv5/hard/crtbegin.o
 .text          0x0000000008000240       0x10 c:/st/stm32cubeide_1.3.0/stm32cubeide/plugins/com.st.stm32cube.ide.mcu.externaltools.gnu-tools-for-stm32.7-2018-q2-update.win32_1.0.0.201904181610/tools/bin/../lib/gcc/arm-none-eabi/7.3.1/../../../../arm-none-eabi/lib/thumb/v7e-m/fpv5/hard\libc_nano.a(lib_a-strlen.o)
                0x0000000008000240                strlen
 .text          0x0000000008000250       0xa0 c:/st/stm32cubeide_1.3.0/stm32cubeide/plugins/com.st.stm32cube.ide.mcu.externaltools.gnu-tools-for-stm32.7-2018-q2-update.win32_1.0.0.201904181610/tools/bin/../lib/gcc/arm-none-eabi/7.3.1/../../../../arm-none-eabi/lib/thumb/v7e-m/fpv5/hard\libc_nano.a(lib_a-memchr.o)
                0x0000000008000250                memchr
 .text          0x00000000080002f0       0x30 c:/st/stm32cubeide_1.3.0/stm32cubeide/plugins/com.st.stm32cube.ide.mcu.externaltools.gnu-tools-for-stm32.7-2018-q2-update.win32_1.0.0.201904181610/tools/bin/../lib/gcc/arm-none-eabi/7.3.1/thumb/v7e-m/fpv5/hard\libgcc.a(_aeabi_uldivmod.o)
                0x00000000080002f0                __aeabi_uldivmod
 .text          0x0000000008000320      0x2cc c:/st/stm32cubeide_1.3.0/stm32cubeide/plugins/com.st.stm32cube.ide.mcu.externaltools.gnu-tools-for-stm32.7-2018-q2-update.win32_1.0.0.201904181610/tools/bin/../lib/gcc/arm-none-eabi/7.3.1/thumb/v7e-m/fpv5/hard\libgcc.a(_udivmoddi4.o)
                0x0000000008000320                __udivmoddi4
 .text          0x00000000080005ec        0x4 c:/st/stm32cubeide_1.3.0/stm32cubeide/plugins/com.st.stm32cube.ide.mcu.externaltools.gnu-tools-for-stm32.7-2018-q2-update.win32_1.0.0.201904181610/tools/bin/../lib/gcc/arm-none-eabi/7.3.1/thumb/v7e-m/fpv5/hard\libgcc.a(_dvmd_tls.o)
                0x00000000080005ec                __aeabi_idiv0
                0x00000000080005ec                __aeabi_ldiv0
 *(.text*)
 .text.start_pwm1
                0x00000000080005f0       0x38 Core/GPIO/Src/PWMControl.o
                0x00000000080005f0                start_pwm1
 .text.start_pwm2
                0x0000000008000628       0x28 Core/GPIO/Src/PWMControl.o
                0x0000000008000628                start_pwm2
 .text.CheckButton
                0x0000000008000650      0x240 Core/GPIO/Src/PushButton.o
                0x0000000008000650                CheckButton
 .text.QSPI_Init
                0x0000000008000890       0x20 Core/Peripherals/Src/FlashQSPIAgent.o
                0x0000000008000890                QSPI_Init
 .text.QSPI_Erase_Sector4K
                0x00000000080008b0       0x84 Core/Peripherals/Src/FlashQSPIAgent.o
                0x00000000080008b0                QSPI_Erase_Sector4K
 .text.QSPI_Write
                0x0000000008000934      0x120 Core/Peripherals/Src/FlashQSPIAgent.o
                0x0000000008000934                QSPI_Write
 .text.QSPI_Read
                0x0000000008000a54       0x84 Core/Peripherals/Src/FlashQSPIAgent.o
                0x0000000008000a54                QSPI_Read
 .text.QSPI_WriteEnable
                0x0000000008000ad8       0x94 Core/Peripherals/Src/FlashQSPIAgent.o
                0x0000000008000ad8                QSPI_WriteEnable
 .text.QSPI_READMD
                0x0000000008000b6c       0x84 Core/Peripherals/Src/FlashQSPIAgent.o
                0x0000000008000b6c                QSPI_READMD
 .text.QSPI_AutoPolling_Write_in_progress
                0x0000000008000bf0       0x70 Core/Peripherals/Src/FlashQSPIAgent.o
                0x0000000008000bf0                QSPI_AutoPolling_Write_in_progress
 .text.QSPI_Read_Status_registers
                0x0000000008000c60      0x150 Core/Peripherals/Src/FlashQSPIAgent.o
                0x0000000008000c60                QSPI_Read_Status_registers
 .text.QSPI_Reset_Status_registers
                0x0000000008000db0      0x136 Core/Peripherals/Src/FlashQSPIAgent.o
                0x0000000008000db0                QSPI_Reset_Status_registers
 .text.QSPI_DummyCyclesCfg
                0x0000000008000ee6      0x176 Core/Peripherals/Src/FlashQSPIAgent.o
                0x0000000008000ee6                QSPI_DummyCyclesCfg
 .text.led_init
                0x000000000800105c       0x24 Core/Peripherals/Src/LED.o
                0x000000000800105c                led_init
 .text.SetRGB   0x0000000008001080       0x70 Core/Peripherals/Src/LED.o
                0x0000000008001080                SetRGB
 .text.bno055_init
                0x00000000080010f0      0x184 Core/Peripherals/Src/bno055.o
                0x00000000080010f0                bno055_init
 .text.bno055_write_register
                0x0000000008001274       0x4c Core/Peripherals/Src/bno055.o
                0x0000000008001274                bno055_write_register
 .text.bno055_write_page_id
                0x00000000080012c0       0x90 Core/Peripherals/Src/bno055.o
                0x00000000080012c0                bno055_write_page_id
 .text.bno055_read_mag_xyz
                0x0000000008001350       0xd4 Core/Peripherals/Src/bno055.o
                0x0000000008001350                bno055_read_mag_xyz
 .text.bno055_convert_double_mag_xyz_uT
                0x0000000008001424       0x8e Core/Peripherals/Src/bno055.o
                0x0000000008001424                bno055_convert_double_mag_xyz_uT
 *fill*         0x00000000080014b2        0x2 
 .text.bno055_get_operation_mode
                0x00000000080014b4       0x84 Core/Peripherals/Src/bno055.o
                0x00000000080014b4                bno055_get_operation_mode
 .text.bno055_set_operation_mode
                0x0000000008001538      0x190 Core/Peripherals/Src/bno055.o
                0x0000000008001538                bno055_set_operation_mode
 .text.bno055_set_power_mode
                0x00000000080016c8       0xf4 Core/Peripherals/Src/bno055.o
                0x00000000080016c8                bno055_set_power_mode
 .text.I2C_routine
                0x00000000080017bc       0x38 Core/Peripherals/Src/bno055_support.o
                0x00000000080017bc                I2C_routine
 .text.BNO055_I2C_bus_write
                0x00000000080017f4       0x78 Core/Peripherals/Src/bno055_support.o
                0x00000000080017f4                BNO055_I2C_bus_write
 .text.BNO055_I2C_bus_read
                0x000000000800186c       0x90 Core/Peripherals/Src/bno055_support.o
                0x000000000800186c                BNO055_I2C_bus_read
 .text.BNO055_delay_msek
                0x00000000080018fc       0x16 Core/Peripherals/Src/bno055_support.o
                0x00000000080018fc                BNO055_delay_msek
 *fill*         0x0000000008001912        0x2 
 .text.BNOInit  0x0000000008001914       0x58 Core/Peripherals/Src/bno055_support.o
                0x0000000008001914                BNOInit
 .text.readBNOMagnetometer
                0x000000000800196c       0x54 Core/Peripherals/Src/bno055_support.o
                0x000000000800196c                readBNOMagnetometer
 .text.MS56XXReset
                0x00000000080019c0       0x4c Core/Peripherals/Src/ms5611.o
                0x00000000080019c0                MS56XXReset
 .text.MS56XXReadProm
                0x0000000008001a0c       0x8c Core/Peripherals/Src/ms5611.o
                0x0000000008001a0c                MS56XXReadProm
 .text.MS56XXInit
                0x0000000008001a98       0xd4 Core/Peripherals/Src/ms5611.o
                0x0000000008001a98                MS56XXInit
 .text.MS56XXSendCmd
                0x0000000008001b6c       0x60 Core/Peripherals/Src/ms5611.o
                0x0000000008001b6c                MS56XXSendCmd
 .text.MS56XXRead3Bytes
                0x0000000008001bcc       0xa8 Core/Peripherals/Src/ms5611.o
                0x0000000008001bcc                MS56XXRead3Bytes
 .text.GetAltitudeAndTemp
                0x0000000008001c74      0x164 Core/Peripherals/Src/ms5611.o
                0x0000000008001c74                GetAltitudeAndTemp
 .text.MS56XXCyclicRead
                0x0000000008001dd8      0x110 Core/Peripherals/Src/ms5611.o
                0x0000000008001dd8                MS56XXCyclicRead
 .text.SendToScreen
                0x0000000008001ee8       0x28 Core/Peripherals/Src/terminal.o
                0x0000000008001ee8                SendToScreen
 .text.ParseRCMessage
                0x0000000008001f10       0x18 Core/Peripherals/Src/terminal.o
                0x0000000008001f10                ParseRCMessage
 .text.MX_FATFS_Init
                0x0000000008001f28       0x24 Core/Src/fatfs.o
                0x0000000008001f28                MX_FATFS_Init
 .text.get_fattime
                0x0000000008001f4c       0x10 Core/Src/fatfs.o
                0x0000000008001f4c                get_fattime
 .text.main     0x0000000008001f5c      0x2ec Core/Src/main.o
                0x0000000008001f5c                main
 .text.SystemClock_Config
                0x0000000008002248      0x150 Core/Src/main.o
                0x0000000008002248                SystemClock_Config
 .text.MX_ADC1_Init
                0x0000000008002398       0xa4 Core/Src/main.o
 .text.MX_I2C1_Init
                0x000000000800243c       0x80 Core/Src/main.o
 .text.MX_QUADSPI_Init
                0x00000000080024bc       0x58 Core/Src/main.o
 .text.MX_RTC_Init
                0x0000000008002514       0xb8 Core/Src/main.o
 .text.MX_SDMMC1_MMC_Init
                0x00000000080025cc       0x4c Core/Src/main.o
 .text.MX_SPI1_Init
                0x0000000008002618       0x7c Core/Src/main.o
 .text.MX_TIM1_Init
                0x0000000008002694      0x180 Core/Src/main.o
 .text.MX_TIM2_Init
                0x0000000008002814       0xb8 Core/Src/main.o
 .text.MX_TIM4_Init
                0x00000000080028cc       0xe4 Core/Src/main.o
 .text.MX_UART5_Init
                0x00000000080029b0       0x60 Core/Src/main.o
 .text.MX_USART2_UART_Init
                0x0000000008002a10       0x60 Core/Src/main.o
 .text.MX_DMA_Init
                0x0000000008002a70       0x4c Core/Src/main.o
 .text.MX_GPIO_Init
                0x0000000008002abc      0x1d4 Core/Src/main.o
 .text.CurrentTime
                0x0000000008002c90       0x30 Core/Src/main.o
                0x0000000008002c90                CurrentTime
 .text.measureBattery
                0x0000000008002cc0       0x4c Core/Src/main.o
                0x0000000008002cc0                measureBattery
 .text.Error_Handler
                0x0000000008002d0c        0xe Core/Src/main.o
                0x0000000008002d0c                Error_Handler
 *fill*         0x0000000008002d1a        0x2 
 .text.HAL_MspInit
                0x0000000008002d1c       0x54 Core/Src/stm32f7xx_hal_msp.o
                0x0000000008002d1c                HAL_MspInit
 .text.HAL_ADC_MspInit
                0x0000000008002d70       0x90 Core/Src/stm32f7xx_hal_msp.o
                0x0000000008002d70                HAL_ADC_MspInit
 .text.HAL_I2C_MspInit
                0x0000000008002e00       0x98 Core/Src/stm32f7xx_hal_msp.o
                0x0000000008002e00                HAL_I2C_MspInit
 .text.HAL_QSPI_MspInit
                0x0000000008002e98      0x114 Core/Src/stm32f7xx_hal_msp.o
                0x0000000008002e98                HAL_QSPI_MspInit
 .text.HAL_RTC_MspInit
                0x0000000008002fac       0x34 Core/Src/stm32f7xx_hal_msp.o
                0x0000000008002fac                HAL_RTC_MspInit
 .text.HAL_MMC_MspInit
                0x0000000008002fe0       0xc4 Core/Src/stm32f7xx_hal_msp.o
                0x0000000008002fe0                HAL_MMC_MspInit
 .text.HAL_SPI_MspInit
                0x00000000080030a4       0x88 Core/Src/stm32f7xx_hal_msp.o
                0x00000000080030a4                HAL_SPI_MspInit
 .text.HAL_TIM_IC_MspInit
                0x000000000800312c       0x88 Core/Src/stm32f7xx_hal_msp.o
                0x000000000800312c                HAL_TIM_IC_MspInit
 .text.HAL_TIM_PWM_MspInit
                0x00000000080031b4       0x64 Core/Src/stm32f7xx_hal_msp.o
                0x00000000080031b4                HAL_TIM_PWM_MspInit
 .text.HAL_TIM_MspPostInit
                0x0000000008003218      0x104 Core/Src/stm32f7xx_hal_msp.o
                0x0000000008003218                HAL_TIM_MspPostInit
 .text.HAL_UART_MspInit
                0x000000000800331c      0x1e8 Core/Src/stm32f7xx_hal_msp.o
                0x000000000800331c                HAL_UART_MspInit
 .text.NMI_Handler
                0x0000000008003504        0xc Core/Src/stm32f7xx_it.o
                0x0000000008003504                NMI_Handler
 .text.HardFault_Handler
                0x0000000008003510        0x6 Core/Src/stm32f7xx_it.o
                0x0000000008003510                HardFault_Handler
 .text.MemManage_Handler
                0x0000000008003516        0x6 Core/Src/stm32f7xx_it.o
                0x0000000008003516                MemManage_Handler
 .text.BusFault_Handler
                0x000000000800351c        0x6 Core/Src/stm32f7xx_it.o
                0x000000000800351c                BusFault_Handler
 .text.UsageFault_Handler
                0x0000000008003522        0x6 Core/Src/stm32f7xx_it.o
                0x0000000008003522                UsageFault_Handler
 .text.SVC_Handler
                0x0000000008003528        0xe Core/Src/stm32f7xx_it.o
                0x0000000008003528                SVC_Handler
 .text.DebugMon_Handler
                0x0000000008003536        0xe Core/Src/stm32f7xx_it.o
                0x0000000008003536                DebugMon_Handler
 .text.PendSV_Handler
                0x0000000008003544        0xe Core/Src/stm32f7xx_it.o
                0x0000000008003544                PendSV_Handler
 .text.SysTick_Handler
                0x0000000008003552        0xc Core/Src/stm32f7xx_it.o
                0x0000000008003552                SysTick_Handler
 .text.FLASH_IRQHandler
                0x000000000800355e        0xc Core/Src/stm32f7xx_it.o
                0x000000000800355e                FLASH_IRQHandler
 *fill*         0x000000000800356a        0x2 
 .text.DMA1_Stream5_IRQHandler
                0x000000000800356c       0x14 Core/Src/stm32f7xx_it.o
                0x000000000800356c                DMA1_Stream5_IRQHandler
 .text.DMA1_Stream6_IRQHandler
                0x0000000008003580       0x14 Core/Src/stm32f7xx_it.o
                0x0000000008003580                DMA1_Stream6_IRQHandler
 .text.ADC_IRQHandler
                0x0000000008003594       0x14 Core/Src/stm32f7xx_it.o
                0x0000000008003594                ADC_IRQHandler
 .text.I2C1_EV_IRQHandler
                0x00000000080035a8       0x14 Core/Src/stm32f7xx_it.o
                0x00000000080035a8                I2C1_EV_IRQHandler
 .text.USART2_IRQHandler
                0x00000000080035bc       0x14 Core/Src/stm32f7xx_it.o
                0x00000000080035bc                USART2_IRQHandler
 .text.UART5_IRQHandler
                0x00000000080035d0       0x14 Core/Src/stm32f7xx_it.o
                0x00000000080035d0                UART5_IRQHandler
 .text.QUADSPI_IRQHandler
                0x00000000080035e4       0x14 Core/Src/stm32f7xx_it.o
                0x00000000080035e4                QUADSPI_IRQHandler
 .text._sbrk    0x00000000080035f8       0x58 Core/Src/sysmem.o
                0x00000000080035f8                _sbrk
 .text.SystemInit
                0x0000000008003650       0x2c Core/Src/system_stm32f7xx.o
                0x0000000008003650                SystemInit
 .text.USER_initialize
                0x000000000800367c       0x28 Core/Src/user_diskio.o
                0x000000000800367c                USER_initialize
 .text.USER_status
                0x00000000080036a4       0x38 Core/Src/user_diskio.o
                0x00000000080036a4                USER_status
 .text.USER_read
                0x00000000080036dc       0x3a Core/Src/user_diskio.o
                0x00000000080036dc                USER_read
 *fill*         0x0000000008003716        0x2 
 .text.USER_write
                0x0000000008003718       0x88 Core/Src/user_diskio.o
                0x0000000008003718                USER_write
 .text.USER_ioctl
                0x00000000080037a0       0x88 Core/Src/user_diskio.o
                0x00000000080037a0                USER_ioctl
 .text.Reset_Handler
                0x0000000008003828       0x50 Core/Startup/startup_stm32f777vitx.o
                0x0000000008003828                Reset_Handler
 .text.Default_Handler
                0x0000000008003878        0x2 Core/Startup/startup_stm32f777vitx.o
                0x0000000008003878                RTC_Alarm_IRQHandler
                0x0000000008003878                HASH_RNG_IRQHandler
                0x0000000008003878                EXTI2_IRQHandler
                0x0000000008003878                TIM8_CC_IRQHandler
                0x0000000008003878                UART8_IRQHandler
                0x0000000008003878                SPI4_IRQHandler
                0x0000000008003878                TIM1_CC_IRQHandler
                0x0000000008003878                DMA2_Stream5_IRQHandler
                0x0000000008003878                JPEG_IRQHandler
                0x0000000008003878                CAN3_RX1_IRQHandler
                0x0000000008003878                PVD_IRQHandler
                0x0000000008003878                TAMP_STAMP_IRQHandler
                0x0000000008003878                CAN2_RX1_IRQHandler
                0x0000000008003878                EXTI3_IRQHandler
                0x0000000008003878                TIM8_TRG_COM_TIM14_IRQHandler
                0x0000000008003878                DFSDM1_FLT1_IRQHandler
                0x0000000008003878                TIM1_UP_TIM10_IRQHandler
                0x0000000008003878                TIM8_UP_TIM13_IRQHandler
                0x0000000008003878                I2C3_ER_IRQHandler
                0x0000000008003878                DFSDM1_FLT2_IRQHandler
                0x0000000008003878                EXTI0_IRQHandler
                0x0000000008003878                I2C2_EV_IRQHandler
                0x0000000008003878                DMA1_Stream2_IRQHandler
                0x0000000008003878                CAN1_RX0_IRQHandler
                0x0000000008003878                FPU_IRQHandler
                0x0000000008003878                OTG_HS_WKUP_IRQHandler
                0x0000000008003878                CAN3_SCE_IRQHandler
                0x0000000008003878                LTDC_ER_IRQHandler
                0x0000000008003878                CAN2_SCE_IRQHandler
                0x0000000008003878                DMA2_Stream2_IRQHandler
                0x0000000008003878                SPI1_IRQHandler
                0x0000000008003878                TIM6_DAC_IRQHandler
                0x0000000008003878                TIM1_BRK_TIM9_IRQHandler
                0x0000000008003878                DCMI_IRQHandler
                0x0000000008003878                CAN2_RX0_IRQHandler
                0x0000000008003878                DMA2_Stream3_IRQHandler
                0x0000000008003878                SAI2_IRQHandler
                0x0000000008003878                DFSDM1_FLT3_IRQHandler
                0x0000000008003878                USART6_IRQHandler
                0x0000000008003878                CAN3_RX0_IRQHandler
                0x0000000008003878                USART3_IRQHandler
                0x0000000008003878                CRYP_IRQHandler
                0x0000000008003878                CAN1_RX1_IRQHandler
                0x0000000008003878                DMA2_Stream0_IRQHandler
                0x0000000008003878                TIM4_IRQHandler
                0x0000000008003878                DMA1_Stream1_IRQHandler
                0x0000000008003878                UART4_IRQHandler
                0x0000000008003878                TIM3_IRQHandler
                0x0000000008003878                RCC_IRQHandler
                0x0000000008003878                TIM8_BRK_TIM12_IRQHandler
                0x0000000008003878                Default_Handler
                0x0000000008003878                CEC_IRQHandler
                0x0000000008003878                EXTI15_10_IRQHandler
                0x0000000008003878                DMA1_Stream7_IRQHandler
                0x0000000008003878                SPI5_IRQHandler
                0x0000000008003878                TIM7_IRQHandler
                0x0000000008003878                SDMMC1_IRQHandler
                0x0000000008003878                CAN2_TX_IRQHandler
                0x0000000008003878                TIM5_IRQHandler
                0x0000000008003878                DMA2_Stream7_IRQHandler
                0x0000000008003878                I2C3_EV_IRQHandler
                0x0000000008003878                EXTI9_5_IRQHandler
                0x0000000008003878                RTC_WKUP_IRQHandler
                0x0000000008003878                LTDC_IRQHandler
                0x0000000008003878                ETH_WKUP_IRQHandler
                0x0000000008003878                SPDIF_RX_IRQHandler
                0x0000000008003878                SPI2_IRQHandler
                0x0000000008003878                OTG_HS_EP1_IN_IRQHandler
                0x0000000008003878                DMA1_Stream0_IRQHandler
                0x0000000008003878                CAN1_TX_IRQHandler
                0x0000000008003878                EXTI4_IRQHandler
                0x0000000008003878                ETH_IRQHandler
                0x0000000008003878                OTG_HS_EP1_OUT_IRQHandler
                0x0000000008003878                WWDG_IRQHandler
                0x0000000008003878                SPI6_IRQHandler
                0x0000000008003878                MDIOS_IRQHandler
                0x0000000008003878                I2C4_EV_IRQHandler
                0x0000000008003878                CAN3_TX_IRQHandler
                0x0000000008003878                TIM2_IRQHandler
                0x0000000008003878                OTG_FS_WKUP_IRQHandler
                0x0000000008003878                TIM1_TRG_COM_TIM11_IRQHandler
                0x0000000008003878                OTG_HS_IRQHandler
                0x0000000008003878                DMA2D_IRQHandler
                0x0000000008003878                EXTI1_IRQHandler
                0x0000000008003878                SDMMC2_IRQHandler
                0x0000000008003878                UART7_IRQHandler
                0x0000000008003878                DFSDM1_FLT0_IRQHandler
                0x0000000008003878                I2C2_ER_IRQHandler
                0x0000000008003878                DMA2_Stream1_IRQHandler
                0x0000000008003878                CAN1_SCE_IRQHandler
                0x0000000008003878                DMA2_Stream4_IRQHandler
                0x0000000008003878                USART1_IRQHandler
                0x0000000008003878                OTG_FS_IRQHandler
                0x0000000008003878                SPI3_IRQHandler
                0x0000000008003878                DMA1_Stream4_IRQHandler
                0x0000000008003878                I2C1_ER_IRQHandler
                0x0000000008003878                FMC_IRQHandler
                0x0000000008003878                LPTIM1_IRQHandler
                0x0000000008003878                I2C4_ER_IRQHandler
                0x0000000008003878                DMA2_Stream6_IRQHandler
                0x0000000008003878                SAI1_IRQHandler
                0x0000000008003878                DMA1_Stream3_IRQHandler
 .text.HAL_Init
                0x000000000800387a       0x1a Drivers/STM32F7xx_HAL_Driver/Src/stm32f7xx_hal.o
                0x000000000800387a                HAL_Init
 .text.HAL_InitTick
                0x0000000008003894       0x60 Drivers/STM32F7xx_HAL_Driver/Src/stm32f7xx_hal.o
                0x0000000008003894                HAL_InitTick
 .text.HAL_IncTick
                0x00000000080038f4       0x28 Drivers/STM32F7xx_HAL_Driver/Src/stm32f7xx_hal.o
                0x00000000080038f4                HAL_IncTick
 .text.HAL_GetTick
                0x000000000800391c       0x18 Drivers/STM32F7xx_HAL_Driver/Src/stm32f7xx_hal.o
                0x000000000800391c                HAL_GetTick
 .text.HAL_Delay
                0x0000000008003934       0x44 Drivers/STM32F7xx_HAL_Driver/Src/stm32f7xx_hal.o
                0x0000000008003934                HAL_Delay
 .text.HAL_ADC_Init
                0x0000000008003978       0x88 Drivers/STM32F7xx_HAL_Driver/Src/stm32f7xx_hal_adc.o
                0x0000000008003978                HAL_ADC_Init
 .text.HAL_ADC_Start
                0x0000000008003a00      0x180 Drivers/STM32F7xx_HAL_Driver/Src/stm32f7xx_hal_adc.o
                0x0000000008003a00                HAL_ADC_Start
 .text.HAL_ADC_IRQHandler
                0x0000000008003b80      0x282 Drivers/STM32F7xx_HAL_Driver/Src/stm32f7xx_hal_adc.o
                0x0000000008003b80                HAL_ADC_IRQHandler
 .text.HAL_ADC_GetValue
                0x0000000008003e02       0x1a Drivers/STM32F7xx_HAL_Driver/Src/stm32f7xx_hal_adc.o
                0x0000000008003e02                HAL_ADC_GetValue
 .text.HAL_ADC_ConvCpltCallback
                0x0000000008003e1c       0x14 Drivers/STM32F7xx_HAL_Driver/Src/stm32f7xx_hal_adc.o
                0x0000000008003e1c                HAL_ADC_ConvCpltCallback
 .text.HAL_ADC_LevelOutOfWindowCallback
                0x0000000008003e30       0x14 Drivers/STM32F7xx_HAL_Driver/Src/stm32f7xx_hal_adc.o
                0x0000000008003e30                HAL_ADC_LevelOutOfWindowCallback
 .text.HAL_ADC_ErrorCallback
                0x0000000008003e44       0x14 Drivers/STM32F7xx_HAL_Driver/Src/stm32f7xx_hal_adc.o
                0x0000000008003e44                HAL_ADC_ErrorCallback
 .text.HAL_ADC_ConfigChannel
                0x0000000008003e58      0x294 Drivers/STM32F7xx_HAL_Driver/Src/stm32f7xx_hal_adc.o
                0x0000000008003e58                HAL_ADC_ConfigChannel
 .text.ADC_Init
                0x00000000080040ec      0x1f4 Drivers/STM32F7xx_HAL_Driver/Src/stm32f7xx_hal_adc.o
 .text.HAL_ADCEx_InjectedConvCpltCallback
                0x00000000080042e0       0x14 Drivers/STM32F7xx_HAL_Driver/Src/stm32f7xx_hal_adc_ex.o
                0x00000000080042e0                HAL_ADCEx_InjectedConvCpltCallback
 .text.__NVIC_SetPriorityGrouping
                0x00000000080042f4       0x48 Drivers/STM32F7xx_HAL_Driver/Src/stm32f7xx_hal_cortex.o
 .text.__NVIC_GetPriorityGrouping
                0x000000000800433c       0x1c Drivers/STM32F7xx_HAL_Driver/Src/stm32f7xx_hal_cortex.o
 .text.__NVIC_EnableIRQ
                0x0000000008004358       0x3c Drivers/STM32F7xx_HAL_Driver/Src/stm32f7xx_hal_cortex.o
 .text.__NVIC_SetPriority
                0x0000000008004394       0x54 Drivers/STM32F7xx_HAL_Driver/Src/stm32f7xx_hal_cortex.o
 .text.NVIC_EncodePriority
                0x00000000080043e8       0x66 Drivers/STM32F7xx_HAL_Driver/Src/stm32f7xx_hal_cortex.o
 *fill*         0x000000000800444e        0x2 
 .text.SysTick_Config
                0x0000000008004450       0x44 Drivers/STM32F7xx_HAL_Driver/Src/stm32f7xx_hal_cortex.o
 .text.HAL_NVIC_SetPriorityGrouping
                0x0000000008004494       0x16 Drivers/STM32F7xx_HAL_Driver/Src/stm32f7xx_hal_cortex.o
                0x0000000008004494                HAL_NVIC_SetPriorityGrouping
 .text.HAL_NVIC_SetPriority
                0x00000000080044aa       0x38 Drivers/STM32F7xx_HAL_Driver/Src/stm32f7xx_hal_cortex.o
                0x00000000080044aa                HAL_NVIC_SetPriority
 .text.HAL_NVIC_EnableIRQ
                0x00000000080044e2       0x1c Drivers/STM32F7xx_HAL_Driver/Src/stm32f7xx_hal_cortex.o
                0x00000000080044e2                HAL_NVIC_EnableIRQ
 .text.HAL_SYSTICK_Config
                0x00000000080044fe       0x18 Drivers/STM32F7xx_HAL_Driver/Src/stm32f7xx_hal_cortex.o
                0x00000000080044fe                HAL_SYSTICK_Config
 *fill*         0x0000000008004516        0x2 
 .text.HAL_DMA_Init
                0x0000000008004518      0x15c Drivers/STM32F7xx_HAL_Driver/Src/stm32f7xx_hal_dma.o
                0x0000000008004518                HAL_DMA_Init
 .text.HAL_DMA_Start_IT
                0x0000000008004674       0xc0 Drivers/STM32F7xx_HAL_Driver/Src/stm32f7xx_hal_dma.o
                0x0000000008004674                HAL_DMA_Start_IT
 .text.HAL_DMA_Abort_IT
                0x0000000008004734       0x44 Drivers/STM32F7xx_HAL_Driver/Src/stm32f7xx_hal_dma.o
                0x0000000008004734                HAL_DMA_Abort_IT
 .text.HAL_DMA_IRQHandler
                0x0000000008004778      0x314 Drivers/STM32F7xx_HAL_Driver/Src/stm32f7xx_hal_dma.o
                0x0000000008004778                HAL_DMA_IRQHandler
 .text.DMA_SetConfig
                0x0000000008004a8c       0x5c Drivers/STM32F7xx_HAL_Driver/Src/stm32f7xx_hal_dma.o
 .text.DMA_CalcBaseAndBitshift
                0x0000000008004ae8       0x6c Drivers/STM32F7xx_HAL_Driver/Src/stm32f7xx_hal_dma.o
 .text.DMA_CheckFifoParam
                0x0000000008004b54       0xf4 Drivers/STM32F7xx_HAL_Driver/Src/stm32f7xx_hal_dma.o
 .text.HAL_FLASH_IRQHandler
                0x0000000008004c48      0x160 Drivers/STM32F7xx_HAL_Driver/Src/stm32f7xx_hal_flash.o
                0x0000000008004c48                HAL_FLASH_IRQHandler
 .text.HAL_FLASH_EndOfOperationCallback
                0x0000000008004da8       0x14 Drivers/STM32F7xx_HAL_Driver/Src/stm32f7xx_hal_flash.o
                0x0000000008004da8                HAL_FLASH_EndOfOperationCallback
 .text.HAL_FLASH_OperationErrorCallback
                0x0000000008004dbc       0x14 Drivers/STM32F7xx_HAL_Driver/Src/stm32f7xx_hal_flash.o
                0x0000000008004dbc                HAL_FLASH_OperationErrorCallback
 .text.FLASH_SetErrorCode
                0x0000000008004dd0       0x94 Drivers/STM32F7xx_HAL_Driver/Src/stm32f7xx_hal_flash.o
 .text.FLASH_Erase_Sector
                0x0000000008004e64       0xa0 Drivers/STM32F7xx_HAL_Driver/Src/stm32f7xx_hal_flash_ex.o
                0x0000000008004e64                FLASH_Erase_Sector
 .text.HAL_GPIO_Init
                0x0000000008004f04      0x354 Drivers/STM32F7xx_HAL_Driver/Src/stm32f7xx_hal_gpio.o
                0x0000000008004f04                HAL_GPIO_Init
 .text.HAL_GPIO_ReadPin
                0x0000000008005258       0x30 Drivers/STM32F7xx_HAL_Driver/Src/stm32f7xx_hal_gpio.o
                0x0000000008005258                HAL_GPIO_ReadPin
 .text.HAL_GPIO_WritePin
                0x0000000008005288       0x32 Drivers/STM32F7xx_HAL_Driver/Src/stm32f7xx_hal_gpio.o
                0x0000000008005288                HAL_GPIO_WritePin
 *fill*         0x00000000080052ba        0x2 
 .text.HAL_I2C_Init
                0x00000000080052bc      0x120 Drivers/STM32F7xx_HAL_Driver/Src/stm32f7xx_hal_i2c.o
                0x00000000080052bc                HAL_I2C_Init
 .text.HAL_I2C_Master_Transmit
                0x00000000080053dc      0x1e8 Drivers/STM32F7xx_HAL_Driver/Src/stm32f7xx_hal_i2c.o
                0x00000000080053dc                HAL_I2C_Master_Transmit
 .text.HAL_I2C_Master_Receive
                0x00000000080055c4      0x1ec Drivers/STM32F7xx_HAL_Driver/Src/stm32f7xx_hal_i2c.o
                0x00000000080055c4                HAL_I2C_Master_Receive
 .text.HAL_I2C_EV_IRQHandler
                0x00000000080057b0       0x34 Drivers/STM32F7xx_HAL_Driver/Src/stm32f7xx_hal_i2c.o
                0x00000000080057b0                HAL_I2C_EV_IRQHandler
 .text.I2C_Flush_TXDR
                0x00000000080057e4       0x48 Drivers/STM32F7xx_HAL_Driver/Src/stm32f7xx_hal_i2c.o
 .text.I2C_WaitOnFlagUntilTimeout
                0x000000000800582c       0x80 Drivers/STM32F7xx_HAL_Driver/Src/stm32f7xx_hal_i2c.o
 .text.I2C_WaitOnTXISFlagUntilTimeout
                0x00000000080058ac       0x80 Drivers/STM32F7xx_HAL_Driver/Src/stm32f7xx_hal_i2c.o
 .text.I2C_WaitOnSTOPFlagUntilTimeout
                0x000000000800592c       0x78 Drivers/STM32F7xx_HAL_Driver/Src/stm32f7xx_hal_i2c.o
 .text.I2C_WaitOnRXNEFlagUntilTimeout
                0x00000000080059a4       0xd8 Drivers/STM32F7xx_HAL_Driver/Src/stm32f7xx_hal_i2c.o
 .text.I2C_IsAcknowledgeFailed
                0x0000000008005a7c       0xcc Drivers/STM32F7xx_HAL_Driver/Src/stm32f7xx_hal_i2c.o
 .text.I2C_TransferConfig
                0x0000000008005b48       0x5c Drivers/STM32F7xx_HAL_Driver/Src/stm32f7xx_hal_i2c.o
 .text.HAL_I2CEx_ConfigAnalogFilter
                0x0000000008005ba4       0x96 Drivers/STM32F7xx_HAL_Driver/Src/stm32f7xx_hal_i2c_ex.o
                0x0000000008005ba4                HAL_I2CEx_ConfigAnalogFilter
 .text.HAL_I2CEx_ConfigDigitalFilter
                0x0000000008005c3a       0x98 Drivers/STM32F7xx_HAL_Driver/Src/stm32f7xx_hal_i2c_ex.o
                0x0000000008005c3a                HAL_I2CEx_ConfigDigitalFilter
 .text.HAL_MMC_Init
                0x0000000008005cd2       0x60 Drivers/STM32F7xx_HAL_Driver/Src/stm32f7xx_hal_mmc.o
                0x0000000008005cd2                HAL_MMC_Init
 .text.HAL_MMC_InitCard
                0x0000000008005d32       0xe2 Drivers/STM32F7xx_HAL_Driver/Src/stm32f7xx_hal_mmc.o
                0x0000000008005d32                HAL_MMC_InitCard
 .text.HAL_MMC_GetCardCSD
                0x0000000008005e14      0x2d6 Drivers/STM32F7xx_HAL_Driver/Src/stm32f7xx_hal_mmc.o
                0x0000000008005e14                HAL_MMC_GetCardCSD
 .text.MMC_InitCard
                0x00000000080060ea      0x180 Drivers/STM32F7xx_HAL_Driver/Src/stm32f7xx_hal_mmc.o
 *fill*         0x000000000800626a        0x2 
 .text.MMC_PowerON
                0x000000000800626c       0xa0 Drivers/STM32F7xx_HAL_Driver/Src/stm32f7xx_hal_mmc.o
 .text.HAL_PWR_EnableBkUpAccess
                0x000000000800630c       0x20 Drivers/STM32F7xx_HAL_Driver/Src/stm32f7xx_hal_pwr.o
                0x000000000800630c                HAL_PWR_EnableBkUpAccess
 .text.HAL_PWREx_EnableOverDrive
                0x000000000800632c       0xa0 Drivers/STM32F7xx_HAL_Driver/Src/stm32f7xx_hal_pwr_ex.o
                0x000000000800632c                HAL_PWREx_EnableOverDrive
 .text.HAL_QSPI_Init
                0x00000000080063cc       0xf8 Drivers/STM32F7xx_HAL_Driver/Src/stm32f7xx_hal_qspi.o
                0x00000000080063cc                HAL_QSPI_Init
 .text.HAL_QSPI_IRQHandler
                0x00000000080064c4      0x374 Drivers/STM32F7xx_HAL_Driver/Src/stm32f7xx_hal_qspi.o
                0x00000000080064c4                HAL_QSPI_IRQHandler
 .text.HAL_QSPI_Command
                0x0000000008006838       0xbc Drivers/STM32F7xx_HAL_Driver/Src/stm32f7xx_hal_qspi.o
                0x0000000008006838                HAL_QSPI_Command
 .text.HAL_QSPI_Transmit
                0x00000000080068f4      0x124 Drivers/STM32F7xx_HAL_Driver/Src/stm32f7xx_hal_qspi.o
                0x00000000080068f4                HAL_QSPI_Transmit
 .text.HAL_QSPI_Receive
                0x0000000008006a18      0x13a Drivers/STM32F7xx_HAL_Driver/Src/stm32f7xx_hal_qspi.o
                0x0000000008006a18                HAL_QSPI_Receive
 .text.HAL_QSPI_AutoPolling
                0x0000000008006b52       0xee Drivers/STM32F7xx_HAL_Driver/Src/stm32f7xx_hal_qspi.o
                0x0000000008006b52                HAL_QSPI_AutoPolling
 .text.HAL_QSPI_ErrorCallback
                0x0000000008006c40       0x14 Drivers/STM32F7xx_HAL_Driver/Src/stm32f7xx_hal_qspi.o
                0x0000000008006c40                HAL_QSPI_ErrorCallback
 .text.HAL_QSPI_AbortCpltCallback
                0x0000000008006c54       0x14 Drivers/STM32F7xx_HAL_Driver/Src/stm32f7xx_hal_qspi.o
                0x0000000008006c54                HAL_QSPI_AbortCpltCallback
 .text.HAL_QSPI_CmdCpltCallback
                0x0000000008006c68       0x14 Drivers/STM32F7xx_HAL_Driver/Src/stm32f7xx_hal_qspi.o
                0x0000000008006c68                HAL_QSPI_CmdCpltCallback
 .text.HAL_QSPI_RxCpltCallback
                0x0000000008006c7c       0x14 Drivers/STM32F7xx_HAL_Driver/Src/stm32f7xx_hal_qspi.o
                0x0000000008006c7c                HAL_QSPI_RxCpltCallback
 .text.HAL_QSPI_TxCpltCallback
                0x0000000008006c90       0x14 Drivers/STM32F7xx_HAL_Driver/Src/stm32f7xx_hal_qspi.o
                0x0000000008006c90                HAL_QSPI_TxCpltCallback
 .text.HAL_QSPI_FifoThresholdCallback
                0x0000000008006ca4       0x14 Drivers/STM32F7xx_HAL_Driver/Src/stm32f7xx_hal_qspi.o
                0x0000000008006ca4                HAL_QSPI_FifoThresholdCallback
 .text.HAL_QSPI_StatusMatchCallback
                0x0000000008006cb8       0x14 Drivers/STM32F7xx_HAL_Driver/Src/stm32f7xx_hal_qspi.o
                0x0000000008006cb8                HAL_QSPI_StatusMatchCallback
 .text.HAL_QSPI_TimeOutCallback
                0x0000000008006ccc       0x14 Drivers/STM32F7xx_HAL_Driver/Src/stm32f7xx_hal_qspi.o
                0x0000000008006ccc                HAL_QSPI_TimeOutCallback
 .text.HAL_QSPI_SetTimeout
                0x0000000008006ce0       0x1c Drivers/STM32F7xx_HAL_Driver/Src/stm32f7xx_hal_qspi.o
                0x0000000008006ce0                HAL_QSPI_SetTimeout
 .text.QSPI_DMAAbortCplt
                0x0000000008006cfc       0x66 Drivers/STM32F7xx_HAL_Driver/Src/stm32f7xx_hal_qspi.o
 .text.QSPI_WaitFlagStateUntilTimeout
                0x0000000008006d62       0x6e Drivers/STM32F7xx_HAL_Driver/Src/stm32f7xx_hal_qspi.o
 .text.QSPI_Config
                0x0000000008006dd0      0x30c Drivers/STM32F7xx_HAL_Driver/Src/stm32f7xx_hal_qspi.o
 .text.HAL_RCC_OscConfig
                0x00000000080070dc      0x55c Drivers/STM32F7xx_HAL_Driver/Src/stm32f7xx_hal_rcc.o
                0x00000000080070dc                HAL_RCC_OscConfig
 .text.HAL_RCC_ClockConfig
                0x0000000008007638      0x1d8 Drivers/STM32F7xx_HAL_Driver/Src/stm32f7xx_hal_rcc.o
                0x0000000008007638                HAL_RCC_ClockConfig
 .text.HAL_RCC_EnableCSS
                0x0000000008007810       0x20 Drivers/STM32F7xx_HAL_Driver/Src/stm32f7xx_hal_rcc.o
                0x0000000008007810                HAL_RCC_EnableCSS
 .text.HAL_RCC_GetSysClockFreq
                0x0000000008007830      0x164 Drivers/STM32F7xx_HAL_Driver/Src/stm32f7xx_hal_rcc.o
                0x0000000008007830                HAL_RCC_GetSysClockFreq
 .text.HAL_RCC_GetHCLKFreq
                0x0000000008007994       0x18 Drivers/STM32F7xx_HAL_Driver/Src/stm32f7xx_hal_rcc.o
                0x0000000008007994                HAL_RCC_GetHCLKFreq
 .text.HAL_RCC_GetPCLK1Freq
                0x00000000080079ac       0x28 Drivers/STM32F7xx_HAL_Driver/Src/stm32f7xx_hal_rcc.o
                0x00000000080079ac                HAL_RCC_GetPCLK1Freq
 .text.HAL_RCC_GetPCLK2Freq
                0x00000000080079d4       0x28 Drivers/STM32F7xx_HAL_Driver/Src/stm32f7xx_hal_rcc.o
                0x00000000080079d4                HAL_RCC_GetPCLK2Freq
 .text.HAL_RCC_NMI_IRQHandler
                0x00000000080079fc       0x28 Drivers/STM32F7xx_HAL_Driver/Src/stm32f7xx_hal_rcc.o
                0x00000000080079fc                HAL_RCC_NMI_IRQHandler
 .text.HAL_RCC_CSSCallback
                0x0000000008007a24        0xe Drivers/STM32F7xx_HAL_Driver/Src/stm32f7xx_hal_rcc.o
                0x0000000008007a24                HAL_RCC_CSSCallback
 *fill*         0x0000000008007a32        0x2 
 .text.HAL_RCCEx_PeriphCLKConfig
                0x0000000008007a34      0x84c Drivers/STM32F7xx_HAL_Driver/Src/stm32f7xx_hal_rcc_ex.o
                0x0000000008007a34                HAL_RCCEx_PeriphCLKConfig
 .text.HAL_RTC_Init
                0x0000000008008280       0xf8 Drivers/STM32F7xx_HAL_Driver/Src/stm32f7xx_hal_rtc.o
                0x0000000008008280                HAL_RTC_Init
 .text.HAL_RTC_SetTime
                0x0000000008008378      0x17c Drivers/STM32F7xx_HAL_Driver/Src/stm32f7xx_hal_rtc.o
                0x0000000008008378                HAL_RTC_SetTime
 .text.HAL_RTC_SetDate
                0x00000000080084f4      0x150 Drivers/STM32F7xx_HAL_Driver/Src/stm32f7xx_hal_rtc.o
                0x00000000080084f4                HAL_RTC_SetDate
 .text.HAL_RTC_WaitForSynchro
                0x0000000008008644       0x50 Drivers/STM32F7xx_HAL_Driver/Src/stm32f7xx_hal_rtc.o
                0x0000000008008644                HAL_RTC_WaitForSynchro
 .text.RTC_EnterInitMode
                0x0000000008008694       0x58 Drivers/STM32F7xx_HAL_Driver/Src/stm32f7xx_hal_rtc.o
                0x0000000008008694                RTC_EnterInitMode
 .text.RTC_ByteToBcd2
                0x00000000080086ec       0x3c Drivers/STM32F7xx_HAL_Driver/Src/stm32f7xx_hal_rtc.o
                0x00000000080086ec                RTC_ByteToBcd2
 .text.HAL_SPI_Init
                0x0000000008008728      0x124 Drivers/STM32F7xx_HAL_Driver/Src/stm32f7xx_hal_spi.o
                0x0000000008008728                HAL_SPI_Init
 .text.HAL_SPI_Transmit
                0x000000000800884c      0x2cc Drivers/STM32F7xx_HAL_Driver/Src/stm32f7xx_hal_spi.o
                0x000000000800884c                HAL_SPI_Transmit
 .text.HAL_SPI_Receive
                0x0000000008008b18      0x250 Drivers/STM32F7xx_HAL_Driver/Src/stm32f7xx_hal_spi.o
                0x0000000008008b18                HAL_SPI_Receive
 .text.HAL_SPI_TransmitReceive
                0x0000000008008d68      0x426 Drivers/STM32F7xx_HAL_Driver/Src/stm32f7xx_hal_spi.o
                0x0000000008008d68                HAL_SPI_TransmitReceive
 .text.HAL_SPI_GetState
                0x000000000800918e       0x1c Drivers/STM32F7xx_HAL_Driver/Src/stm32f7xx_hal_spi.o
                0x000000000800918e                HAL_SPI_GetState
 .text.SPI_WaitFlagStateUntilTimeout
                0x00000000080091aa       0xd4 Drivers/STM32F7xx_HAL_Driver/Src/stm32f7xx_hal_spi.o
 .text.SPI_WaitFifoStateUntilTimeout
                0x000000000800927e       0xda Drivers/STM32F7xx_HAL_Driver/Src/stm32f7xx_hal_spi.o
 .text.SPI_EndRxTransaction
                0x0000000008009358       0xb0 Drivers/STM32F7xx_HAL_Driver/Src/stm32f7xx_hal_spi.o
 .text.SPI_EndRxTxTransaction
                0x0000000008009408       0x8c Drivers/STM32F7xx_HAL_Driver/Src/stm32f7xx_hal_spi.o
 .text.HAL_TIM_PWM_Init
                0x0000000008009494       0x56 Drivers/STM32F7xx_HAL_Driver/Src/stm32f7xx_hal_tim.o
                0x0000000008009494                HAL_TIM_PWM_Init
 *fill*         0x00000000080094ea        0x2 
 .text.HAL_TIM_PWM_Start
                0x00000000080094ec       0x88 Drivers/STM32F7xx_HAL_Driver/Src/stm32f7xx_hal_tim.o
                0x00000000080094ec                HAL_TIM_PWM_Start
 .text.HAL_TIM_IC_Init
                0x0000000008009574       0x56 Drivers/STM32F7xx_HAL_Driver/Src/stm32f7xx_hal_tim.o
                0x0000000008009574                HAL_TIM_IC_Init
 .text.HAL_TIM_IC_ConfigChannel
                0x00000000080095ca      0x138 Drivers/STM32F7xx_HAL_Driver/Src/stm32f7xx_hal_tim.o
                0x00000000080095ca                HAL_TIM_IC_ConfigChannel
 *fill*         0x0000000008009702        0x2 
 .text.HAL_TIM_PWM_ConfigChannel
                0x0000000008009704      0x230 Drivers/STM32F7xx_HAL_Driver/Src/stm32f7xx_hal_tim.o
                0x0000000008009704                HAL_TIM_PWM_ConfigChannel
 .text.TIM_Base_SetConfig
                0x0000000008009934      0x140 Drivers/STM32F7xx_HAL_Driver/Src/stm32f7xx_hal_tim.o
                0x0000000008009934                TIM_Base_SetConfig
 .text.TIM_OC1_SetConfig
                0x0000000008009a74       0xe4 Drivers/STM32F7xx_HAL_Driver/Src/stm32f7xx_hal_tim.o
 .text.TIM_OC2_SetConfig
                0x0000000008009b58       0xf0 Drivers/STM32F7xx_HAL_Driver/Src/stm32f7xx_hal_tim.o
                0x0000000008009b58                TIM_OC2_SetConfig
 .text.TIM_OC3_SetConfig
                0x0000000008009c48       0xec Drivers/STM32F7xx_HAL_Driver/Src/stm32f7xx_hal_tim.o
 .text.TIM_OC4_SetConfig
                0x0000000008009d34       0xb0 Drivers/STM32F7xx_HAL_Driver/Src/stm32f7xx_hal_tim.o
 .text.TIM_OC5_SetConfig
                0x0000000008009de4       0xa4 Drivers/STM32F7xx_HAL_Driver/Src/stm32f7xx_hal_tim.o
 .text.TIM_OC6_SetConfig
                0x0000000008009e88       0xa8 Drivers/STM32F7xx_HAL_Driver/Src/stm32f7xx_hal_tim.o
 .text.TIM_TI1_SetConfig
                0x0000000008009f30       0xe8 Drivers/STM32F7xx_HAL_Driver/Src/stm32f7xx_hal_tim.o
                0x0000000008009f30                TIM_TI1_SetConfig
 .text.TIM_TI2_SetConfig
                0x000000000800a018       0x7a Drivers/STM32F7xx_HAL_Driver/Src/stm32f7xx_hal_tim.o
 .text.TIM_TI3_SetConfig
                0x000000000800a092       0x78 Drivers/STM32F7xx_HAL_Driver/Src/stm32f7xx_hal_tim.o
 .text.TIM_TI4_SetConfig
                0x000000000800a10a       0x7a Drivers/STM32F7xx_HAL_Driver/Src/stm32f7xx_hal_tim.o
 .text.TIM_CCxChannelCmd
                0x000000000800a184       0x4a Drivers/STM32F7xx_HAL_Driver/Src/stm32f7xx_hal_tim.o
                0x000000000800a184                TIM_CCxChannelCmd
 *fill*         0x000000000800a1ce        0x2 
 .text.HAL_TIMEx_MasterConfigSynchronization
                0x000000000800a1d0      0x11c Drivers/STM32F7xx_HAL_Driver/Src/stm32f7xx_hal_tim_ex.o
                0x000000000800a1d0                HAL_TIMEx_MasterConfigSynchronization
 .text.HAL_TIMEx_ConfigBreakDeadTime
                0x000000000800a2ec       0xfc Drivers/STM32F7xx_HAL_Driver/Src/stm32f7xx_hal_tim_ex.o
                0x000000000800a2ec                HAL_TIMEx_ConfigBreakDeadTime
 .text.HAL_UART_Init
                0x000000000800a3e8       0x9c Drivers/STM32F7xx_HAL_Driver/Src/stm32f7xx_hal_uart.o
                0x000000000800a3e8                HAL_UART_Init
 .text.HAL_UART_Transmit
                0x000000000800a484      0x122 Drivers/STM32F7xx_HAL_Driver/Src/stm32f7xx_hal_uart.o
                0x000000000800a484                HAL_UART_Transmit
 *fill*         0x000000000800a5a6        0x2 
 .text.HAL_UART_Transmit_DMA
                0x000000000800a5a8       0xf8 Drivers/STM32F7xx_HAL_Driver/Src/stm32f7xx_hal_uart.o
                0x000000000800a5a8                HAL_UART_Transmit_DMA
 .text.HAL_UART_Receive_DMA
                0x000000000800a6a0      0x108 Drivers/STM32F7xx_HAL_Driver/Src/stm32f7xx_hal_uart.o
                0x000000000800a6a0                HAL_UART_Receive_DMA
 .text.HAL_UART_IRQHandler
                0x000000000800a7a8      0x28c Drivers/STM32F7xx_HAL_Driver/Src/stm32f7xx_hal_uart.o
                0x000000000800a7a8                HAL_UART_IRQHandler
 .text.HAL_UART_TxCpltCallback
                0x000000000800aa34       0x14 Drivers/STM32F7xx_HAL_Driver/Src/stm32f7xx_hal_uart.o
                0x000000000800aa34                HAL_UART_TxCpltCallback
 .text.HAL_UART_TxHalfCpltCallback
                0x000000000800aa48       0x14 Drivers/STM32F7xx_HAL_Driver/Src/stm32f7xx_hal_uart.o
                0x000000000800aa48                HAL_UART_TxHalfCpltCallback
 .text.HAL_UART_RxCpltCallback
                0x000000000800aa5c       0x14 Drivers/STM32F7xx_HAL_Driver/Src/stm32f7xx_hal_uart.o
                0x000000000800aa5c                HAL_UART_RxCpltCallback
 .text.HAL_UART_RxHalfCpltCallback
                0x000000000800aa70       0x14 Drivers/STM32F7xx_HAL_Driver/Src/stm32f7xx_hal_uart.o
                0x000000000800aa70                HAL_UART_RxHalfCpltCallback
 .text.HAL_UART_ErrorCallback
                0x000000000800aa84       0x14 Drivers/STM32F7xx_HAL_Driver/Src/stm32f7xx_hal_uart.o
                0x000000000800aa84                HAL_UART_ErrorCallback
 .text.HAL_UARTEx_WakeupCallback
                0x000000000800aa98       0x14 Drivers/STM32F7xx_HAL_Driver/Src/stm32f7xx_hal_uart.o
                0x000000000800aa98                HAL_UARTEx_WakeupCallback
 .text.UART_SetConfig
                0x000000000800aaac      0x554 Drivers/STM32F7xx_HAL_Driver/Src/stm32f7xx_hal_uart.o
                0x000000000800aaac                UART_SetConfig
 .text.UART_AdvFeatureConfig
                0x000000000800b000      0x144 Drivers/STM32F7xx_HAL_Driver/Src/stm32f7xx_hal_uart.o
                0x000000000800b000                UART_AdvFeatureConfig
 .text.UART_CheckIdleState
                0x000000000800b144       0x8a Drivers/STM32F7xx_HAL_Driver/Src/stm32f7xx_hal_uart.o
                0x000000000800b144                UART_CheckIdleState
 .text.UART_WaitOnFlagUntilTimeout
                0x000000000800b1ce       0xf6 Drivers/STM32F7xx_HAL_Driver/Src/stm32f7xx_hal_uart.o
                0x000000000800b1ce                UART_WaitOnFlagUntilTimeout
 .text.UART_EndTxTransfer
                0x000000000800b2c4       0x2a Drivers/STM32F7xx_HAL_Driver/Src/stm32f7xx_hal_uart.o
 .text.UART_EndRxTransfer
                0x000000000800b2ee       0x40 Drivers/STM32F7xx_HAL_Driver/Src/stm32f7xx_hal_uart.o
 .text.UART_DMATransmitCplt
                0x000000000800b32e       0x50 Drivers/STM32F7xx_HAL_Driver/Src/stm32f7xx_hal_uart.o
 .text.UART_DMATxHalfCplt
                0x000000000800b37e       0x1c Drivers/STM32F7xx_HAL_Driver/Src/stm32f7xx_hal_uart.o
 .text.UART_DMAReceiveCplt
                0x000000000800b39a       0x64 Drivers/STM32F7xx_HAL_Driver/Src/stm32f7xx_hal_uart.o
 .text.UART_DMARxHalfCplt
                0x000000000800b3fe       0x1c Drivers/STM32F7xx_HAL_Driver/Src/stm32f7xx_hal_uart.o
 .text.UART_DMAError
                0x000000000800b41a       0x78 Drivers/STM32F7xx_HAL_Driver/Src/stm32f7xx_hal_uart.o
 .text.UART_DMAAbortOnError
                0x000000000800b492       0x2c Drivers/STM32F7xx_HAL_Driver/Src/stm32f7xx_hal_uart.o
 .text.UART_EndTransmit_IT
                0x000000000800b4be       0x32 Drivers/STM32F7xx_HAL_Driver/Src/stm32f7xx_hal_uart.o
 .text.SDMMC_Init
                0x000000000800b4f0       0x58 Drivers/STM32F7xx_HAL_Driver/Src/stm32f7xx_ll_sdmmc.o
                0x000000000800b4f0                SDMMC_Init
 .text.SDMMC_PowerState_ON
                0x000000000800b548       0x1e Drivers/STM32F7xx_HAL_Driver/Src/stm32f7xx_ll_sdmmc.o
                0x000000000800b548                SDMMC_PowerState_ON
 .text.SDMMC_GetPowerState
                0x000000000800b566       0x1c Drivers/STM32F7xx_HAL_Driver/Src/stm32f7xx_ll_sdmmc.o
                0x000000000800b566                SDMMC_GetPowerState
 *fill*         0x000000000800b582        0x2 
 .text.SDMMC_SendCommand
                0x000000000800b584       0x54 Drivers/STM32F7xx_HAL_Driver/Src/stm32f7xx_ll_sdmmc.o
                0x000000000800b584                SDMMC_SendCommand
 .text.SDMMC_GetCommandResponse
                0x000000000800b5d8       0x1a Drivers/STM32F7xx_HAL_Driver/Src/stm32f7xx_ll_sdmmc.o
                0x000000000800b5d8                SDMMC_GetCommandResponse
 .text.SDMMC_GetResponse
                0x000000000800b5f2       0x26 Drivers/STM32F7xx_HAL_Driver/Src/stm32f7xx_ll_sdmmc.o
                0x000000000800b5f2                SDMMC_GetResponse
 .text.SDMMC_CmdSelDesel
                0x000000000800b618       0x46 Drivers/STM32F7xx_HAL_Driver/Src/stm32f7xx_ll_sdmmc.o
                0x000000000800b618                SDMMC_CmdSelDesel
 .text.SDMMC_CmdGoIdleState
                0x000000000800b65e       0x3c Drivers/STM32F7xx_HAL_Driver/Src/stm32f7xx_ll_sdmmc.o
                0x000000000800b65e                SDMMC_CmdGoIdleState
 .text.SDMMC_CmdSendCID
                0x000000000800b69a       0x3c Drivers/STM32F7xx_HAL_Driver/Src/stm32f7xx_ll_sdmmc.o
                0x000000000800b69a                SDMMC_CmdSendCID
 .text.SDMMC_CmdSendCSD
                0x000000000800b6d6       0x3e Drivers/STM32F7xx_HAL_Driver/Src/stm32f7xx_ll_sdmmc.o
                0x000000000800b6d6                SDMMC_CmdSendCSD
 .text.SDMMC_CmdSetRelAdd
                0x000000000800b714       0x42 Drivers/STM32F7xx_HAL_Driver/Src/stm32f7xx_ll_sdmmc.o
                0x000000000800b714                SDMMC_CmdSetRelAdd
 .text.SDMMC_CmdOpCondition
                0x000000000800b756       0x3e Drivers/STM32F7xx_HAL_Driver/Src/stm32f7xx_ll_sdmmc.o
                0x000000000800b756                SDMMC_CmdOpCondition
 .text.SDMMC_GetCmdError
                0x000000000800b794       0x50 Drivers/STM32F7xx_HAL_Driver/Src/stm32f7xx_ll_sdmmc.o
 .text.SDMMC_GetCmdResp1
                0x000000000800b7e4      0x1d8 Drivers/STM32F7xx_HAL_Driver/Src/stm32f7xx_ll_sdmmc.o
 .text.SDMMC_GetCmdResp2
                0x000000000800b9bc       0x8c Drivers/STM32F7xx_HAL_Driver/Src/stm32f7xx_ll_sdmmc.o
 .text.SDMMC_GetCmdResp3
                0x000000000800ba48       0x74 Drivers/STM32F7xx_HAL_Driver/Src/stm32f7xx_ll_sdmmc.o
 .text.SDMMC_GetCmdResp6
                0x000000000800babc       0xe8 Drivers/STM32F7xx_HAL_Driver/Src/stm32f7xx_ll_sdmmc.o
 .text.disk_status
                0x000000000800bba4       0x34 Middlewares/Third_Party/FatFs/src/diskio.o
                0x000000000800bba4                disk_status
 .text.disk_initialize
                0x000000000800bbd8       0x4c Middlewares/Third_Party/FatFs/src/diskio.o
                0x000000000800bbd8                disk_initialize
 .text.disk_read
                0x000000000800bc24       0x40 Middlewares/Third_Party/FatFs/src/diskio.o
                0x000000000800bc24                disk_read
 .text.disk_write
                0x000000000800bc64       0x40 Middlewares/Third_Party/FatFs/src/diskio.o
                0x000000000800bc64                disk_write
 .text.disk_ioctl
                0x000000000800bca4       0x3c Middlewares/Third_Party/FatFs/src/diskio.o
                0x000000000800bca4                disk_ioctl
 .text.ld_word  0x000000000800bce0       0x30 Middlewares/Third_Party/FatFs/src/ff.o
 .text.ld_dword
                0x000000000800bd10       0x46 Middlewares/Third_Party/FatFs/src/ff.o
 .text.st_word  0x000000000800bd56       0x36 Middlewares/Third_Party/FatFs/src/ff.o
 .text.st_dword
                0x000000000800bd8c       0x58 Middlewares/Third_Party/FatFs/src/ff.o
 .text.mem_cpy  0x000000000800bde4       0x42 Middlewares/Third_Party/FatFs/src/ff.o
 .text.mem_set  0x000000000800be26       0x34 Middlewares/Third_Party/FatFs/src/ff.o
 .text.mem_cmp  0x000000000800be5a       0x4e Middlewares/Third_Party/FatFs/src/ff.o
 .text.chk_chr  0x000000000800bea8       0x36 Middlewares/Third_Party/FatFs/src/ff.o
 *fill*         0x000000000800bede        0x2 
 .text.chk_lock
                0x000000000800bee0       0xb8 Middlewares/Third_Party/FatFs/src/ff.o
 .text.enq_lock
                0x000000000800bf98       0x44 Middlewares/Third_Party/FatFs/src/ff.o
 .text.inc_lock
                0x000000000800bfdc      0x11c Middlewares/Third_Party/FatFs/src/ff.o
 .text.clear_lock
                0x000000000800c0f8       0x48 Middlewares/Third_Party/FatFs/src/ff.o
 .text.sync_window
                0x000000000800c140       0x88 Middlewares/Third_Party/FatFs/src/ff.o
 .text.move_window
                0x000000000800c1c8       0x5a Middlewares/Third_Party/FatFs/src/ff.o
 .text.clust2sect
                0x000000000800c222       0x3e Middlewares/Third_Party/FatFs/src/ff.o
 .text.get_fat  0x000000000800c260      0x14e Middlewares/Third_Party/FatFs/src/ff.o
 .text.put_fat  0x000000000800c3ae      0x1d4 Middlewares/Third_Party/FatFs/src/ff.o
 .text.remove_chain
                0x000000000800c582       0xca Middlewares/Third_Party/FatFs/src/ff.o
 .text.create_chain
                0x000000000800c64c      0x130 Middlewares/Third_Party/FatFs/src/ff.o
 .text.clmt_clust
                0x000000000800c77c       0x68 Middlewares/Third_Party/FatFs/src/ff.o
 .text.dir_sdi  0x000000000800c7e4       0xf6 Middlewares/Third_Party/FatFs/src/ff.o
 .text.dir_next
                0x000000000800c8da      0x18a Middlewares/Third_Party/FatFs/src/ff.o
 .text.dir_alloc
                0x000000000800ca64       0x8e Middlewares/Third_Party/FatFs/src/ff.o
 .text.ld_clust
                0x000000000800caf2       0x3e Middlewares/Third_Party/FatFs/src/ff.o
 .text.st_clust
                0x000000000800cb30       0x40 Middlewares/Third_Party/FatFs/src/ff.o
 .text.cmp_lfn  0x000000000800cb70       0xe0 Middlewares/Third_Party/FatFs/src/ff.o
 .text.put_lfn  0x000000000800cc50       0xd0 Middlewares/Third_Party/FatFs/src/ff.o
 .text.gen_numname
                0x000000000800cd20      0x120 Middlewares/Third_Party/FatFs/src/ff.o
 .text.sum_sfn  0x000000000800ce40       0x42 Middlewares/Third_Party/FatFs/src/ff.o
 .text.dir_find
                0x000000000800ce82      0x180 Middlewares/Third_Party/FatFs/src/ff.o
 *fill*         0x000000000800d002        0x2 
 .text.dir_register
                0x000000000800d004      0x1f0 Middlewares/Third_Party/FatFs/src/ff.o
 .text.create_name
                0x000000000800d1f4      0x370 Middlewares/Third_Party/FatFs/src/ff.o
 .text.follow_path
                0x000000000800d564       0xe2 Middlewares/Third_Party/FatFs/src/ff.o
 .text.get_ldnumber
                0x000000000800d646       0x88 Middlewares/Third_Party/FatFs/src/ff.o
 *fill*         0x000000000800d6ce        0x2 
 .text.check_fs
                0x000000000800d6d0       0xac Middlewares/Third_Party/FatFs/src/ff.o
 .text.find_volume
                0x000000000800d77c      0x4a4 Middlewares/Third_Party/FatFs/src/ff.o
 .text.validate
                0x000000000800dc20       0x6a Middlewares/Third_Party/FatFs/src/ff.o
 *fill*         0x000000000800dc8a        0x2 
 .text.f_mount  0x000000000800dc8c       0x8c Middlewares/Third_Party/FatFs/src/ff.o
                0x000000000800dc8c                f_mount
 .text.f_open   0x000000000800dd18      0x37c Middlewares/Third_Party/FatFs/src/ff.o
                0x000000000800dd18                f_open
 .text.f_read   0x000000000800e094      0x27e Middlewares/Third_Party/FatFs/src/ff.o
                0x000000000800e094                f_read
 .text.f_getfree
                0x000000000800e312      0x16a Middlewares/Third_Party/FatFs/src/ff.o
                0x000000000800e312                f_getfree
 .text.f_mkfs   0x000000000800e47c      0x858 Middlewares/Third_Party/FatFs/src/ff.o
                0x000000000800e47c                f_mkfs
 .text.FATFS_LinkDriverEx
                0x000000000800ecd4       0x98 Middlewares/Third_Party/FatFs/src/ff_gen_drv.o
                0x000000000800ecd4                FATFS_LinkDriverEx
 .text.FATFS_LinkDriver
                0x000000000800ed6c       0x1e Middlewares/Third_Party/FatFs/src/ff_gen_drv.o
                0x000000000800ed6c                FATFS_LinkDriver
 *fill*         0x000000000800ed8a        0x2 
 .text.ff_convert
                0x000000000800ed8c       0x78 Middlewares/Third_Party/FatFs/src/option/ccsbcs.o
                0x000000000800ed8c                ff_convert
 .text.ff_wtoupper
                0x000000000800ee04      0x114 Middlewares/Third_Party/FatFs/src/option/ccsbcs.o
                0x000000000800ee04                ff_wtoupper
 .text.__errno  0x000000000800ef18        0xc c:/st/stm32cubeide_1.3.0/stm32cubeide/plugins/com.st.stm32cube.ide.mcu.externaltools.gnu-tools-for-stm32.7-2018-q2-update.win32_1.0.0.201904181610/tools/bin/../lib/gcc/arm-none-eabi/7.3.1/../../../../arm-none-eabi/lib/thumb/v7e-m/fpv5/hard\libc_nano.a(lib_a-errno.o)
                0x000000000800ef18                __errno
 .text.__libc_init_array
                0x000000000800ef24       0x48 c:/st/stm32cubeide_1.3.0/stm32cubeide/plugins/com.st.stm32cube.ide.mcu.externaltools.gnu-tools-for-stm32.7-2018-q2-update.win32_1.0.0.201904181610/tools/bin/../lib/gcc/arm-none-eabi/7.3.1/../../../../arm-none-eabi/lib/thumb/v7e-m/fpv5/hard\libc_nano.a(lib_a-init.o)
                0x000000000800ef24                __libc_init_array
 .text.memset   0x000000000800ef6c       0x10 c:/st/stm32cubeide_1.3.0/stm32cubeide/plugins/com.st.stm32cube.ide.mcu.externaltools.gnu-tools-for-stm32.7-2018-q2-update.win32_1.0.0.201904181610/tools/bin/../lib/gcc/arm-none-eabi/7.3.1/../../../../arm-none-eabi/lib/thumb/v7e-m/fpv5/hard\libc_nano.a(lib_a-memset.o)
                0x000000000800ef6c                memset
 .text.__cvt    0x000000000800ef7c       0xa4 c:/st/stm32cubeide_1.3.0/stm32cubeide/plugins/com.st.stm32cube.ide.mcu.externaltools.gnu-tools-for-stm32.7-2018-q2-update.win32_1.0.0.201904181610/tools/bin/../lib/gcc/arm-none-eabi/7.3.1/../../../../arm-none-eabi/lib/thumb/v7e-m/fpv5/hard\libc_nano.a(lib_a-nano-vfprintf_float.o)
                0x000000000800ef7c                __cvt
 .text.__exponent
                0x000000000800f020       0x66 c:/st/stm32cubeide_1.3.0/stm32cubeide/plugins/com.st.stm32cube.ide.mcu.externaltools.gnu-tools-for-stm32.7-2018-q2-update.win32_1.0.0.201904181610/tools/bin/../lib/gcc/arm-none-eabi/7.3.1/../../../../arm-none-eabi/lib/thumb/v7e-m/fpv5/hard\libc_nano.a(lib_a-nano-vfprintf_float.o)
                0x000000000800f020                __exponent
 *fill*         0x000000000800f086        0x2 
 .text._printf_float
                0x000000000800f088      0x458 c:/st/stm32cubeide_1.3.0/stm32cubeide/plugins/com.st.stm32cube.ide.mcu.externaltools.gnu-tools-for-stm32.7-2018-q2-update.win32_1.0.0.201904181610/tools/bin/../lib/gcc/arm-none-eabi/7.3.1/../../../../arm-none-eabi/lib/thumb/v7e-m/fpv5/hard\libc_nano.a(lib_a-nano-vfprintf_float.o)
                0x000000000800f088                _printf_float
 .text._printf_common
                0x000000000800f4e0       0xea c:/st/stm32cubeide_1.3.0/stm32cubeide/plugins/com.st.stm32cube.ide.mcu.externaltools.gnu-tools-for-stm32.7-2018-q2-update.win32_1.0.0.201904181610/tools/bin/../lib/gcc/arm-none-eabi/7.3.1/../../../../arm-none-eabi/lib/thumb/v7e-m/fpv5/hard\libc_nano.a(lib_a-nano-vfprintf_i.o)
                0x000000000800f4e0                _printf_common
 *fill*         0x000000000800f5ca        0x2 
 .text._printf_i
                0x000000000800f5cc      0x224 c:/st/stm32cubeide_1.3.0/stm32cubeide/plugins/com.st.stm32cube.ide.mcu.externaltools.gnu-tools-for-stm32.7-2018-q2-update.win32_1.0.0.201904181610/tools/bin/../lib/gcc/arm-none-eabi/7.3.1/../../../../arm-none-eabi/lib/thumb/v7e-m/fpv5/hard\libc_nano.a(lib_a-nano-vfprintf_i.o)
                0x000000000800f5cc                _printf_i
 .text._scanf_float
                0x000000000800f7f0      0x3b0 c:/st/stm32cubeide_1.3.0/stm32cubeide/plugins/com.st.stm32cube.ide.mcu.externaltools.gnu-tools-for-stm32.7-2018-q2-update.win32_1.0.0.201904181610/tools/bin/../lib/gcc/arm-none-eabi/7.3.1/../../../../arm-none-eabi/lib/thumb/v7e-m/fpv5/hard\libc_nano.a(lib_a-nano-vfscanf_float.o)
                0x000000000800f7f0                _scanf_float
 .text.nanf     0x000000000800fba0        0xc c:/st/stm32cubeide_1.3.0/stm32cubeide/plugins/com.st.stm32cube.ide.mcu.externaltools.gnu-tools-for-stm32.7-2018-q2-update.win32_1.0.0.201904181610/tools/bin/../lib/gcc/arm-none-eabi/7.3.1/../../../../arm-none-eabi/lib/thumb/v7e-m/fpv5/hard\libc_nano.a(lib_a-sf_nan.o)
                0x000000000800fba0                nanf
 .text.sprintf  0x000000000800fbac       0x40 c:/st/stm32cubeide_1.3.0/stm32cubeide/plugins/com.st.stm32cube.ide.mcu.externaltools.gnu-tools-for-stm32.7-2018-q2-update.win32_1.0.0.201904181610/tools/bin/../lib/gcc/arm-none-eabi/7.3.1/../../../../arm-none-eabi/lib/thumb/v7e-m/fpv5/hard\libc_nano.a(lib_a-sprintf.o)
                0x000000000800fbac                siprintf
                0x000000000800fbac                sprintf
 .text.unlikely.sulp
                0x000000000800fbec       0x34 c:/st/stm32cubeide_1.3.0/stm32cubeide/plugins/com.st.stm32cube.ide.mcu.externaltools.gnu-tools-for-stm32.7-2018-q2-update.win32_1.0.0.201904181610/tools/bin/../lib/gcc/arm-none-eabi/7.3.1/../../../../arm-none-eabi/lib/thumb/v7e-m/fpv5/hard\libc_nano.a(lib_a-strtod.o)
 .text._strtod_l
                0x000000000800fc20      0xb90 c:/st/stm32cubeide_1.3.0/stm32cubeide/plugins/com.st.stm32cube.ide.mcu.externaltools.gnu-tools-for-stm32.7-2018-q2-update.win32_1.0.0.201904181610/tools/bin/../lib/gcc/arm-none-eabi/7.3.1/../../../../arm-none-eabi/lib/thumb/v7e-m/fpv5/hard\libc_nano.a(lib_a-strtod.o)
                0x000000000800fc20                _strtod_l
 .text._strtod_r
                0x00000000080107b0       0x20 c:/st/stm32cubeide_1.3.0/stm32cubeide/plugins/com.st.stm32cube.ide.mcu.externaltools.gnu-tools-for-stm32.7-2018-q2-update.win32_1.0.0.201904181610/tools/bin/../lib/gcc/arm-none-eabi/7.3.1/../../../../arm-none-eabi/lib/thumb/v7e-m/fpv5/hard\libc_nano.a(lib_a-strtod.o)
                0x00000000080107b0                _strtod_r
 .text._strtol_l.isra.0
                0x00000000080107d0       0xf6 c:/st/stm32cubeide_1.3.0/stm32cubeide/plugins/com.st.stm32cube.ide.mcu.externaltools.gnu-tools-for-stm32.7-2018-q2-update.win32_1.0.0.201904181610/tools/bin/../lib/gcc/arm-none-eabi/7.3.1/../../../../arm-none-eabi/lib/thumb/v7e-m/fpv5/hard\libc_nano.a(lib_a-strtol.o)
 *fill*         0x00000000080108c6        0x2 
 .text._strtol_r
                0x00000000080108c8       0x24 c:/st/stm32cubeide_1.3.0/stm32cubeide/plugins/com.st.stm32cube.ide.mcu.externaltools.gnu-tools-for-stm32.7-2018-q2-update.win32_1.0.0.201904181610/tools/bin/../lib/gcc/arm-none-eabi/7.3.1/../../../../arm-none-eabi/lib/thumb/v7e-m/fpv5/hard\libc_nano.a(lib_a-strtol.o)
                0x00000000080108c8                _strtol_r
 .text.quorem   0x00000000080108ec      0x118 c:/st/stm32cubeide_1.3.0/stm32cubeide/plugins/com.st.stm32cube.ide.mcu.externaltools.gnu-tools-for-stm32.7-2018-q2-update.win32_1.0.0.201904181610/tools/bin/../lib/gcc/arm-none-eabi/7.3.1/../../../../arm-none-eabi/lib/thumb/v7e-m/fpv5/hard\libc_nano.a(lib_a-dtoa.o)
 *fill*         0x0000000008010a04        0x4 
 .text._dtoa_r  0x0000000008010a08      0xa98 c:/st/stm32cubeide_1.3.0/stm32cubeide/plugins/com.st.stm32cube.ide.mcu.externaltools.gnu-tools-for-stm32.7-2018-q2-update.win32_1.0.0.201904181610/tools/bin/../lib/gcc/arm-none-eabi/7.3.1/../../../../arm-none-eabi/lib/thumb/v7e-m/fpv5/hard\libc_nano.a(lib_a-dtoa.o)
                0x0000000008010a08                _dtoa_r
 .text.rshift   0x00000000080114a0       0x74 c:/st/stm32cubeide_1.3.0/stm32cubeide/plugins/com.st.stm32cube.ide.mcu.externaltools.gnu-tools-for-stm32.7-2018-q2-update.win32_1.0.0.201904181610/tools/bin/../lib/gcc/arm-none-eabi/7.3.1/../../../../arm-none-eabi/lib/thumb/v7e-m/fpv5/hard\libc_nano.a(lib_a-gdtoa-gethex.o)
 .text.__hexdig_fun
                0x0000000008011514       0x2a c:/st/stm32cubeide_1.3.0/stm32cubeide/plugins/com.st.stm32cube.ide.mcu.externaltools.gnu-tools-for-stm32.7-2018-q2-update.win32_1.0.0.201904181610/tools/bin/../lib/gcc/arm-none-eabi/7.3.1/../../../../arm-none-eabi/lib/thumb/v7e-m/fpv5/hard\libc_nano.a(lib_a-gdtoa-gethex.o)
                0x0000000008011514                __hexdig_fun
 .text.__gethex
                0x000000000801153e      0x442 c:/st/stm32cubeide_1.3.0/stm32cubeide/plugins/com.st.stm32cube.ide.mcu.externaltools.gnu-tools-for-stm32.7-2018-q2-update.win32_1.0.0.201904181610/tools/bin/../lib/gcc/arm-none-eabi/7.3.1/../../../../arm-none-eabi/lib/thumb/v7e-m/fpv5/hard\libc_nano.a(lib_a-gdtoa-gethex.o)
                0x000000000801153e                __gethex
 .text.L_shift  0x0000000008011980       0x24 c:/st/stm32cubeide_1.3.0/stm32cubeide/plugins/com.st.stm32cube.ide.mcu.externaltools.gnu-tools-for-stm32.7-2018-q2-update.win32_1.0.0.201904181610/tools/bin/../lib/gcc/arm-none-eabi/7.3.1/../../../../arm-none-eabi/lib/thumb/v7e-m/fpv5/hard\libc_nano.a(lib_a-gdtoa-hexnan.o)
 .text.__match  0x00000000080119a4       0x28 c:/st/stm32cubeide_1.3.0/stm32cubeide/plugins/com.st.stm32cube.ide.mcu.externaltools.gnu-tools-for-stm32.7-2018-q2-update.win32_1.0.0.201904181610/tools/bin/../lib/gcc/arm-none-eabi/7.3.1/../../../../arm-none-eabi/lib/thumb/v7e-m/fpv5/hard\libc_nano.a(lib_a-gdtoa-hexnan.o)
                0x00000000080119a4                __match
 .text.__hexnan
                0x00000000080119cc      0x120 c:/st/stm32cubeide_1.3.0/stm32cubeide/plugins/com.st.stm32cube.ide.mcu.externaltools.gnu-tools-for-stm32.7-2018-q2-update.win32_1.0.0.201904181610/tools/bin/../lib/gcc/arm-none-eabi/7.3.1/../../../../arm-none-eabi/lib/thumb/v7e-m/fpv5/hard\libc_nano.a(lib_a-gdtoa-hexnan.o)
                0x00000000080119cc                __hexnan
 .text.__locale_ctype_ptr_l
                0x0000000008011aec        0x6 c:/st/stm32cubeide_1.3.0/stm32cubeide/plugins/com.st.stm32cube.ide.mcu.externaltools.gnu-tools-for-stm32.7-2018-q2-update.win32_1.0.0.201904181610/tools/bin/../lib/gcc/arm-none-eabi/7.3.1/../../../../arm-none-eabi/lib/thumb/v7e-m/fpv5/hard\libc_nano.a(lib_a-locale.o)
                0x0000000008011aec                __locale_ctype_ptr_l
 .text.__localeconv_l
                0x0000000008011af2        0x4 c:/st/stm32cubeide_1.3.0/stm32cubeide/plugins/com.st.stm32cube.ide.mcu.externaltools.gnu-tools-for-stm32.7-2018-q2-update.win32_1.0.0.201904181610/tools/bin/../lib/gcc/arm-none-eabi/7.3.1/../../../../arm-none-eabi/lib/thumb/v7e-m/fpv5/hard\libc_nano.a(lib_a-localeconv.o)
                0x0000000008011af2                __localeconv_l
 *fill*         0x0000000008011af6        0x2 
 .text._localeconv_r
                0x0000000008011af8       0x1c c:/st/stm32cubeide_1.3.0/stm32cubeide/plugins/com.st.stm32cube.ide.mcu.externaltools.gnu-tools-for-stm32.7-2018-q2-update.win32_1.0.0.201904181610/tools/bin/../lib/gcc/arm-none-eabi/7.3.1/../../../../arm-none-eabi/lib/thumb/v7e-m/fpv5/hard\libc_nano.a(lib_a-localeconv.o)
                0x0000000008011af8                _localeconv_r
 .text.malloc   0x0000000008011b14       0x10 c:/st/stm32cubeide_1.3.0/stm32cubeide/plugins/com.st.stm32cube.ide.mcu.externaltools.gnu-tools-for-stm32.7-2018-q2-update.win32_1.0.0.201904181610/tools/bin/../lib/gcc/arm-none-eabi/7.3.1/../../../../arm-none-eabi/lib/thumb/v7e-m/fpv5/hard\libc_nano.a(lib_a-malloc.o)
                0x0000000008011b14                malloc
 .text.__ascii_mbtowc
                0x0000000008011b24       0x24 c:/st/stm32cubeide_1.3.0/stm32cubeide/plugins/com.st.stm32cube.ide.mcu.externaltools.gnu-tools-for-stm32.7-2018-q2-update.win32_1.0.0.201904181610/tools/bin/../lib/gcc/arm-none-eabi/7.3.1/../../../../arm-none-eabi/lib/thumb/v7e-m/fpv5/hard\libc_nano.a(lib_a-mbtowc_r.o)
                0x0000000008011b24                __ascii_mbtowc
 .text.memcpy   0x0000000008011b48       0x16 c:/st/stm32cubeide_1.3.0/stm32cubeide/plugins/com.st.stm32cube.ide.mcu.externaltools.gnu-tools-for-stm32.7-2018-q2-update.win32_1.0.0.201904181610/tools/bin/../lib/gcc/arm-none-eabi/7.3.1/../../../../arm-none-eabi/lib/thumb/v7e-m/fpv5/hard\libc_nano.a(lib_a-memcpy-stub.o)
                0x0000000008011b48                memcpy
 .text._Balloc  0x0000000008011b5e       0x68 c:/st/stm32cubeide_1.3.0/stm32cubeide/plugins/com.st.stm32cube.ide.mcu.externaltools.gnu-tools-for-stm32.7-2018-q2-update.win32_1.0.0.201904181610/tools/bin/../lib/gcc/arm-none-eabi/7.3.1/../../../../arm-none-eabi/lib/thumb/v7e-m/fpv5/hard\libc_nano.a(lib_a-mprec.o)
                0x0000000008011b5e                _Balloc
 .text._Bfree   0x0000000008011bc6       0x2e c:/st/stm32cubeide_1.3.0/stm32cubeide/plugins/com.st.stm32cube.ide.mcu.externaltools.gnu-tools-for-stm32.7-2018-q2-update.win32_1.0.0.201904181610/tools/bin/../lib/gcc/arm-none-eabi/7.3.1/../../../../arm-none-eabi/lib/thumb/v7e-m/fpv5/hard\libc_nano.a(lib_a-mprec.o)
                0x0000000008011bc6                _Bfree
 .text.__multadd
                0x0000000008011bf4       0x76 c:/st/stm32cubeide_1.3.0/stm32cubeide/plugins/com.st.stm32cube.ide.mcu.externaltools.gnu-tools-for-stm32.7-2018-q2-update.win32_1.0.0.201904181610/tools/bin/../lib/gcc/arm-none-eabi/7.3.1/../../../../arm-none-eabi/lib/thumb/v7e-m/fpv5/hard\libc_nano.a(lib_a-mprec.o)
                0x0000000008011bf4                __multadd
 .text.__s2b    0x0000000008011c6a       0x7c c:/st/stm32cubeide_1.3.0/stm32cubeide/plugins/com.st.stm32cube.ide.mcu.externaltools.gnu-tools-for-stm32.7-2018-q2-update.win32_1.0.0.201904181610/tools/bin/../lib/gcc/arm-none-eabi/7.3.1/../../../../arm-none-eabi/lib/thumb/v7e-m/fpv5/hard\libc_nano.a(lib_a-mprec.o)
                0x0000000008011c6a                __s2b
 .text.__hi0bits
                0x0000000008011ce6       0x3e c:/st/stm32cubeide_1.3.0/stm32cubeide/plugins/com.st.stm32cube.ide.mcu.externaltools.gnu-tools-for-stm32.7-2018-q2-update.win32_1.0.0.201904181610/tools/bin/../lib/gcc/arm-none-eabi/7.3.1/../../../../arm-none-eabi/lib/thumb/v7e-m/fpv5/hard\libc_nano.a(lib_a-mprec.o)
                0x0000000008011ce6                __hi0bits
 .text.__lo0bits
                0x0000000008011d24       0x5e c:/st/stm32cubeide_1.3.0/stm32cubeide/plugins/com.st.stm32cube.ide.mcu.externaltools.gnu-tools-for-stm32.7-2018-q2-update.win32_1.0.0.201904181610/tools/bin/../lib/gcc/arm-none-eabi/7.3.1/../../../../arm-none-eabi/lib/thumb/v7e-m/fpv5/hard\libc_nano.a(lib_a-mprec.o)
                0x0000000008011d24                __lo0bits
 .text.__i2b    0x0000000008011d82       0x12 c:/st/stm32cubeide_1.3.0/stm32cubeide/plugins/com.st.stm32cube.ide.mcu.externaltools.gnu-tools-for-stm32.7-2018-q2-update.win32_1.0.0.201904181610/tools/bin/../lib/gcc/arm-none-eabi/7.3.1/../../../../arm-none-eabi/lib/thumb/v7e-m/fpv5/hard\libc_nano.a(lib_a-mprec.o)
                0x0000000008011d82                __i2b
 .text.__multiply
                0x0000000008011d94      0x12c c:/st/stm32cubeide_1.3.0/stm32cubeide/plugins/com.st.stm32cube.ide.mcu.externaltools.gnu-tools-for-stm32.7-2018-q2-update.win32_1.0.0.201904181610/tools/bin/../lib/gcc/arm-none-eabi/7.3.1/../../../../arm-none-eabi/lib/thumb/v7e-m/fpv5/hard\libc_nano.a(lib_a-mprec.o)
                0x0000000008011d94                __multiply
 .text.__pow5mult
                0x0000000008011ec0       0x9c c:/st/stm32cubeide_1.3.0/stm32cubeide/plugins/com.st.stm32cube.ide.mcu.externaltools.gnu-tools-for-stm32.7-2018-q2-update.win32_1.0.0.201904181610/tools/bin/../lib/gcc/arm-none-eabi/7.3.1/../../../../arm-none-eabi/lib/thumb/v7e-m/fpv5/hard\libc_nano.a(lib_a-mprec.o)
                0x0000000008011ec0                __pow5mult
 .text.__lshift
                0x0000000008011f5c       0xa8 c:/st/stm32cubeide_1.3.0/stm32cubeide/plugins/com.st.stm32cube.ide.mcu.externaltools.gnu-tools-for-stm32.7-2018-q2-update.win32_1.0.0.201904181610/tools/bin/../lib/gcc/arm-none-eabi/7.3.1/../../../../arm-none-eabi/lib/thumb/v7e-m/fpv5/hard\libc_nano.a(lib_a-mprec.o)
                0x0000000008011f5c                __lshift
 .text.__mcmp   0x0000000008012004       0x34 c:/st/stm32cubeide_1.3.0/stm32cubeide/plugins/com.st.stm32cube.ide.mcu.externaltools.gnu-tools-for-stm32.7-2018-q2-update.win32_1.0.0.201904181610/tools/bin/../lib/gcc/arm-none-eabi/7.3.1/../../../../arm-none-eabi/lib/thumb/v7e-m/fpv5/hard\libc_nano.a(lib_a-mprec.o)
                0x0000000008012004                __mcmp
 .text.__mdiff  0x0000000008012038       0xba c:/st/stm32cubeide_1.3.0/stm32cubeide/plugins/com.st.stm32cube.ide.mcu.externaltools.gnu-tools-for-stm32.7-2018-q2-update.win32_1.0.0.201904181610/tools/bin/../lib/gcc/arm-none-eabi/7.3.1/../../../../arm-none-eabi/lib/thumb/v7e-m/fpv5/hard\libc_nano.a(lib_a-mprec.o)
                0x0000000008012038                __mdiff
 *fill*         0x00000000080120f2        0x2 
 .text.__ulp    0x00000000080120f4       0x50 c:/st/stm32cubeide_1.3.0/stm32cubeide/plugins/com.st.stm32cube.ide.mcu.externaltools.gnu-tools-for-stm32.7-2018-q2-update.win32_1.0.0.201904181610/tools/bin/../lib/gcc/arm-none-eabi/7.3.1/../../../../arm-none-eabi/lib/thumb/v7e-m/fpv5/hard\libc_nano.a(lib_a-mprec.o)
                0x00000000080120f4                __ulp
 .text.__b2d    0x0000000008012144       0x9c c:/st/stm32cubeide_1.3.0/stm32cubeide/plugins/com.st.stm32cube.ide.mcu.externaltools.gnu-tools-for-stm32.7-2018-q2-update.win32_1.0.0.201904181610/tools/bin/../lib/gcc/arm-none-eabi/7.3.1/../../../../arm-none-eabi/lib/thumb/v7e-m/fpv5/hard\libc_nano.a(lib_a-mprec.o)
                0x0000000008012144                __b2d
 .text.__d2b    0x00000000080121e0       0x9e c:/st/stm32cubeide_1.3.0/stm32cubeide/plugins/com.st.stm32cube.ide.mcu.externaltools.gnu-tools-for-stm32.7-2018-q2-update.win32_1.0.0.201904181610/tools/bin/../lib/gcc/arm-none-eabi/7.3.1/../../../../arm-none-eabi/lib/thumb/v7e-m/fpv5/hard\libc_nano.a(lib_a-mprec.o)
                0x00000000080121e0                __d2b
 .text.__ratio  0x000000000801227e       0x68 c:/st/stm32cubeide_1.3.0/stm32cubeide/plugins/com.st.stm32cube.ide.mcu.externaltools.gnu-tools-for-stm32.7-2018-q2-update.win32_1.0.0.201904181610/tools/bin/../lib/gcc/arm-none-eabi/7.3.1/../../../../arm-none-eabi/lib/thumb/v7e-m/fpv5/hard\libc_nano.a(lib_a-mprec.o)
                0x000000000801227e                __ratio
 .text.__copybits
                0x00000000080122e6       0x34 c:/st/stm32cubeide_1.3.0/stm32cubeide/plugins/com.st.stm32cube.ide.mcu.externaltools.gnu-tools-for-stm32.7-2018-q2-update.win32_1.0.0.201904181610/tools/bin/../lib/gcc/arm-none-eabi/7.3.1/../../../../arm-none-eabi/lib/thumb/v7e-m/fpv5/hard\libc_nano.a(lib_a-mprec.o)
                0x00000000080122e6                __copybits
 .text.__any_on
                0x000000000801231a       0x42 c:/st/stm32cubeide_1.3.0/stm32cubeide/plugins/com.st.stm32cube.ide.mcu.externaltools.gnu-tools-for-stm32.7-2018-q2-update.win32_1.0.0.201904181610/tools/bin/../lib/gcc/arm-none-eabi/7.3.1/../../../../arm-none-eabi/lib/thumb/v7e-m/fpv5/hard\libc_nano.a(lib_a-mprec.o)
                0x000000000801231a                __any_on
 .text._calloc_r
                0x000000000801235c       0x1c c:/st/stm32cubeide_1.3.0/stm32cubeide/plugins/com.st.stm32cube.ide.mcu.externaltools.gnu-tools-for-stm32.7-2018-q2-update.win32_1.0.0.201904181610/tools/bin/../lib/gcc/arm-none-eabi/7.3.1/../../../../arm-none-eabi/lib/thumb/v7e-m/fpv5/hard\libc_nano.a(lib_a-nano-callocr.o)
                0x000000000801235c                _calloc_r
 .text._free_r  0x0000000008012378       0x9c c:/st/stm32cubeide_1.3.0/stm32cubeide/plugins/com.st.stm32cube.ide.mcu.externaltools.gnu-tools-for-stm32.7-2018-q2-update.win32_1.0.0.201904181610/tools/bin/../lib/gcc/arm-none-eabi/7.3.1/../../../../arm-none-eabi/lib/thumb/v7e-m/fpv5/hard\libc_nano.a(lib_a-nano-freer.o)
                0x0000000008012378                _free_r
 .text._malloc_r
                0x0000000008012414       0xb4 c:/st/stm32cubeide_1.3.0/stm32cubeide/plugins/com.st.stm32cube.ide.mcu.externaltools.gnu-tools-for-stm32.7-2018-q2-update.win32_1.0.0.201904181610/tools/bin/../lib/gcc/arm-none-eabi/7.3.1/../../../../arm-none-eabi/lib/thumb/v7e-m/fpv5/hard\libc_nano.a(lib_a-nano-mallocr.o)
                0x0000000008012414                _malloc_r
 .text.__ssputs_r
                0x00000000080124c8       0xb4 c:/st/stm32cubeide_1.3.0/stm32cubeide/plugins/com.st.stm32cube.ide.mcu.externaltools.gnu-tools-for-stm32.7-2018-q2-update.win32_1.0.0.201904181610/tools/bin/../lib/gcc/arm-none-eabi/7.3.1/../../../../arm-none-eabi/lib/thumb/v7e-m/fpv5/hard\libc_nano.a(lib_a-nano-svfprintf.o)
                0x00000000080124c8                __ssputs_r
 .text._svfprintf_r
                0x000000000801257c      0x1f0 c:/st/stm32cubeide_1.3.0/stm32cubeide/plugins/com.st.stm32cube.ide.mcu.externaltools.gnu-tools-for-stm32.7-2018-q2-update.win32_1.0.0.201904181610/tools/bin/../lib/gcc/arm-none-eabi/7.3.1/../../../../arm-none-eabi/lib/thumb/v7e-m/fpv5/hard\libc_nano.a(lib_a-nano-svfprintf.o)
                0x000000000801257c                _svfiprintf_r
                0x000000000801257c                _svfprintf_r
 .text._sbrk_r  0x000000000801276c       0x20 c:/st/stm32cubeide_1.3.0/stm32cubeide/plugins/com.st.stm32cube.ide.mcu.externaltools.gnu-tools-for-stm32.7-2018-q2-update.win32_1.0.0.201904181610/tools/bin/../lib/gcc/arm-none-eabi/7.3.1/../../../../arm-none-eabi/lib/thumb/v7e-m/fpv5/hard\libc_nano.a(lib_a-sbrkr.o)
                0x000000000801276c                _sbrk_r
 .text.strncmp  0x000000000801278c       0x24 c:/st/stm32cubeide_1.3.0/stm32cubeide/plugins/com.st.stm32cube.ide.mcu.externaltools.gnu-tools-for-stm32.7-2018-q2-update.win32_1.0.0.201904181610/tools/bin/../lib/gcc/arm-none-eabi/7.3.1/../../../../arm-none-eabi/lib/thumb/v7e-m/fpv5/hard\libc_nano.a(lib_a-strncmp.o)
                0x000000000801278c                strncmp
 .text.__ascii_wctomb
                0x00000000080127b0       0x1a c:/st/stm32cubeide_1.3.0/stm32cubeide/plugins/com.st.stm32cube.ide.mcu.externaltools.gnu-tools-for-stm32.7-2018-q2-update.win32_1.0.0.201904181610/tools/bin/../lib/gcc/arm-none-eabi/7.3.1/../../../../arm-none-eabi/lib/thumb/v7e-m/fpv5/hard\libc_nano.a(lib_a-wctomb_r.o)
                0x00000000080127b0                __ascii_wctomb
 .text.memmove  0x00000000080127ca       0x32 c:/st/stm32cubeide_1.3.0/stm32cubeide/plugins/com.st.stm32cube.ide.mcu.externaltools.gnu-tools-for-stm32.7-2018-q2-update.win32_1.0.0.201904181610/tools/bin/../lib/gcc/arm-none-eabi/7.3.1/../../../../arm-none-eabi/lib/thumb/v7e-m/fpv5/hard\libc_nano.a(lib_a-memmove.o)
                0x00000000080127ca                memmove
 .text.__malloc_lock
                0x00000000080127fc        0x2 c:/st/stm32cubeide_1.3.0/stm32cubeide/plugins/com.st.stm32cube.ide.mcu.externaltools.gnu-tools-for-stm32.7-2018-q2-update.win32_1.0.0.201904181610/tools/bin/../lib/gcc/arm-none-eabi/7.3.1/../../../../arm-none-eabi/lib/thumb/v7e-m/fpv5/hard\libc_nano.a(lib_a-mlock.o)
                0x00000000080127fc                __malloc_lock
 .text.__malloc_unlock
                0x00000000080127fe        0x2 c:/st/stm32cubeide_1.3.0/stm32cubeide/plugins/com.st.stm32cube.ide.mcu.externaltools.gnu-tools-for-stm32.7-2018-q2-update.win32_1.0.0.201904181610/tools/bin/../lib/gcc/arm-none-eabi/7.3.1/../../../../arm-none-eabi/lib/thumb/v7e-m/fpv5/hard\libc_nano.a(lib_a-mlock.o)
                0x00000000080127fe                __malloc_unlock
 .text._realloc_r
                0x0000000008012800       0x4c c:/st/stm32cubeide_1.3.0/stm32cubeide/plugins/com.st.stm32cube.ide.mcu.externaltools.gnu-tools-for-stm32.7-2018-q2-update.win32_1.0.0.201904181610/tools/bin/../lib/gcc/arm-none-eabi/7.3.1/../../../../arm-none-eabi/lib/thumb/v7e-m/fpv5/hard\libc_nano.a(lib_a-nano-reallocr.o)
                0x0000000008012800                _realloc_r
 .text._malloc_usable_size_r
                0x000000000801284c       0x10 c:/st/stm32cubeide_1.3.0/stm32cubeide/plugins/com.st.stm32cube.ide.mcu.externaltools.gnu-tools-for-stm32.7-2018-q2-update.win32_1.0.0.201904181610/tools/bin/../lib/gcc/arm-none-eabi/7.3.1/../../../../arm-none-eabi/lib/thumb/v7e-m/fpv5/hard\libc_nano.a(lib_a-nano-msizer.o)
                0x000000000801284c                _malloc_usable_size_r
 *(.glue_7)
 .glue_7        0x000000000801285c        0x0 linker stubs
 *(.glue_7t)
 .glue_7t       0x000000000801285c        0x0 linker stubs
 *(.eh_frame)
 .eh_frame      0x000000000801285c        0x0 c:/st/stm32cubeide_1.3.0/stm32cubeide/plugins/com.st.stm32cube.ide.mcu.externaltools.gnu-tools-for-stm32.7-2018-q2-update.win32_1.0.0.201904181610/tools/bin/../lib/gcc/arm-none-eabi/7.3.1/thumb/v7e-m/fpv5/hard/crtbegin.o
 *(.init)
 .init          0x000000000801285c        0x4 c:/st/stm32cubeide_1.3.0/stm32cubeide/plugins/com.st.stm32cube.ide.mcu.externaltools.gnu-tools-for-stm32.7-2018-q2-update.win32_1.0.0.201904181610/tools/bin/../lib/gcc/arm-none-eabi/7.3.1/thumb/v7e-m/fpv5/hard/crti.o
                0x000000000801285c                _init
 .init          0x0000000008012860        0x8 c:/st/stm32cubeide_1.3.0/stm32cubeide/plugins/com.st.stm32cube.ide.mcu.externaltools.gnu-tools-for-stm32.7-2018-q2-update.win32_1.0.0.201904181610/tools/bin/../lib/gcc/arm-none-eabi/7.3.1/thumb/v7e-m/fpv5/hard/crtn.o
 *(.fini)
 .fini          0x0000000008012868        0x4 c:/st/stm32cubeide_1.3.0/stm32cubeide/plugins/com.st.stm32cube.ide.mcu.externaltools.gnu-tools-for-stm32.7-2018-q2-update.win32_1.0.0.201904181610/tools/bin/../lib/gcc/arm-none-eabi/7.3.1/thumb/v7e-m/fpv5/hard/crti.o
                0x0000000008012868                _fini
 .fini          0x000000000801286c        0x8 c:/st/stm32cubeide_1.3.0/stm32cubeide/plugins/com.st.stm32cube.ide.mcu.externaltools.gnu-tools-for-stm32.7-2018-q2-update.win32_1.0.0.201904181610/tools/bin/../lib/gcc/arm-none-eabi/7.3.1/thumb/v7e-m/fpv5/hard/crtn.o
                0x0000000008012874                . = ALIGN (0x4)
                0x0000000008012874                _etext = .

.vfp11_veneer   0x0000000008012874        0x0
 .vfp11_veneer  0x0000000008012874        0x0 linker stubs

.v4_bx          0x0000000008012874        0x0
 .v4_bx         0x0000000008012874        0x0 linker stubs

.iplt           0x0000000008012874        0x0
 .iplt          0x0000000008012874        0x0 c:/st/stm32cubeide_1.3.0/stm32cubeide/plugins/com.st.stm32cube.ide.mcu.externaltools.gnu-tools-for-stm32.7-2018-q2-update.win32_1.0.0.201904181610/tools/bin/../lib/gcc/arm-none-eabi/7.3.1/thumb/v7e-m/fpv5/hard/crtbegin.o

.rodata         0x0000000008012878      0x860
                0x0000000008012878                . = ALIGN (0x4)
 *(.rodata)
 .rodata        0x0000000008012878       0x9f Core/GPIO/Src/PushButton.o
 *fill*         0x0000000008012917        0x1 
 .rodata        0x0000000008012918       0x3f Core/Src/main.o
 *fill*         0x0000000008012957        0x1 
 .rodata        0x0000000008012958       0x48 Middlewares/Third_Party/FatFs/src/ff.o
 *(.rodata*)
 .rodata.AHBPrescTable
                0x00000000080129a0       0x10 Core/Src/system_stm32f7xx.o
                0x00000000080129a0                AHBPrescTable
 .rodata.APBPrescTable
                0x00000000080129b0        0x8 Core/Src/system_stm32f7xx.o
                0x00000000080129b0                APBPrescTable
 .rodata.flagBitshiftOffset.9918
                0x00000000080129b8        0x8 Drivers/STM32F7xx_HAL_Driver/Src/stm32f7xx_hal_dma.o
 .rodata.ExCvt  0x00000000080129c0       0x80 Middlewares/Third_Party/FatFs/src/ff.o
 .rodata.LfnOfs
                0x0000000008012a40        0xd Middlewares/Third_Party/FatFs/src/ff.o
 *fill*         0x0000000008012a4d        0x3 
 .rodata.cst32.12033
                0x0000000008012a50        0xe Middlewares/Third_Party/FatFs/src/ff.o
 *fill*         0x0000000008012a5e        0x2 
 .rodata.cst.12032
                0x0000000008012a60        0xe Middlewares/Third_Party/FatFs/src/ff.o
 *fill*         0x0000000008012a6e        0x2 
 .rodata.Tbl    0x0000000008012a70      0x100 Middlewares/Third_Party/FatFs/src/option/ccsbcs.o
 .rodata.cvt1.11348
                0x0000000008012b70      0x1f2 Middlewares/Third_Party/FatFs/src/option/ccsbcs.o
 *fill*         0x0000000008012d62        0x2 
 .rodata.cvt2.11349
                0x0000000008012d64       0xbc Middlewares/Third_Party/FatFs/src/option/ccsbcs.o
 .rodata._printf_float.str1.1
                0x0000000008012e20       0x12 c:/st/stm32cubeide_1.3.0/stm32cubeide/plugins/com.st.stm32cube.ide.mcu.externaltools.gnu-tools-for-stm32.7-2018-q2-update.win32_1.0.0.201904181610/tools/bin/../lib/gcc/arm-none-eabi/7.3.1/../../../../arm-none-eabi/lib/thumb/v7e-m/fpv5/hard\libc_nano.a(lib_a-nano-vfprintf_float.o)
 .rodata._printf_i.str1.1
                0x0000000008012e32       0x22 c:/st/stm32cubeide_1.3.0/stm32cubeide/plugins/com.st.stm32cube.ide.mcu.externaltools.gnu-tools-for-stm32.7-2018-q2-update.win32_1.0.0.201904181610/tools/bin/../lib/gcc/arm-none-eabi/7.3.1/../../../../arm-none-eabi/lib/thumb/v7e-m/fpv5/hard\libc_nano.a(lib_a-nano-vfprintf_i.o)
 .rodata._scanf_float.str1.1