Archive member included to satisfy reference by file (symbol)

c:/st/stm32cubeide_1.3.0/stm32cubeide/plugins/com.st.stm32cube.ide.mcu.externaltools.gnu-tools-for-stm32.7-2018-q2-update.win32_1.0.0.201904181610/tools/bin/../lib/gcc/arm-none-eabi/7.3.1/../../../../arm-none-eabi/lib/thumb/v7e-m/fpv5/hard\libc_nano.a(lib_a-errno.o)
                              Core/Src/syscalls.o (__errno)
c:/st/stm32cubeide_1.3.0/stm32cubeide/plugins/com.st.stm32cube.ide.mcu.externaltools.gnu-tools-for-stm32.7-2018-q2-update.win32_1.0.0.201904181610/tools/bin/../lib/gcc/arm-none-eabi/7.3.1/../../../../arm-none-eabi/lib/thumb/v7e-m/fpv5/hard\libc_nano.a(lib_a-exit.o)
                              c:/st/stm32cubeide_1.3.0/stm32cubeide/plugins/com.st.stm32cube.ide.mcu.externaltools.gnu-tools-for-stm32.7-2018-q2-update.win32_1.0.0.201904181610/tools/bin/../lib/gcc/arm-none-eabi/7.3.1/../../../../arm-none-eabi/lib/thumb/v7e-m/fpv5/hard/crt0.o (exit)
c:/st/stm32cubeide_1.3.0/stm32cubeide/plugins/com.st.stm32cube.ide.mcu.externaltools.gnu-tools-for-stm32.7-2018-q2-update.win32_1.0.0.201904181610/tools/bin/../lib/gcc/arm-none-eabi/7.3.1/../../../../arm-none-eabi/lib/thumb/v7e-m/fpv5/hard\libc_nano.a(lib_a-impure.o)
                              c:/st/stm32cubeide_1.3.0/stm32cubeide/plugins/com.st.stm32cube.ide.mcu.externaltools.gnu-tools-for-stm32.7-2018-q2-update.win32_1.0.0.201904181610/tools/bin/../lib/gcc/arm-none-eabi/7.3.1/../../../../arm-none-eabi/lib/thumb/v7e-m/fpv5/hard\libc_nano.a(lib_a-exit.o) (_global_impure_ptr)
c:/st/stm32cubeide_1.3.0/stm32cubeide/plugins/com.st.stm32cube.ide.mcu.externaltools.gnu-tools-for-stm32.7-2018-q2-update.win32_1.0.0.201904181610/tools/bin/../lib/gcc/arm-none-eabi/7.3.1/../../../../arm-none-eabi/lib/thumb/v7e-m/fpv5/hard\libc_nano.a(lib_a-init.o)
                              c:/st/stm32cubeide_1.3.0/stm32cubeide/plugins/com.st.stm32cube.ide.mcu.externaltools.gnu-tools-for-stm32.7-2018-q2-update.win32_1.0.0.201904181610/tools/bin/../lib/gcc/arm-none-eabi/7.3.1/../../../../arm-none-eabi/lib/thumb/v7e-m/fpv5/hard/crt0.o (__libc_init_array)
c:/st/stm32cubeide_1.3.0/stm32cubeide/plugins/com.st.stm32cube.ide.mcu.externaltools.gnu-tools-for-stm32.7-2018-q2-update.win32_1.0.0.201904181610/tools/bin/../lib/gcc/arm-none-eabi/7.3.1/../../../../arm-none-eabi/lib/thumb/v7e-m/fpv5/hard\libc_nano.a(lib_a-memset.o)
                              c:/st/stm32cubeide_1.3.0/stm32cubeide/plugins/com.st.stm32cube.ide.mcu.externaltools.gnu-tools-for-stm32.7-2018-q2-update.win32_1.0.0.201904181610/tools/bin/../lib/gcc/arm-none-eabi/7.3.1/../../../../arm-none-eabi/lib/thumb/v7e-m/fpv5/hard/crt0.o (memset)
c:/st/stm32cubeide_1.3.0/stm32cubeide/plugins/com.st.stm32cube.ide.mcu.externaltools.gnu-tools-for-stm32.7-2018-q2-update.win32_1.0.0.201904181610/tools/bin/../lib/gcc/arm-none-eabi/7.3.1/../../../../arm-none-eabi/lib/thumb/v7e-m/fpv5/hard\libc_nano.a(lib_a-nano-vfprintf_float.o)
                              (_printf_float)
c:/st/stm32cubeide_1.3.0/stm32cubeide/plugins/com.st.stm32cube.ide.mcu.externaltools.gnu-tools-for-stm32.7-2018-q2-update.win32_1.0.0.201904181610/tools/bin/../lib/gcc/arm-none-eabi/7.3.1/../../../../arm-none-eabi/lib/thumb/v7e-m/fpv5/hard\libc_nano.a(lib_a-nano-vfprintf_i.o)
                              c:/st/stm32cubeide_1.3.0/stm32cubeide/plugins/com.st.stm32cube.ide.mcu.externaltools.gnu-tools-for-stm32.7-2018-q2-update.win32_1.0.0.201904181610/tools/bin/../lib/gcc/arm-none-eabi/7.3.1/../../../../arm-none-eabi/lib/thumb/v7e-m/fpv5/hard\libc_nano.a(lib_a-nano-vfprintf_float.o) (_printf_common)
c:/st/stm32cubeide_1.3.0/stm32cubeide/plugins/com.st.stm32cube.ide.mcu.externaltools.gnu-tools-for-stm32.7-2018-q2-update.win32_1.0.0.201904181610/tools/bin/../lib/gcc/arm-none-eabi/7.3.1/../../../../arm-none-eabi/lib/thumb/v7e-m/fpv5/hard\libc_nano.a(lib_a-nano-vfscanf_float.o)
                              (_scanf_float)
c:/st/stm32cubeide_1.3.0/stm32cubeide/plugins/com.st.stm32cube.ide.mcu.externaltools.gnu-tools-for-stm32.7-2018-q2-update.win32_1.0.0.201904181610/tools/bin/../lib/gcc/arm-none-eabi/7.3.1/../../../../arm-none-eabi/lib/thumb/v7e-m/fpv5/hard\libc_nano.a(lib_a-sf_nan.o)
                              c:/st/stm32cubeide_1.3.0/stm32cubeide/plugins/com.st.stm32cube.ide.mcu.externaltools.gnu-tools-for-stm32.7-2018-q2-update.win32_1.0.0.201904181610/tools/bin/../lib/gcc/arm-none-eabi/7.3.1/../../../../arm-none-eabi/lib/thumb/v7e-m/fpv5/hard\libc_nano.a(lib_a-nano-vfscanf_float.o) (nanf)
c:/st/stm32cubeide_1.3.0/stm32cubeide/plugins/com.st.stm32cube.ide.mcu.externaltools.gnu-tools-for-stm32.7-2018-q2-update.win32_1.0.0.201904181610/tools/bin/../lib/gcc/arm-none-eabi/7.3.1/../../../../arm-none-eabi/lib/thumb/v7e-m/fpv5/hard\libc_nano.a(lib_a-sprintf.o)
                              Core/GPIO/Src/PushButton.o (sprintf)
[...]
Memory Configuration

Name             Origin             Length             Attributes
RAM              0x0000000020000000 0x0000000000080000 xrw
FLASH            0x0000000008000000 0x0000000000200000 xr
*default*        0x0000000000000000 0xffffffffffffffff

Linker script and memory map

LOAD c:/st/stm32cubeide_1.3.0/stm32cubeide/plugins/com.st.stm32cube.ide.mcu.externaltools.gnu-tools-for-stm32.7-2018-q2-update.win32_1.0.0.201904181610/tools/bin/../lib/gcc/arm-none-eabi/7.3.1/thumb/v7e-m/fpv5/hard/crti.o
LOAD c:/st/stm32cubeide_1.3.0/stm32cubeide/plugins/com.st.stm32cube.ide.mcu.externaltools.gnu-tools-for-stm32.7-2018-q2-update.win32_1.0.0.201904181610/tools/bin/../lib/gcc/arm-none-eabi/7.3.1/thumb/v7e-m/fpv5/hard/crtbegin.o
LOAD c:/st/stm32cubeide_1.3.0/stm32cubeide/plugins/com.st.stm32cube.ide.mcu.externaltools.gnu-tools-for-stm32.7-2018-q2-update.win32_1.0.0.201904181610/tools/bin/../lib/gcc/arm-none-eabi/7.3.1/../../../../arm-none-eabi/lib/thumb/v7e-m/fpv5/hard/crt0.o
LOAD Core/GPIO/Src/PWMControl.o
LOAD Core/GPIO/Src/PushButton.o
LOAD Core/Peripherals/Src/FlashQSPIAgent.o
LOAD Core/Peripherals/Src/LED.o
LOAD Core/Peripherals/Src/bno055.o
LOAD Core/Peripherals/Src/bno055_support.o
LOAD Core/Peripherals/Src/ms5611.o
LOAD Core/Peripherals/Src/terminal.o
LOAD Core/Src/main.o
LOAD Core/Src/stm32f7xx_hal_msp.o
LOAD Core/Src/stm32f7xx_it.o
LOAD Core/Src/syscalls.o
LOAD Core/Src/sysmem.o
LOAD Core/Src/system_stm32f7xx.o
LOAD Core/Startup/startup_stm32f777vitx.o
LOAD Drivers/STM32F7xx_HAL_Driver/Src/stm32f7xx_hal.o
LOAD Drivers/STM32F7xx_HAL_Driver/Src/stm32f7xx_hal_adc.o
LOAD Drivers/STM32F7xx_HAL_Driver/Src/stm32f7xx_hal_adc_ex.o
LOAD Drivers/STM32F7xx_HAL_Driver/Src/stm32f7xx_hal_cortex.o
LOAD Drivers/STM32F7xx_HAL_Driver/Src/stm32f7xx_hal_dma.o
LOAD Drivers/STM32F7xx_HAL_Driver/Src/stm32f7xx_hal_dma_ex.o
LOAD Drivers/STM32F7xx_HAL_Driver/Src/stm32f7xx_hal_exti.o
LOAD Drivers/STM32F7xx_HAL_Driver/Src/stm32f7xx_hal_flash.o
LOAD Drivers/STM32F7xx_HAL_Driver/Src/stm32f7xx_hal_flash_ex.o
LOAD Drivers/STM32F7xx_HAL_Driver/Src/stm32f7xx_hal_gpio.o
LOAD Drivers/STM32F7xx_HAL_Driver/Src/stm32f7xx_hal_i2c.o
LOAD Drivers/STM32F7xx_HAL_Driver/Src/stm32f7xx_hal_i2c_ex.o
LOAD Drivers/STM32F7xx_HAL_Driver/Src/stm32f7xx_hal_pwr.o
LOAD Drivers/STM32F7xx_HAL_Driver/Src/stm32f7xx_hal_pwr_ex.o
LOAD Drivers/STM32F7xx_HAL_Driver/Src/stm32f7xx_hal_qspi.o
LOAD Drivers/STM32F7xx_HAL_Driver/Src/stm32f7xx_hal_rcc.o
LOAD Drivers/STM32F7xx_HAL_Driver/Src/stm32f7xx_hal_rcc_ex.o
LOAD Drivers/STM32F7xx_HAL_Driver/Src/stm32f7xx_hal_spi.o
LOAD Drivers/STM32F7xx_HAL_Driver/Src/stm32f7xx_hal_spi_ex.o
LOAD Drivers/STM32F7xx_HAL_Driver/Src/stm32f7xx_hal_tim.o
LOAD Drivers/STM32F7xx_HAL_Driver/Src/stm32f7xx_hal_tim_ex.o
LOAD Drivers/STM32F7xx_HAL_Driver/Src/stm32f7xx_hal_uart.o
LOAD Drivers/STM32F7xx_HAL_Driver/Src/stm32f7xx_hal_uart_ex.o
LOAD FATFS/App/fatfs.o
LOAD FATFS/Target/user_diskio.o
LOAD Middlewares/Third_Party/FatFs/src/diskio.o
LOAD Middlewares/Third_Party/FatFs/src/ff.o
LOAD Middlewares/Third_Party/FatFs/src/ff_gen_drv.o
LOAD Middlewares/Third_Party/FatFs/src/option/syscall.o
START GROUP
LOAD c:/st/stm32cubeide_1.3.0/stm32cubeide/plugins/com.st.stm32cube.ide.mcu.externaltools.gnu-tools-for-stm32.7-2018-q2-update.win32_1.0.0.201904181610/tools/bin/../lib/gcc/arm-none-eabi/7.3.1/../../../../arm-none-eabi/lib/thumb/v7e-m/fpv5/hard\libc_nano.a
LOAD c:/st/stm32cubeide_1.3.0/stm32cubeide/plugins/com.st.stm32cube.ide.mcu.externaltools.gnu-tools-for-stm32.7-2018-q2-update.win32_1.0.0.201904181610/tools/bin/../lib/gcc/arm-none-eabi/7.3.1/../../../../arm-none-eabi/lib/thumb/v7e-m/fpv5/hard\libm.a
END GROUP
START GROUP
LOAD c:/st/stm32cubeide_1.3.0/stm32cubeide/plugins/com.st.stm32cube.ide.mcu.externaltools.gnu-tools-for-stm32.7-2018-q2-update.win32_1.0.0.201904181610/tools/bin/../lib/gcc/arm-none-eabi/7.3.1/thumb/v7e-m/fpv5/hard\libgcc.a
LOAD c:/st/stm32cubeide_1.3.0/stm32cubeide/plugins/com.st.stm32cube.ide.mcu.externaltools.gnu-tools-for-stm32.7-2018-q2-update.win32_1.0.0.201904181610/tools/bin/../lib/gcc/arm-none-eabi/7.3.1/../../../../arm-none-eabi/lib/thumb/v7e-m/fpv5/hard\libc_nano.a
END GROUP
START GROUP
LOAD c:/st/stm32cubeide_1.3.0/stm32cubeide/plugins/com.st.stm32cube.ide.mcu.externaltools.gnu-tools-for-stm32.7-2018-q2-update.win32_1.0.0.201904181610/tools/bin/../lib/gcc/arm-none-eabi/7.3.1/thumb/v7e-m/fpv5/hard\libgcc.a
LOAD c:/st/stm32cubeide_1.3.0/stm32cubeide/plugins/com.st.stm32cube.ide.mcu.externaltools.gnu-tools-for-stm32.7-2018-q2-update.win32_1.0.0.201904181610/tools/bin/../lib/gcc/arm-none-eabi/7.3.1/../../../../arm-none-eabi/lib/thumb/v7e-m/fpv5/hard\libc_nano.a
LOAD c:/st/stm32cubeide_1.3.0/stm32cubeide/plugins/com.st.stm32cube.ide.mcu.externaltools.gnu-tools-for-stm32.7-2018-q2-update.win32_1.0.0.201904181610/tools/bin/../lib/gcc/arm-none-eabi/7.3.1/../../../../arm-none-eabi/lib/thumb/v7e-m/fpv5/hard\libnosys.a
END GROUP
START GROUP
LOAD c:/st/stm32cubeide_1.3.0/stm32cubeide/plugins/com.st.stm32cube.ide.mcu.externaltools.gnu-tools-for-stm32.7-2018-q2-update.win32_1.0.0.201904181610/tools/bin/../lib/gcc/arm-none-eabi/7.3.1/thumb/v7e-m/fpv5/hard\libgcc.a
LOAD c:/st/stm32cubeide_1.3.0/stm32cubeide/plugins/com.st.stm32cube.ide.mcu.externaltools.gnu-tools-for-stm32.7-2018-q2-update.win32_1.0.0.201904181610/tools/bin/../lib/gcc/arm-none-eabi/7.3.1/../../../../arm-none-eabi/lib/thumb/v7e-m/fpv5/hard\libc_nano.a
LOAD c:/st/stm32cubeide_1.3.0/stm32cubeide/plugins/com.st.stm32cube.ide.mcu.externaltools.gnu-tools-for-stm32.7-2018-q2-update.win32_1.0.0.201904181610/tools/bin/../lib/gcc/arm-none-eabi/7.3.1/../../../../arm-none-eabi/lib/thumb/v7e-m/fpv5/hard\libnosys.a
END GROUP
LOAD c:/st/stm32cubeide_1.3.0/stm32cubeide/plugins/com.st.stm32cube.ide.mcu.externaltools.gnu-tools-for-stm32.7-2018-q2-update.win32_1.0.0.201904181610/tools/bin/../lib/gcc/arm-none-eabi/7.3.1/thumb/v7e-m/fpv5/hard/crtend.o
LOAD c:/st/stm32cubeide_1.3.0/stm32cubeide/plugins/com.st.stm32cube.ide.mcu.externaltools.gnu-tools-for-stm32.7-2018-q2-update.win32_1.0.0.201904181610/tools/bin/../lib/gcc/arm-none-eabi/7.3.1/thumb/v7e-m/fpv5/hard/crtn.o
                0x0000000020080000                _estack = (ORIGIN (RAM) + LENGTH (RAM))
                0x0000000000000200                _Min_Heap_Size = 0x200
                0x0000000000000400                _Min_Stack_Size = 0x400

.isr_vector     0x0000000008000000      0x1f8
                0x0000000008000000                . = ALIGN (0x4)
 *(.isr_vector)
 .isr_vector    0x0000000008000000      0x1f8 Core/Startup/startup_stm32f777vitx.o
                0x0000000008000000                g_pfnVectors
                0x00000000080001f8                . = ALIGN (0x4)

.text           0x0000000008000200     0xf75c
                0x0000000008000200                . = ALIGN (0x4)
 *(.text)
 .text          0x0000000008000200       0x40 c:/st/stm32cubeide_1.3.0/stm32cubeide/plugins/com.st.stm32cube.ide.mcu.externaltools.gnu-tools-for-stm32.7-2018-q2-update.win32_1.0.0.201904181610/tools/bin/../lib/gcc/arm-none-eabi/7.3.1/thumb/v7e-m/fpv5/hard/crtbegin.o
 .text          0x0000000008000240       0x10 c:/st/stm32cubeide_1.3.0/stm32cubeide/plugins/com.st.stm32cube.ide.mcu.externaltools.gnu-tools-for-stm32.7-2018-q2-update.win32_1.0.0.201904181610/tools/bin/../lib/gcc/arm-none-eabi/7.3.1/../../../../arm-none-eabi/lib/thumb/v7e-m/fpv5/hard\libc_nano.a(lib_a-strlen.o)
                0x0000000008000240                strlen
 .text          0x0000000008000250       0xa0 c:/st/stm32cubeide_1.3.0/stm32cubeide/plugins/com.st.stm32cube.ide.mcu.externaltools.gnu-tools-for-stm32.7-2018-q2-update.win32_1.0.0.201904181610/tools/bin/../lib/gcc/arm-none-eabi/7.3.1/../../../../arm-none-eabi/lib/thumb/v7e-m/fpv5/hard\libc_nano.a(lib_a-memchr.o)
                0x0000000008000250                memchr
 .text          0x00000000080002f0       0x30 c:/st/stm32cubeide_1.3.0/stm32cubeide/plugins/com.st.stm32cube.ide.mcu.externaltools.gnu-tools-for-stm32.7-2018-q2-update.win32_1.0.0.201904181610/tools/bin/../lib/gcc/arm-none-eabi/7.3.1/thumb/v7e-m/fpv5/hard\libgcc.a(_aeabi_uldivmod.o)
                0x00000000080002f0                __aeabi_uldivmod
 .text          0x0000000008000320      0x2cc c:/st/stm32cubeide_1.3.0/stm32cubeide/plugins/com.st.stm32cube.ide.mcu.externaltools.gnu-tools-for-stm32.7-2018-q2-update.win32_1.0.0.201904181610/tools/bin/../lib/gcc/arm-none-eabi/7.3.1/thumb/v7e-m/fpv5/hard\libgcc.a(_udivmoddi4.o)
                0x0000000008000320                __udivmoddi4
 .text          0x00000000080005ec        0x4 c:/st/stm32cubeide_1.3.0/stm32cubeide/plugins/com.st.stm32cube.ide.mcu.externaltools.gnu-tools-for-stm32.7-2018-q2-update.win32_1.0.0.201904181610/tools/bin/../lib/gcc/arm-none-eabi/7.3.1/thumb/v7e-m/fpv5/hard\libgcc.a(_dvmd_tls.o)
                0x00000000080005ec                __aeabi_idiv0
                0x00000000080005ec                __aeabi_ldiv0
 *(.text*)
 .text.CheckButton
                0x00000000080005f0      0x240 Core/GPIO/Src/PushButton.o
                0x00000000080005f0                CheckButton
 .text.QSPI_Init
                0x0000000008000830       0x20 Core/Peripherals/Src/FlashQSPIAgent.o
                0x0000000008000830                QSPI_Init
 .text.QSPI_WriteEnable
                0x0000000008000850       0x94 Core/Peripherals/Src/FlashQSPIAgent.o
                0x0000000008000850                QSPI_WriteEnable
 .text.QSPI_READMD
                0x00000000080008e4       0x84 Core/Peripherals/Src/FlashQSPIAgent.o
                0x00000000080008e4                QSPI_READMD
 .text.QSPI_Read_Status_registers
                0x0000000008000968      0x150 Core/Peripherals/Src/FlashQSPIAgent.o
                0x0000000008000968                QSPI_Read_Status_registers
 .text.QSPI_DummyCyclesCfg
                0x0000000008000ab8      0x176 Core/Peripherals/Src/FlashQSPIAgent.o
                0x0000000008000ab8                QSPI_DummyCyclesCfg
 *fill*         0x0000000008000c2e        0x2 
 .text.led_init
                0x0000000008000c30       0x24 Core/Peripherals/Src/LED.o
                0x0000000008000c30                led_init
 .text.SetRGB   0x0000000008000c54       0x70 Core/Peripherals/Src/LED.o
                0x0000000008000c54                SetRGB
 .text.bno055_init
                0x0000000008000cc4      0x184 Core/Peripherals/Src/bno055.o
                0x0000000008000cc4                bno055_init
 .text.bno055_write_register
                0x0000000008000e48       0x4c Core/Peripherals/Src/bno055.o
                0x0000000008000e48                bno055_write_register
 .text.bno055_write_page_id
                0x0000000008000e94       0x90 Core/Peripherals/Src/bno055.o
                0x0000000008000e94                bno055_write_page_id
 .text.bno055_read_euler_hrp
                0x0000000008000f24       0xd4 Core/Peripherals/Src/bno055.o
                0x0000000008000f24                bno055_read_euler_hrp
 .text.bno055_convert_double_euler_hpr_deg
                0x0000000008000ff8       0xce Core/Peripherals/Src/bno055.o
                0x0000000008000ff8                bno055_convert_double_euler_hpr_deg
 *fill*         0x00000000080010c6        0x2 
 .text.bno055_get_euler_unit
                0x00000000080010c8       0x88 Core/Peripherals/Src/bno055.o
                0x00000000080010c8                bno055_get_euler_unit
 .text.bno055_set_euler_unit
                0x0000000008001150       0xf8 Core/Peripherals/Src/bno055.o
                0x0000000008001150                bno055_set_euler_unit
 .text.bno055_get_operation_mode
                0x0000000008001248       0x84 Core/Peripherals/Src/bno055.o
                0x0000000008001248                bno055_get_operation_mode
 .text.bno055_set_operation_mode
                0x00000000080012cc      0x190 Core/Peripherals/Src/bno055.o
                0x00000000080012cc                bno055_set_operation_mode
 .text.bno055_set_power_mode
                0x000000000800145c       0xf4 Core/Peripherals/Src/bno055.o
                0x000000000800145c                bno055_set_power_mode
 .text.I2C_routine
                0x0000000008001550       0x38 Core/Peripherals/Src/bno055_support.o
                0x0000000008001550                I2C_routine
 .text.BNO055_I2C_bus_write
                0x0000000008001588       0x78 Core/Peripherals/Src/bno055_support.o
                0x0000000008001588                BNO055_I2C_bus_write
 .text.BNO055_I2C_bus_read
                0x0000000008001600       0x90 Core/Peripherals/Src/bno055_support.o
                0x0000000008001600                BNO055_I2C_bus_read
 .text.BNO055_delay_msek
                0x0000000008001690       0x16 Core/Peripherals/Src/bno055_support.o
                0x0000000008001690                BNO055_delay_msek
 *fill*         0x00000000080016a6        0x2 
 .text.BNOInit  0x00000000080016a8       0x58 Core/Peripherals/Src/bno055_support.o
                0x00000000080016a8                BNOInit
 .text.readBNOAnglesDeg
                0x0000000008001700       0x54 Core/Peripherals/Src/bno055_support.o
                0x0000000008001700                readBNOAnglesDeg
 .text.MS56XXReset
                0x0000000008001754       0x4c Core/Peripherals/Src/ms5611.o
                0x0000000008001754                MS56XXReset
 .text.MS56XXReadProm
                0x00000000080017a0       0x8c Core/Peripherals/Src/ms5611.o
                0x00000000080017a0                MS56XXReadProm
 .text.MS56XXInit
                0x000000000800182c       0xcc Core/Peripherals/Src/ms5611.o
                0x000000000800182c                MS56XXInit
 .text.MS56XXSendCmd
                0x00000000080018f8       0x60 Core/Peripherals/Src/ms5611.o
                0x00000000080018f8                MS56XXSendCmd
 .text.MS56XXRead3Bytes
                0x0000000008001958       0xa8 Core/Peripherals/Src/ms5611.o
                0x0000000008001958                MS56XXRead3Bytes
 .text.GetAltitudeAndTemp
                0x0000000008001a00      0x164 Core/Peripherals/Src/ms5611.o
                0x0000000008001a00                GetAltitudeAndTemp
 .text.SendToScreen
                0x0000000008001b64       0x28 Core/Peripherals/Src/terminal.o
                0x0000000008001b64                SendToScreen
 .text.main     0x0000000008001b8c      0x204 Core/Src/main.o
                0x0000000008001b8c                main
 .text.SystemClock_Config
                0x0000000008001d90      0x134 Core/Src/main.o
                0x0000000008001d90                SystemClock_Config
 .text.MX_ADC1_Init
                0x0000000008001ec4       0xa4 Core/Src/main.o
 .text.MX_I2C1_Init
                0x0000000008001f68       0x80 Core/Src/main.o
 .text.MX_QUADSPI_Init
                0x0000000008001fe8       0x58 Core/Src/main.o
 .text.MX_SPI1_Init
                0x0000000008002040       0x7c Core/Src/main.o
 .text.MX_TIM1_Init
                0x00000000080020bc      0x13c Core/Src/main.o
 .text.MX_TIM4_Init
                0x00000000080021f8       0xe4 Core/Src/main.o
 .text.MX_USART2_UART_Init
                0x00000000080022dc       0x60 Core/Src/main.o
 .text.MX_DMA_Init
                0x000000000800233c       0x4c Core/Src/main.o
 .text.MX_GPIO_Init
                0x0000000008002388      0x13c Core/Src/main.o
 *fill*         0x00000000080024c4        0x4 
 .text.CurrentTime
                0x00000000080024c8       0x30 Core/Src/main.o
                0x00000000080024c8                CurrentTime
 .text.measureBattery
                0x00000000080024f8       0x4c Core/Src/main.o
                0x00000000080024f8                measureBattery
 .text.Error_Handler
                0x0000000008002544        0xe Core/Src/main.o
                0x0000000008002544                Error_Handler
 *fill*         0x0000000008002552        0x2 
 .text.HAL_MspInit
                0x0000000008002554       0x48 Core/Src/stm32f7xx_hal_msp.o
                0x0000000008002554                HAL_MspInit
 .text.HAL_ADC_MspInit
                0x000000000800259c       0x90 Core/Src/stm32f7xx_hal_msp.o
                0x000000000800259c                HAL_ADC_MspInit
 .text.HAL_I2C_MspInit
                0x000000000800262c       0x98 Core/Src/stm32f7xx_hal_msp.o
                0x000000000800262c                HAL_I2C_MspInit
 .text.HAL_QSPI_MspInit
                0x00000000080026c4      0x114 Core/Src/stm32f7xx_hal_msp.o
                0x00000000080026c4                HAL_QSPI_MspInit
 .text.HAL_SPI_MspInit
                0x00000000080027d8       0x88 Core/Src/stm32f7xx_hal_msp.o
                0x00000000080027d8                HAL_SPI_MspInit
 .text.HAL_TIM_PWM_MspInit
                0x0000000008002860       0x68 Core/Src/stm32f7xx_hal_msp.o
                0x0000000008002860                HAL_TIM_PWM_MspInit
 .text.HAL_TIM_MspPostInit
                0x00000000080028c8       0xc0 Core/Src/stm32f7xx_hal_msp.o
                0x00000000080028c8                HAL_TIM_MspPostInit
 .text.HAL_UART_MspInit
                0x0000000008002988      0x174 Core/Src/stm32f7xx_hal_msp.o
                0x0000000008002988                HAL_UART_MspInit
 .text.NMI_Handler
                0x0000000008002afc        0xc Core/Src/stm32f7xx_it.o
                0x0000000008002afc                NMI_Handler
 .text.HardFault_Handler
                0x0000000008002b08        0x6 Core/Src/stm32f7xx_it.o
                0x0000000008002b08                HardFault_Handler
 .text.MemManage_Handler
                0x0000000008002b0e        0x6 Core/Src/stm32f7xx_it.o
                0x0000000008002b0e                MemManage_Handler
 .text.BusFault_Handler
                0x0000000008002b14        0x6 Core/Src/stm32f7xx_it.o
                0x0000000008002b14                BusFault_Handler
 .text.UsageFault_Handler
                0x0000000008002b1a        0x6 Core/Src/stm32f7xx_it.o
                0x0000000008002b1a                UsageFault_Handler
 .text.SVC_Handler
                0x0000000008002b20        0xe Core/Src/stm32f7xx_it.o
                0x0000000008002b20                SVC_Handler
 .text.DebugMon_Handler
                0x0000000008002b2e        0xe Core/Src/stm32f7xx_it.o
                0x0000000008002b2e                DebugMon_Handler
 .text.PendSV_Handler
                0x0000000008002b3c        0xe Core/Src/stm32f7xx_it.o
                0x0000000008002b3c                PendSV_Handler
 .text.SysTick_Handler
                0x0000000008002b4a        0xc Core/Src/stm32f7xx_it.o
                0x0000000008002b4a                SysTick_Handler
 *fill*         0x0000000008002b56        0x2 
 .text.DMA1_Stream5_IRQHandler
                0x0000000008002b58       0x14 Core/Src/stm32f7xx_it.o
                0x0000000008002b58                DMA1_Stream5_IRQHandler
 .text.DMA1_Stream6_IRQHandler
                0x0000000008002b6c       0x14 Core/Src/stm32f7xx_it.o
                0x0000000008002b6c                DMA1_Stream6_IRQHandler
 .text.ADC_IRQHandler
                0x0000000008002b80       0x14 Core/Src/stm32f7xx_it.o
                0x0000000008002b80                ADC_IRQHandler
 .text.I2C1_EV_IRQHandler
                0x0000000008002b94       0x14 Core/Src/stm32f7xx_it.o
                0x0000000008002b94                I2C1_EV_IRQHandler
 .text.USART2_IRQHandler
                0x0000000008002ba8       0x14 Core/Src/stm32f7xx_it.o
                0x0000000008002ba8                USART2_IRQHandler
 .text.QUADSPI_IRQHandler
                0x0000000008002bbc       0x14 Core/Src/stm32f7xx_it.o
                0x0000000008002bbc                QUADSPI_IRQHandler
 .text._sbrk    0x0000000008002bd0       0x58 Core/Src/sysmem.o
                0x0000000008002bd0                _sbrk
 .text.SystemInit
                0x0000000008002c28       0x2c Core/Src/system_stm32f7xx.o
                0x0000000008002c28                SystemInit
 .text.Reset_Handler
                0x0000000008002c54       0x50 Core/Startup/startup_stm32f777vitx.o
                0x0000000008002c54                Reset_Handler
 .text.Default_Handler
                0x0000000008002ca4        0x2 Core/Startup/startup_stm32f777vitx.o
                0x0000000008002ca4                RTC_Alarm_IRQHandler
                0x0000000008002ca4                HASH_RNG_IRQHandler
                0x0000000008002ca4                EXTI2_IRQHandler
                0x0000000008002ca4                TIM8_CC_IRQHandler
                0x0000000008002ca4                UART8_IRQHandler
                0x0000000008002ca4                SPI4_IRQHandler
                0x0000000008002ca4                TIM1_CC_IRQHandler
                0x0000000008002ca4                DMA2_Stream5_IRQHandler
                0x0000000008002ca4                JPEG_IRQHandler
                0x0000000008002ca4                CAN3_RX1_IRQHandler
                0x0000000008002ca4                PVD_IRQHandler
                0x0000000008002ca4                TAMP_STAMP_IRQHandler
                0x0000000008002ca4                CAN2_RX1_IRQHandler
                0x0000000008002ca4                EXTI3_IRQHandler
                0x0000000008002ca4                TIM8_TRG_COM_TIM14_IRQHandler
                0x0000000008002ca4                DFSDM1_FLT1_IRQHandler
                0x0000000008002ca4                TIM1_UP_TIM10_IRQHandler
                0x0000000008002ca4                TIM8_UP_TIM13_IRQHandler
                0x0000000008002ca4                I2C3_ER_IRQHandler
                0x0000000008002ca4                DFSDM1_FLT2_IRQHandler
                0x0000000008002ca4                EXTI0_IRQHandler
                0x0000000008002ca4                I2C2_EV_IRQHandler
                0x0000000008002ca4                DMA1_Stream2_IRQHandler
                0x0000000008002ca4                CAN1_RX0_IRQHandler
                0x0000000008002ca4                FPU_IRQHandler
                0x0000000008002ca4                OTG_HS_WKUP_IRQHandler
                0x0000000008002ca4                CAN3_SCE_IRQHandler
                0x0000000008002ca4                LTDC_ER_IRQHandler
                0x0000000008002ca4                CAN2_SCE_IRQHandler
                0x0000000008002ca4                DMA2_Stream2_IRQHandler
                0x0000000008002ca4                SPI1_IRQHandler
                0x0000000008002ca4                TIM6_DAC_IRQHandler
                0x0000000008002ca4                TIM1_BRK_TIM9_IRQHandler
                0x0000000008002ca4                DCMI_IRQHandler
                0x0000000008002ca4                CAN2_RX0_IRQHandler
                0x0000000008002ca4                DMA2_Stream3_IRQHandler
                0x0000000008002ca4                SAI2_IRQHandler
                0x0000000008002ca4                DFSDM1_FLT3_IRQHandler
                0x0000000008002ca4                USART6_IRQHandler
                0x0000000008002ca4                CAN3_RX0_IRQHandler
                0x0000000008002ca4                USART3_IRQHandler
                0x0000000008002ca4                CRYP_IRQHandler
                0x0000000008002ca4                CAN1_RX1_IRQHandler
                0x0000000008002ca4                UART5_IRQHandler
                0x0000000008002ca4                DMA2_Stream0_IRQHandler
                0x0000000008002ca4                TIM4_IRQHandler
                0x0000000008002ca4                DMA1_Stream1_IRQHandler
                0x0000000008002ca4                UART4_IRQHandler
                0x0000000008002ca4                TIM3_IRQHandler
                0x0000000008002ca4                RCC_IRQHandler
                0x0000000008002ca4                TIM8_BRK_TIM12_IRQHandler
                0x0000000008002ca4                Default_Handler
                0x0000000008002ca4                CEC_IRQHandler
                0x0000000008002ca4                EXTI15_10_IRQHandler
                0x0000000008002ca4                DMA1_Stream7_IRQHandler
                0x0000000008002ca4                SPI5_IRQHandler
                0x0000000008002ca4                TIM7_IRQHandler
                0x0000000008002ca4                SDMMC1_IRQHandler
                0x0000000008002ca4                CAN2_TX_IRQHandler
                0x0000000008002ca4                TIM5_IRQHandler
                0x0000000008002ca4                DMA2_Stream7_IRQHandler
                0x0000000008002ca4                I2C3_EV_IRQHandler
                0x0000000008002ca4                EXTI9_5_IRQHandler
                0x0000000008002ca4                RTC_WKUP_IRQHandler
                0x0000000008002ca4                LTDC_IRQHandler
                0x0000000008002ca4                ETH_WKUP_IRQHandler
                0x0000000008002ca4                SPDIF_RX_IRQHandler
                0x0000000008002ca4                SPI2_IRQHandler
                0x0000000008002ca4                OTG_HS_EP1_IN_IRQHandler
                0x0000000008002ca4                DMA1_Stream0_IRQHandler
                0x0000000008002ca4                CAN1_TX_IRQHandler
                0x0000000008002ca4                EXTI4_IRQHandler
                0x0000000008002ca4                ETH_IRQHandler
                0x0000000008002ca4                OTG_HS_EP1_OUT_IRQHandler
                0x0000000008002ca4                WWDG_IRQHandler
                0x0000000008002ca4                SPI6_IRQHandler
                0x0000000008002ca4                MDIOS_IRQHandler
                0x0000000008002ca4                I2C4_EV_IRQHandler
                0x0000000008002ca4                CAN3_TX_IRQHandler
                0x0000000008002ca4                TIM2_IRQHandler
                0x0000000008002ca4                OTG_FS_WKUP_IRQHandler
                0x0000000008002ca4                TIM1_TRG_COM_TIM11_IRQHandler
                0x0000000008002ca4                OTG_HS_IRQHandler
                0x0000000008002ca4                DMA2D_IRQHandler
                0x0000000008002ca4                EXTI1_IRQHandler
                0x0000000008002ca4                SDMMC2_IRQHandler
                0x0000000008002ca4                UART7_IRQHandler
                0x0000000008002ca4                DFSDM1_FLT0_IRQHandler
                0x0000000008002ca4                I2C2_ER_IRQHandler
                0x0000000008002ca4                DMA2_Stream1_IRQHandler
                0x0000000008002ca4                CAN1_SCE_IRQHandler
                0x0000000008002ca4                FLASH_IRQHandler
                0x0000000008002ca4                DMA2_Stream4_IRQHandler
                0x0000000008002ca4                USART1_IRQHandler
                0x0000000008002ca4                OTG_FS_IRQHandler
                0x0000000008002ca4                SPI3_IRQHandler
                0x0000000008002ca4                DMA1_Stream4_IRQHandler
                0x0000000008002ca4                I2C1_ER_IRQHandler
                0x0000000008002ca4                FMC_IRQHandler
                0x0000000008002ca4                LPTIM1_IRQHandler
                0x0000000008002ca4                I2C4_ER_IRQHandler
                0x0000000008002ca4                DMA2_Stream6_IRQHandler
                0x0000000008002ca4                SAI1_IRQHandler
                0x0000000008002ca4                DMA1_Stream3_IRQHandler
 .text.HAL_Init
                0x0000000008002ca6       0x1a Drivers/STM32F7xx_HAL_Driver/Src/stm32f7xx_hal.o
                0x0000000008002ca6                HAL_Init
 .text.HAL_InitTick
                0x0000000008002cc0       0x60 Drivers/STM32F7xx_HAL_Driver/Src/stm32f7xx_hal.o
                0x0000000008002cc0                HAL_InitTick
 .text.HAL_IncTick
                0x0000000008002d20       0x28 Drivers/STM32F7xx_HAL_Driver/Src/stm32f7xx_hal.o
                0x0000000008002d20                HAL_IncTick
 .text.HAL_GetTick
                0x0000000008002d48       0x18 Drivers/STM32F7xx_HAL_Driver/Src/stm32f7xx_hal.o
                0x0000000008002d48                HAL_GetTick
 .text.HAL_Delay
                0x0000000008002d60       0x44 Drivers/STM32F7xx_HAL_Driver/Src/stm32f7xx_hal.o
                0x0000000008002d60                HAL_Delay
 .text.HAL_ADC_Init
                0x0000000008002da4       0x88 Drivers/STM32F7xx_HAL_Driver/Src/stm32f7xx_hal_adc.o
                0x0000000008002da4                HAL_ADC_Init
 .text.HAL_ADC_Start
                0x0000000008002e2c      0x180 Drivers/STM32F7xx_HAL_Driver/Src/stm32f7xx_hal_adc.o
                0x0000000008002e2c                HAL_ADC_Start
 .text.HAL_ADC_IRQHandler
                0x0000000008002fac      0x282 Drivers/STM32F7xx_HAL_Driver/Src/stm32f7xx_hal_adc.o
                0x0000000008002fac                HAL_ADC_IRQHandler
 .text.HAL_ADC_GetValue
                0x000000000800322e       0x1a Drivers/STM32F7xx_HAL_Driver/Src/stm32f7xx_hal_adc.o
                0x000000000800322e                HAL_ADC_GetValue
 .text.HAL_ADC_ConvCpltCallback
                0x0000000008003248       0x14 Drivers/STM32F7xx_HAL_Driver/Src/stm32f7xx_hal_adc.o
                0x0000000008003248                HAL_ADC_ConvCpltCallback
 .text.HAL_ADC_LevelOutOfWindowCallback
                0x000000000800325c       0x14 Drivers/STM32F7xx_HAL_Driver/Src/stm32f7xx_hal_adc.o
                0x000000000800325c                HAL_ADC_LevelOutOfWindowCallback
 .text.HAL_ADC_ErrorCallback
                0x0000000008003270       0x14 Drivers/STM32F7xx_HAL_Driver/Src/stm32f7xx_hal_adc.o
                0x0000000008003270                HAL_ADC_ErrorCallback
 .text.HAL_ADC_ConfigChannel
                0x0000000008003284      0x294 Drivers/STM32F7xx_HAL_Driver/Src/stm32f7xx_hal_adc.o
                0x0000000008003284                HAL_ADC_ConfigChannel
 .text.ADC_Init
                0x0000000008003518      0x1f4 Drivers/STM32F7xx_HAL_Driver/Src/stm32f7xx_hal_adc.o
 .text.HAL_ADCEx_InjectedConvCpltCallback
                0x000000000800370c       0x14 Drivers/STM32F7xx_HAL_Driver/Src/stm32f7xx_hal_adc_ex.o
                0x000000000800370c                HAL_ADCEx_InjectedConvCpltCallback
 .text.__NVIC_SetPriorityGrouping
                0x0000000008003720       0x48 Drivers/STM32F7xx_HAL_Driver/Src/stm32f7xx_hal_cortex.o
 .text.__NVIC_GetPriorityGrouping
                0x0000000008003768       0x1c Drivers/STM32F7xx_HAL_Driver/Src/stm32f7xx_hal_cortex.o
 .text.__NVIC_EnableIRQ
                0x0000000008003784       0x3c Drivers/STM32F7xx_HAL_Driver/Src/stm32f7xx_hal_cortex.o
 .text.__NVIC_SetPriority
                0x00000000080037c0       0x54 Drivers/STM32F7xx_HAL_Driver/Src/stm32f7xx_hal_cortex.o
 .text.NVIC_EncodePriority
                0x0000000008003814       0x66 Drivers/STM32F7xx_HAL_Driver/Src/stm32f7xx_hal_cortex.o
 *fill*         0x000000000800387a        0x2 
 .text.SysTick_Config
                0x000000000800387c       0x44 Drivers/STM32F7xx_HAL_Driver/Src/stm32f7xx_hal_cortex.o
 .text.HAL_NVIC_SetPriorityGrouping
                0x00000000080038c0       0x16 Drivers/STM32F7xx_HAL_Driver/Src/stm32f7xx_hal_cortex.o
                0x00000000080038c0                HAL_NVIC_SetPriorityGrouping
 .text.HAL_NVIC_SetPriority
                0x00000000080038d6       0x38 Drivers/STM32F7xx_HAL_Driver/Src/stm32f7xx_hal_cortex.o
                0x00000000080038d6                HAL_NVIC_SetPriority
 .text.HAL_NVIC_EnableIRQ
                0x000000000800390e       0x1c Drivers/STM32F7xx_HAL_Driver/Src/stm32f7xx_hal_cortex.o
                0x000000000800390e                HAL_NVIC_EnableIRQ
 .text.HAL_SYSTICK_Config
                0x000000000800392a       0x18 Drivers/STM32F7xx_HAL_Driver/Src/stm32f7xx_hal_cortex.o
                0x000000000800392a                HAL_SYSTICK_Config
 *fill*         0x0000000008003942        0x2 
 .text.HAL_DMA_Init
                0x0000000008003944      0x15c Drivers/STM32F7xx_HAL_Driver/Src/stm32f7xx_hal_dma.o
                0x0000000008003944                HAL_DMA_Init
 .text.HAL_DMA_Start_IT
                0x0000000008003aa0       0xc0 Drivers/STM32F7xx_HAL_Driver/Src/stm32f7xx_hal_dma.o
                0x0000000008003aa0                HAL_DMA_Start_IT
 .text.HAL_DMA_Abort_IT
                0x0000000008003b60       0x44 Drivers/STM32F7xx_HAL_Driver/Src/stm32f7xx_hal_dma.o
                0x0000000008003b60                HAL_DMA_Abort_IT
 .text.HAL_DMA_IRQHandler
                0x0000000008003ba4      0x314 Drivers/STM32F7xx_HAL_Driver/Src/stm32f7xx_hal_dma.o
                0x0000000008003ba4                HAL_DMA_IRQHandler
 .text.DMA_SetConfig
                0x0000000008003eb8       0x5c Drivers/STM32F7xx_HAL_Driver/Src/stm32f7xx_hal_dma.o
 .text.DMA_CalcBaseAndBitshift
                0x0000000008003f14       0x6c Drivers/STM32F7xx_HAL_Driver/Src/stm32f7xx_hal_dma.o
 .text.DMA_CheckFifoParam
                0x0000000008003f80       0xf4 Drivers/STM32F7xx_HAL_Driver/Src/stm32f7xx_hal_dma.o
 .text.HAL_GPIO_Init
                0x0000000008004074      0x354 Drivers/STM32F7xx_HAL_Driver/Src/stm32f7xx_hal_gpio.o
                0x0000000008004074                HAL_GPIO_Init
 .text.HAL_GPIO_ReadPin
                0x00000000080043c8       0x30 Drivers/STM32F7xx_HAL_Driver/Src/stm32f7xx_hal_gpio.o
                0x00000000080043c8                HAL_GPIO_ReadPin
 .text.HAL_GPIO_WritePin
                0x00000000080043f8       0x32 Drivers/STM32F7xx_HAL_Driver/Src/stm32f7xx_hal_gpio.o
                0x00000000080043f8                HAL_GPIO_WritePin
 *fill*         0x000000000800442a        0x2 
 .text.HAL_I2C_Init
                0x000000000800442c      0x120 Drivers/STM32F7xx_HAL_Driver/Src/stm32f7xx_hal_i2c.o
                0x000000000800442c                HAL_I2C_Init
 .text.HAL_I2C_Master_Transmit
                0x000000000800454c      0x1e8 Drivers/STM32F7xx_HAL_Driver/Src/stm32f7xx_hal_i2c.o
                0x000000000800454c                HAL_I2C_Master_Transmit
 .text.HAL_I2C_Master_Receive
                0x0000000008004734      0x1ec Drivers/STM32F7xx_HAL_Driver/Src/stm32f7xx_hal_i2c.o
                0x0000000008004734                HAL_I2C_Master_Receive
 .text.HAL_I2C_EV_IRQHandler
                0x0000000008004920       0x34 Drivers/STM32F7xx_HAL_Driver/Src/stm32f7xx_hal_i2c.o
                0x0000000008004920                HAL_I2C_EV_IRQHandler
 .text.I2C_Flush_TXDR
                0x0000000008004954       0x48 Drivers/STM32F7xx_HAL_Driver/Src/stm32f7xx_hal_i2c.o
 .text.I2C_WaitOnFlagUntilTimeout
                0x000000000800499c       0x80 Drivers/STM32F7xx_HAL_Driver/Src/stm32f7xx_hal_i2c.o
 .text.I2C_WaitOnTXISFlagUntilTimeout
                0x0000000008004a1c       0x80 Drivers/STM32F7xx_HAL_Driver/Src/stm32f7xx_hal_i2c.o
 .text.I2C_WaitOnSTOPFlagUntilTimeout
                0x0000000008004a9c       0x78 Drivers/STM32F7xx_HAL_Driver/Src/stm32f7xx_hal_i2c.o
 .text.I2C_WaitOnRXNEFlagUntilTimeout
                0x0000000008004b14       0xd8 Drivers/STM32F7xx_HAL_Driver/Src/stm32f7xx_hal_i2c.o
 .text.I2C_IsAcknowledgeFailed
                0x0000000008004bec       0xcc Drivers/STM32F7xx_HAL_Driver/Src/stm32f7xx_hal_i2c.o
 .text.I2C_TransferConfig
                0x0000000008004cb8       0x5c Drivers/STM32F7xx_HAL_Driver/Src/stm32f7xx_hal_i2c.o
 .text.HAL_I2CEx_ConfigAnalogFilter
                0x0000000008004d14       0x96 Drivers/STM32F7xx_HAL_Driver/Src/stm32f7xx_hal_i2c_ex.o
                0x0000000008004d14                HAL_I2CEx_ConfigAnalogFilter
 .text.HAL_I2CEx_ConfigDigitalFilter
                0x0000000008004daa       0x98 Drivers/STM32F7xx_HAL_Driver/Src/stm32f7xx_hal_i2c_ex.o
                0x0000000008004daa                HAL_I2CEx_ConfigDigitalFilter
 *fill*         0x0000000008004e42        0x2 
 .text.HAL_PWR_EnableBkUpAccess
                0x0000000008004e44       0x20 Drivers/STM32F7xx_HAL_Driver/Src/stm32f7xx_hal_pwr.o
                0x0000000008004e44                HAL_PWR_EnableBkUpAccess
 .text.HAL_PWREx_EnableOverDrive
                0x0000000008004e64       0xa0 Drivers/STM32F7xx_HAL_Driver/Src/stm32f7xx_hal_pwr_ex.o
                0x0000000008004e64                HAL_PWREx_EnableOverDrive
 .text.HAL_QSPI_Init
                0x0000000008004f04       0xf8 Drivers/STM32F7xx_HAL_Driver/Src/stm32f7xx_hal_qspi.o
                0x0000000008004f04                HAL_QSPI_Init
 .text.HAL_QSPI_IRQHandler
                0x0000000008004ffc      0x374 Drivers/STM32F7xx_HAL_Driver/Src/stm32f7xx_hal_qspi.o
                0x0000000008004ffc                HAL_QSPI_IRQHandler
 .text.HAL_QSPI_Command
                0x0000000008005370       0xbc Drivers/STM32F7xx_HAL_Driver/Src/stm32f7xx_hal_qspi.o
                0x0000000008005370                HAL_QSPI_Command
 .text.HAL_QSPI_Transmit
                0x000000000800542c      0x124 Drivers/STM32F7xx_HAL_Driver/Src/stm32f7xx_hal_qspi.o
                0x000000000800542c                HAL_QSPI_Transmit
 .text.HAL_QSPI_Receive
                0x0000000008005550      0x13a Drivers/STM32F7xx_HAL_Driver/Src/stm32f7xx_hal_qspi.o
                0x0000000008005550                HAL_QSPI_Receive
 .text.HAL_QSPI_AutoPolling
                0x000000000800568a       0xee Drivers/STM32F7xx_HAL_Driver/Src/stm32f7xx_hal_qspi.o
                0x000000000800568a                HAL_QSPI_AutoPolling
 .text.HAL_QSPI_ErrorCallback
                0x0000000008005778       0x14 Drivers/STM32F7xx_HAL_Driver/Src/stm32f7xx_hal_qspi.o
                0x0000000008005778                HAL_QSPI_ErrorCallback
 .text.HAL_QSPI_AbortCpltCallback
                0x000000000800578c       0x14 Drivers/STM32F7xx_HAL_Driver/Src/stm32f7xx_hal_qspi.o
                0x000000000800578c                HAL_QSPI_AbortCpltCallback
 .text.HAL_QSPI_CmdCpltCallback
                0x00000000080057a0       0x14 Drivers/STM32F7xx_HAL_Driver/Src/stm32f7xx_hal_qspi.o
                0x00000000080057a0                HAL_QSPI_CmdCpltCallback
 .text.HAL_QSPI_RxCpltCallback
                0x00000000080057b4       0x14 Drivers/STM32F7xx_HAL_Driver/Src/stm32f7xx_hal_qspi.o
                0x00000000080057b4                HAL_QSPI_RxCpltCallback
 .text.HAL_QSPI_TxCpltCallback
                0x00000000080057c8       0x14 Drivers/STM32F7xx_HAL_Driver/Src/stm32f7xx_hal_qspi.o
                0x00000000080057c8                HAL_QSPI_TxCpltCallback
 .text.HAL_QSPI_FifoThresholdCallback
                0x00000000080057dc       0x14 Drivers/STM32F7xx_HAL_Driver/Src/stm32f7xx_hal_qspi.o
                0x00000000080057dc                HAL_QSPI_FifoThresholdCallback
 .text.HAL_QSPI_StatusMatchCallback
                0x00000000080057f0       0x14 Drivers/STM32F7xx_HAL_Driver/Src/stm32f7xx_hal_qspi.o
                0x00000000080057f0                HAL_QSPI_StatusMatchCallback
 .text.HAL_QSPI_TimeOutCallback
                0x0000000008005804       0x14 Drivers/STM32F7xx_HAL_Driver/Src/stm32f7xx_hal_qspi.o
                0x0000000008005804                HAL_QSPI_TimeOutCallback
 .text.HAL_QSPI_SetTimeout
                0x0000000008005818       0x1c Drivers/STM32F7xx_HAL_Driver/Src/stm32f7xx_hal_qspi.o
                0x0000000008005818                HAL_QSPI_SetTimeout
 .text.QSPI_DMAAbortCplt
                0x0000000008005834       0x66 Drivers/STM32F7xx_HAL_Driver/Src/stm32f7xx_hal_qspi.o
 .text.QSPI_WaitFlagStateUntilTimeout
                0x000000000800589a       0x6e Drivers/STM32F7xx_HAL_Driver/Src/stm32f7xx_hal_qspi.o
 .text.QSPI_Config
                0x0000000008005908      0x30c Drivers/STM32F7xx_HAL_Driver/Src/stm32f7xx_hal_qspi.o
 .text.HAL_RCC_OscConfig
                0x0000000008005c14      0x55c Drivers/STM32F7xx_HAL_Driver/Src/stm32f7xx_hal_rcc.o
                0x0000000008005c14                HAL_RCC_OscConfig
 .text.HAL_RCC_ClockConfig
                0x0000000008006170      0x1d8 Drivers/STM32F7xx_HAL_Driver/Src/stm32f7xx_hal_rcc.o
                0x0000000008006170                HAL_RCC_ClockConfig
 .text.HAL_RCC_EnableCSS
                0x0000000008006348       0x20 Drivers/STM32F7xx_HAL_Driver/Src/stm32f7xx_hal_rcc.o
                0x0000000008006348                HAL_RCC_EnableCSS
 .text.HAL_RCC_GetSysClockFreq
                0x0000000008006368      0x164 Drivers/STM32F7xx_HAL_Driver/Src/stm32f7xx_hal_rcc.o
                0x0000000008006368                HAL_RCC_GetSysClockFreq
 .text.HAL_RCC_GetHCLKFreq
                0x00000000080064cc       0x18 Drivers/STM32F7xx_HAL_Driver/Src/stm32f7xx_hal_rcc.o
                0x00000000080064cc                HAL_RCC_GetHCLKFreq
 .text.HAL_RCC_GetPCLK1Freq
                0x00000000080064e4       0x28 Drivers/STM32F7xx_HAL_Driver/Src/stm32f7xx_hal_rcc.o
                0x00000000080064e4                HAL_RCC_GetPCLK1Freq
 .text.HAL_RCC_GetPCLK2Freq
                0x000000000800650c       0x28 Drivers/STM32F7xx_HAL_Driver/Src/stm32f7xx_hal_rcc.o
                0x000000000800650c                HAL_RCC_GetPCLK2Freq
 .text.HAL_RCC_NMI_IRQHandler
                0x0000000008006534       0x28 Drivers/STM32F7xx_HAL_Driver/Src/stm32f7xx_hal_rcc.o
                0x0000000008006534                HAL_RCC_NMI_IRQHandler
 .text.HAL_RCC_CSSCallback
                0x000000000800655c        0xe Drivers/STM32F7xx_HAL_Driver/Src/stm32f7xx_hal_rcc.o
                0x000000000800655c                HAL_RCC_CSSCallback
 *fill*         0x000000000800656a        0x2 
 .text.HAL_RCCEx_PeriphCLKConfig
                0x000000000800656c      0x84c Drivers/STM32F7xx_HAL_Driver/Src/stm32f7xx_hal_rcc_ex.o
                0x000000000800656c                HAL_RCCEx_PeriphCLKConfig
 .text.HAL_SPI_Init
                0x0000000008006db8      0x124 Drivers/STM32F7xx_HAL_Driver/Src/stm32f7xx_hal_spi.o
                0x0000000008006db8                HAL_SPI_Init
 .text.HAL_SPI_Transmit
                0x0000000008006edc      0x2cc Drivers/STM32F7xx_HAL_Driver/Src/stm32f7xx_hal_spi.o
                0x0000000008006edc                HAL_SPI_Transmit
 .text.HAL_SPI_Receive
                0x00000000080071a8      0x250 Drivers/STM32F7xx_HAL_Driver/Src/stm32f7xx_hal_spi.o
                0x00000000080071a8                HAL_SPI_Receive
 .text.HAL_SPI_TransmitReceive
                0x00000000080073f8      0x426 Drivers/STM32F7xx_HAL_Driver/Src/stm32f7xx_hal_spi.o
                0x00000000080073f8                HAL_SPI_TransmitReceive
 .text.HAL_SPI_GetState
                0x000000000800781e       0x1c Drivers/STM32F7xx_HAL_Driver/Src/stm32f7xx_hal_spi.o
                0x000000000800781e                HAL_SPI_GetState
 .text.SPI_WaitFlagStateUntilTimeout
                0x000000000800783a       0xd4 Drivers/STM32F7xx_HAL_Driver/Src/stm32f7xx_hal_spi.o
 .text.SPI_WaitFifoStateUntilTimeout
                0x000000000800790e       0xda Drivers/STM32F7xx_HAL_Driver/Src/stm32f7xx_hal_spi.o
 .text.SPI_EndRxTransaction
                0x00000000080079e8       0xb0 Drivers/STM32F7xx_HAL_Driver/Src/stm32f7xx_hal_spi.o
 .text.SPI_EndRxTxTransaction
                0x0000000008007a98       0x8c Drivers/STM32F7xx_HAL_Driver/Src/stm32f7xx_hal_spi.o
 .text.HAL_TIM_PWM_Init
                0x0000000008007b24       0x56 Drivers/STM32F7xx_HAL_Driver/Src/stm32f7xx_hal_tim.o
                0x0000000008007b24                HAL_TIM_PWM_Init
 *fill*         0x0000000008007b7a        0x2 
 .text.HAL_TIM_PWM_Start
                0x0000000008007b7c       0x88 Drivers/STM32F7xx_HAL_Driver/Src/stm32f7xx_hal_tim.o
                0x0000000008007b7c                HAL_TIM_PWM_Start
 .text.HAL_TIM_PWM_ConfigChannel
                0x0000000008007c04      0x230 Drivers/STM32F7xx_HAL_Driver/Src/stm32f7xx_hal_tim.o
                0x0000000008007c04                HAL_TIM_PWM_ConfigChannel
 .text.TIM_Base_SetConfig
                0x0000000008007e34      0x140 Drivers/STM32F7xx_HAL_Driver/Src/stm32f7xx_hal_tim.o
                0x0000000008007e34                TIM_Base_SetConfig
 .text.TIM_OC1_SetConfig
                0x0000000008007f74       0xe4 Drivers/STM32F7xx_HAL_Driver/Src/stm32f7xx_hal_tim.o
 .text.TIM_OC2_SetConfig
                0x0000000008008058       0xf0 Drivers/STM32F7xx_HAL_Driver/Src/stm32f7xx_hal_tim.o
                0x0000000008008058                TIM_OC2_SetConfig
 .text.TIM_OC3_SetConfig
                0x0000000008008148       0xec Drivers/STM32F7xx_HAL_Driver/Src/stm32f7xx_hal_tim.o
 .text.TIM_OC4_SetConfig
                0x0000000008008234       0xb0 Drivers/STM32F7xx_HAL_Driver/Src/stm32f7xx_hal_tim.o
 .text.TIM_OC5_SetConfig
                0x00000000080082e4       0xa4 Drivers/STM32F7xx_HAL_Driver/Src/stm32f7xx_hal_tim.o
 .text.TIM_OC6_SetConfig
                0x0000000008008388       0xa8 Drivers/STM32F7xx_HAL_Driver/Src/stm32f7xx_hal_tim.o
 .text.TIM_CCxChannelCmd
                0x0000000008008430       0x4a Drivers/STM32F7xx_HAL_Driver/Src/stm32f7xx_hal_tim.o
                0x0000000008008430                TIM_CCxChannelCmd
 *fill*         0x000000000800847a        0x2 
 .text.HAL_TIMEx_MasterConfigSynchronization
                0x000000000800847c      0x11c Drivers/STM32F7xx_HAL_Driver/Src/stm32f7xx_hal_tim_ex.o
                0x000000000800847c                HAL_TIMEx_MasterConfigSynchronization
 .text.HAL_TIMEx_ConfigBreakDeadTime
                0x0000000008008598       0xfc Drivers/STM32F7xx_HAL_Driver/Src/stm32f7xx_hal_tim_ex.o
                0x0000000008008598                HAL_TIMEx_ConfigBreakDeadTime
 .text.HAL_UART_Init
                0x0000000008008694       0x9c Drivers/STM32F7xx_HAL_Driver/Src/stm32f7xx_hal_uart.o
                0x0000000008008694                HAL_UART_Init
 .text.HAL_UART_Transmit
                0x0000000008008730      0x122 Drivers/STM32F7xx_HAL_Driver/Src/stm32f7xx_hal_uart.o
                0x0000000008008730                HAL_UART_Transmit
 *fill*         0x0000000008008852        0x2 
 .text.HAL_UART_Transmit_DMA
                0x0000000008008854       0xf8 Drivers/STM32F7xx_HAL_Driver/Src/stm32f7xx_hal_uart.o
                0x0000000008008854                HAL_UART_Transmit_DMA
 .text.HAL_UART_Receive_DMA
                0x000000000800894c      0x108 Drivers/STM32F7xx_HAL_Driver/Src/stm32f7xx_hal_uart.o
                0x000000000800894c                HAL_UART_Receive_DMA
 .text.HAL_UART_IRQHandler
                0x0000000008008a54      0x28c Drivers/STM32F7xx_HAL_Driver/Src/stm32f7xx_hal_uart.o
                0x0000000008008a54                HAL_UART_IRQHandler
 .text.HAL_UART_TxCpltCallback
                0x0000000008008ce0       0x14 Drivers/STM32F7xx_HAL_Driver/Src/stm32f7xx_hal_uart.o
                0x0000000008008ce0                HAL_UART_TxCpltCallback
 .text.HAL_UART_TxHalfCpltCallback
                0x0000000008008cf4       0x14 Drivers/STM32F7xx_HAL_Driver/Src/stm32f7xx_hal_uart.o
                0x0000000008008cf4                HAL_UART_TxHalfCpltCallback
 .text.HAL_UART_RxCpltCallback
                0x0000000008008d08       0x14 Drivers/STM32F7xx_HAL_Driver/Src/stm32f7xx_hal_uart.o
                0x0000000008008d08                HAL_UART_RxCpltCallback
 .text.HAL_UART_RxHalfCpltCallback
                0x0000000008008d1c       0x14 Drivers/STM32F7xx_HAL_Driver/Src/stm32f7xx_hal_uart.o
                0x0000000008008d1c                HAL_UART_RxHalfCpltCallback
 .text.HAL_UART_ErrorCallback
                0x0000000008008d30       0x14 Drivers/STM32F7xx_HAL_Driver/Src/stm32f7xx_hal_uart.o
                0x0000000008008d30                HAL_UART_ErrorCallback
 .text.HAL_UARTEx_WakeupCallback
                0x0000000008008d44       0x14 Drivers/STM32F7xx_HAL_Driver/Src/stm32f7xx_hal_uart.o
                0x0000000008008d44                HAL_UARTEx_WakeupCallback
 .text.UART_SetConfig
                0x0000000008008d58      0x554 Drivers/STM32F7xx_HAL_Driver/Src/stm32f7xx_hal_uart.o
                0x0000000008008d58                UART_SetConfig
 .text.UART_AdvFeatureConfig
                0x00000000080092ac      0x144 Drivers/STM32F7xx_HAL_Driver/Src/stm32f7xx_hal_uart.o
                0x00000000080092ac                UART_AdvFeatureConfig
 .text.UART_CheckIdleState
                0x00000000080093f0       0x8a Drivers/STM32F7xx_HAL_Driver/Src/stm32f7xx_hal_uart.o
                0x00000000080093f0                UART_CheckIdleState
 .text.UART_WaitOnFlagUntilTimeout
                0x000000000800947a       0xf6 Drivers/STM32F7xx_HAL_Driver/Src/stm32f7xx_hal_uart.o
                0x000000000800947a                UART_WaitOnFlagUntilTimeout
 .text.UART_EndTxTransfer
                0x0000000008009570       0x2a Drivers/STM32F7xx_HAL_Driver/Src/stm32f7xx_hal_uart.o
 .text.UART_EndRxTransfer
                0x000000000800959a       0x40 Drivers/STM32F7xx_HAL_Driver/Src/stm32f7xx_hal_uart.o
 .text.UART_DMATransmitCplt
                0x00000000080095da       0x50 Drivers/STM32F7xx_HAL_Driver/Src/stm32f7xx_hal_uart.o
 .text.UART_DMATxHalfCplt
                0x000000000800962a       0x1c Drivers/STM32F7xx_HAL_Driver/Src/stm32f7xx_hal_uart.o
 .text.UART_DMAReceiveCplt
                0x0000000008009646       0x64 Drivers/STM32F7xx_HAL_Driver/Src/stm32f7xx_hal_uart.o
 .text.UART_DMARxHalfCplt
                0x00000000080096aa       0x1c Drivers/STM32F7xx_HAL_Driver/Src/stm32f7xx_hal_uart.o
 .text.UART_DMAError
                0x00000000080096c6       0x78 Drivers/STM32F7xx_HAL_Driver/Src/stm32f7xx_hal_uart.o
 .text.UART_DMAAbortOnError
                0x000000000800973e       0x2c Drivers/STM32F7xx_HAL_Driver/Src/stm32f7xx_hal_uart.o
 .text.UART_EndTransmit_IT
                0x000000000800976a       0x32 Drivers/STM32F7xx_HAL_Driver/Src/stm32f7xx_hal_uart.o
 .text.MX_FATFS_Init
                0x000000000800979c       0x24 FATFS/App/fatfs.o
                0x000000000800979c                MX_FATFS_Init
 .text.get_fattime
                0x00000000080097c0       0x10 FATFS/App/fatfs.o
                0x00000000080097c0                get_fattime
 .text.USER_initialize
                0x00000000080097d0       0x28 FATFS/Target/user_diskio.o
                0x00000000080097d0                USER_initialize
 .text.USER_status
                0x00000000080097f8       0x28 FATFS/Target/user_diskio.o
                0x00000000080097f8                USER_status
 .text.USER_read
                0x0000000008009820       0x1e FATFS/Target/user_diskio.o
                0x0000000008009820                USER_read
 .text.USER_write
                0x000000000800983e       0x1e FATFS/Target/user_diskio.o
                0x000000000800983e                USER_write
 .text.USER_ioctl
                0x000000000800985c       0x22 FATFS/Target/user_diskio.o
                0x000000000800985c                USER_ioctl
 *fill*         0x000000000800987e        0x2 
 .text.disk_status
                0x0000000008009880       0x34 Middlewares/Third_Party/FatFs/src/diskio.o
                0x0000000008009880                disk_status
 .text.disk_initialize
                0x00000000080098b4       0x4c Middlewares/Third_Party/FatFs/src/diskio.o
                0x00000000080098b4                disk_initialize
 .text.disk_read
                0x0000000008009900       0x40 Middlewares/Third_Party/FatFs/src/diskio.o
                0x0000000008009900                disk_read
 .text.disk_write
                0x0000000008009940       0x40 Middlewares/Third_Party/FatFs/src/diskio.o
                0x0000000008009940                disk_write
 .text.disk_ioctl
                0x0000000008009980       0x3c Middlewares/Third_Party/FatFs/src/diskio.o
                0x0000000008009980                disk_ioctl
 .text.ld_word  0x00000000080099bc       0x30 Middlewares/Third_Party/FatFs/src/ff.o
 .text.ld_dword
                0x00000000080099ec       0x46 Middlewares/Third_Party/FatFs/src/ff.o
 .text.st_word  0x0000000008009a32       0x36 Middlewares/Third_Party/FatFs/src/ff.o
 .text.st_dword
                0x0000000008009a68       0x58 Middlewares/Third_Party/FatFs/src/ff.o
 .text.mem_cpy  0x0000000008009ac0       0x42 Middlewares/Third_Party/FatFs/src/ff.o
 .text.mem_set  0x0000000008009b02       0x34 Middlewares/Third_Party/FatFs/src/ff.o
 .text.mem_cmp  0x0000000008009b36       0x4e Middlewares/Third_Party/FatFs/src/ff.o
 .text.chk_chr  0x0000000008009b84       0x36 Middlewares/Third_Party/FatFs/src/ff.o
 *fill*         0x0000000008009bba        0x2 
 .text.chk_lock
                0x0000000008009bbc       0xb8 Middlewares/Third_Party/FatFs/src/ff.o
 .text.enq_lock
                0x0000000008009c74       0x44 Middlewares/Third_Party/FatFs/src/ff.o
 .text.inc_lock
                0x0000000008009cb8      0x11c Middlewares/Third_Party/FatFs/src/ff.o
 .text.clear_lock
                0x0000000008009dd4       0x48 Middlewares/Third_Party/FatFs/src/ff.o
 .text.sync_window
                0x0000000008009e1c       0x88 Middlewares/Third_Party/FatFs/src/ff.o
 .text.move_window
                0x0000000008009ea4       0x5a Middlewares/Third_Party/FatFs/src/ff.o
 .text.clust2sect
                0x0000000008009efe       0x3e Middlewares/Third_Party/FatFs/src/ff.o
 .text.get_fat  0x0000000008009f3c      0x14e Middlewares/Third_Party/FatFs/src/ff.o
 .text.put_fat  0x000000000800a08a      0x1d4 Middlewares/Third_Party/FatFs/src/ff.o
 .text.remove_chain
                0x000000000800a25e       0xca Middlewares/Third_Party/FatFs/src/ff.o
 .text.create_chain
                0x000000000800a328      0x130 Middlewares/Third_Party/FatFs/src/ff.o
 .text.dir_sdi  0x000000000800a458       0xf6 Middlewares/Third_Party/FatFs/src/ff.o
 .text.dir_next
                0x000000000800a54e      0x18a Middlewares/Third_Party/FatFs/src/ff.o
 .text.dir_alloc
                0x000000000800a6d8       0x8e Middlewares/Third_Party/FatFs/src/ff.o
 .text.ld_clust
                0x000000000800a766       0x3e Middlewares/Third_Party/FatFs/src/ff.o
 .text.st_clust
                0x000000000800a7a4       0x40 Middlewares/Third_Party/FatFs/src/ff.o
 .text.dir_find
                0x000000000800a7e4       0xaa Middlewares/Third_Party/FatFs/src/ff.o
 .text.dir_register
                0x000000000800a88e       0x64 Middlewares/Third_Party/FatFs/src/ff.o
 *fill*         0x000000000800a8f2        0x2 
 .text.create_name
                0x000000000800a8f4      0x194 Middlewares/Third_Party/FatFs/src/ff.o
 .text.follow_path
                0x000000000800aa88      0x120 Middlewares/Third_Party/FatFs/src/ff.o
 .text.get_ldnumber
                0x000000000800aba8       0x88 Middlewares/Third_Party/FatFs/src/ff.o
 .text.check_fs
                0x000000000800ac30       0xac Middlewares/Third_Party/FatFs/src/ff.o
 .text.find_volume
                0x000000000800acdc      0x4a0 Middlewares/Third_Party/FatFs/src/ff.o
 .text.f_mount  0x000000000800b17c       0x8c Middlewares/Third_Party/FatFs/src/ff.o
                0x000000000800b17c                f_mount
 .text.f_open   0x000000000800b208      0x37c Middlewares/Third_Party/FatFs/src/ff.o
                0x000000000800b208                f_open
 .text.f_getfree
                0x000000000800b584      0x16a Middlewares/Third_Party/FatFs/src/ff.o
                0x000000000800b584                f_getfree
 *fill*         0x000000000800b6ee        0x2 
 .text.f_mkfs   0x000000000800b6f0      0x858 Middlewares/Third_Party/FatFs/src/ff.o
                0x000000000800b6f0                f_mkfs
 .text.FATFS_LinkDriverEx
                0x000000000800bf48       0x98 Middlewares/Third_Party/FatFs/src/ff_gen_drv.o
                0x000000000800bf48                FATFS_LinkDriverEx
 .text.FATFS_LinkDriver
                0x000000000800bfe0       0x1e Middlewares/Third_Party/FatFs/src/ff_gen_drv.o
                0x000000000800bfe0                FATFS_LinkDriver
 *fill*         0x000000000800bffe        0x2 
 .text.__errno  0x000000000800c000        0xc c:/st/stm32cubeide_1.3.0/stm32cubeide/plugins/com.st.stm32cube.ide.mcu.externaltools.gnu-tools-for-stm32.7-2018-q2-update.win32_1.0.0.201904181610/tools/bin/../lib/gcc/arm-none-eabi/7.3.1/../../../../arm-none-eabi/lib/thumb/v7e-m/fpv5/hard\libc_nano.a(lib_a-errno.o)
                0x000000000800c000                __errno
 .text.__libc_init_array
                0x000000000800c00c       0x48 c:/st/stm32cubeide_1.3.0/stm32cubeide/plugins/com.st.stm32cube.ide.mcu.externaltools.gnu-tools-for-stm32.7-2018-q2-update.win32_1.0.0.201904181610/tools/bin/../lib/gcc/arm-none-eabi/7.3.1/../../../../arm-none-eabi/lib/thumb/v7e-m/fpv5/hard\libc_nano.a(lib_a-init.o)
                0x000000000800c00c                __libc_init_array
 .text.memset   0x000000000800c054       0x10 c:/st/stm32cubeide_1.3.0/stm32cubeide/plugins/com.st.stm32cube.ide.mcu.externaltools.gnu-tools-for-stm32.7-2018-q2-update.win32_1.0.0.201904181610/tools/bin/../lib/gcc/arm-none-eabi/7.3.1/../../../../arm-none-eabi/lib/thumb/v7e-m/fpv5/hard\libc_nano.a(lib_a-memset.o)
                0x000000000800c054                memset
 .text.__cvt    0x000000000800c064       0xa4 c:/st/stm32cubeide_1.3.0/stm32cubeide/plugins/com.st.stm32cube.ide.mcu.externaltools.gnu-tools-for-stm32.7-2018-q2-update.win32_1.0.0.201904181610/tools/bin/../lib/gcc/arm-none-eabi/7.3.1/../../../../arm-none-eabi/lib/thumb/v7e-m/fpv5/hard\libc_nano.a(lib_a-nano-vfprintf_float.o)
                0x000000000800c064                __cvt
 .text.__exponent
                0x000000000800c108       0x66 c:/st/stm32cubeide_1.3.0/stm32cubeide/plugins/com.st.stm32cube.ide.mcu.externaltools.gnu-tools-for-stm32.7-2018-q2-update.win32_1.0.0.201904181610/tools/bin/../lib/gcc/arm-none-eabi/7.3.1/../../../../arm-none-eabi/lib/thumb/v7e-m/fpv5/hard\libc_nano.a(lib_a-nano-vfprintf_float.o)
                0x000000000800c108                __exponent
 *fill*         0x000000000800c16e        0x2 
 .text._printf_float
                0x000000000800c170      0x458 c:/st/stm32cubeide_1.3.0/stm32cubeide/plugins/com.st.stm32cube.ide.mcu.externaltools.gnu-tools-for-stm32.7-2018-q2-update.win32_1.0.0.201904181610/tools/bin/../lib/gcc/arm-none-eabi/7.3.1/../../../../arm-none-eabi/lib/thumb/v7e-m/fpv5/hard\libc_nano.a(lib_a-nano-vfprintf_float.o)
                0x000000000800c170                _printf_float
 .text._printf_common
                0x000000000800c5c8       0xea c:/st/stm32cubeide_1.3.0/stm32cubeide/plugins/com.st.stm32cube.ide.mcu.externaltools.gnu-tools-for-stm32.7-2018-q2-update.win32_1.0.0.201904181610/tools/bin/../lib/gcc/arm-none-eabi/7.3.1/../../../../arm-none-eabi/lib/thumb/v7e-m/fpv5/hard\libc_nano.a(lib_a-nano-vfprintf_i.o)
                0x000000000800c5c8                _printf_common
 *fill*         0x000000000800c6b2        0x2 
 .text._printf_i
                0x000000000800c6b4      0x224 c:/st/stm32cubeide_1.3.0/stm32cubeide/plugins/com.st.stm32cube.ide.mcu.externaltools.gnu-tools-for-stm32.7-2018-q2-update.win32_1.0.0.201904181610/tools/bin/../lib/gcc/arm-none-eabi/7.3.1/../../../../arm-none-eabi/lib/thumb/v7e-m/fpv5/hard\libc_nano.a(lib_a-nano-vfprintf_i.o)
                0x000000000800c6b4                _printf_i
 .text._scanf_float
                0x000000000800c8d8      0x3b0 c:/st/stm32cubeide_1.3.0/stm32cubeide/plugins/com.st.stm32cube.ide.mcu.externaltools.gnu-tools-for-stm32.7-2018-q2-update.win32_1.0.0.201904181610/tools/bin/../lib/gcc/arm-none-eabi/7.3.1/../../../../arm-none-eabi/lib/thumb/v7e-m/fpv5/hard\libc_nano.a(lib_a-nano-vfscanf_float.o)
                0x000000000800c8d8                _scanf_float
 .text.nanf     0x000000000800cc88        0xc c:/st/stm32cubeide_1.3.0/stm32cubeide/plugins/com.st.stm32cube.ide.mcu.externaltools.gnu-tools-for-stm32.7-2018-q2-update.win32_1.0.0.201904181610/tools/bin/../lib/gcc/arm-none-eabi/7.3.1/../../../../arm-none-eabi/lib/thumb/v7e-m/fpv5/hard\libc_nano.a(lib_a-sf_nan.o)
                0x000000000800cc88                nanf
 .text.sprintf  0x000000000800cc94       0x40 c:/st/stm32cubeide_1.3.0/stm32cubeide/plugins/com.st.stm32cube.ide.mcu.externaltools.gnu-tools-for-stm32.7-2018-q2-update.win32_1.0.0.201904181610/tools/bin/../lib/gcc/arm-none-eabi/7.3.1/../../../../arm-none-eabi/lib/thumb/v7e-m/fpv5/hard\libc_nano.a(lib_a-sprintf.o)
                0x000000000800cc94                siprintf
                0x000000000800cc94                sprintf
 .text.unlikely.sulp
                0x000000000800ccd4       0x34 c:/st/stm32cubeide_1.3.0/stm32cubeide/plugins/com.st.stm32cube.ide.mcu.externaltools.gnu-tools-for-stm32.7-2018-q2-update.win32_1.0.0.201904181610/tools/bin/../lib/gcc/arm-none-eabi/7.3.1/../../../../arm-none-eabi/lib/thumb/v7e-m/fpv5/hard\libc_nano.a(lib_a-strtod.o)
 .text._strtod_l
                0x000000000800cd08      0xb90 c:/st/stm32cubeide_1.3.0/stm32cubeide/plugins/com.st.stm32cube.ide.mcu.externaltools.gnu-tools-for-stm32.7-2018-q2-update.win32_1.0.0.201904181610/tools/bin/../lib/gcc/arm-none-eabi/7.3.1/../../../../arm-none-eabi/lib/thumb/v7e-m/fpv5/hard\libc_nano.a(lib_a-strtod.o)
                0x000000000800cd08                _strtod_l
 .text._strtod_r
                0x000000000800d898       0x20 c:/st/stm32cubeide_1.3.0/stm32cubeide/plugins/com.st.stm32cube.ide.mcu.externaltools.gnu-tools-for-stm32.7-2018-q2-update.win32_1.0.0.201904181610/tools/bin/../lib/gcc/arm-none-eabi/7.3.1/../../../../arm-none-eabi/lib/thumb/v7e-m/fpv5/hard\libc_nano.a(lib_a-strtod.o)
                0x000000000800d898                _strtod_r
 .text._strtol_l.isra.0
                0x000000000800d8b8       0xf6 c:/st/stm32cubeide_1.3.0/stm32cubeide/plugins/com.st.stm32cube.ide.mcu.externaltools.gnu-tools-for-stm32.7-2018-q2-update.win32_1.0.0.201904181610/tools/bin/../lib/gcc/arm-none-eabi/7.3.1/../../../../arm-none-eabi/lib/thumb/v7e-m/fpv5/hard\libc_nano.a(lib_a-strtol.o)
 *fill*         0x000000000800d9ae        0x2 
 .text._strtol_r
                0x000000000800d9b0       0x24 c:/st/stm32cubeide_1.3.0/stm32cubeide/plugins/com.st.stm32cube.ide.mcu.externaltools.gnu-tools-for-stm32.7-2018-q2-update.win32_1.0.0.201904181610/tools/bin/../lib/gcc/arm-none-eabi/7.3.1/../../../../arm-none-eabi/lib/thumb/v7e-m/fpv5/hard\libc_nano.a(lib_a-strtol.o)
                0x000000000800d9b0                _strtol_r
 .text.quorem   0x000000000800d9d4      0x118 c:/st/stm32cubeide_1.3.0/stm32cubeide/plugins/com.st.stm32cube.ide.mcu.externaltools.gnu-tools-for-stm32.7-2018-q2-update.win32_1.0.0.201904181610/tools/bin/../lib/gcc/arm-none-eabi/7.3.1/../../../../arm-none-eabi/lib/thumb/v7e-m/fpv5/hard\libc_nano.a(lib_a-dtoa.o)
 *fill*         0x000000000800daec        0x4 
 .text._dtoa_r  0x000000000800daf0      0xa98 c:/st/stm32cubeide_1.3.0/stm32cubeide/plugins/com.st.stm32cube.ide.mcu.externaltools.gnu-tools-for-stm32.7-2018-q2-update.win32_1.0.0.201904181610/tools/bin/../lib/gcc/arm-none-eabi/7.3.1/../../../../arm-none-eabi/lib/thumb/v7e-m/fpv5/hard\libc_nano.a(lib_a-dtoa.o)
                0x000000000800daf0                _dtoa_r
 .text.rshift   0x000000000800e588       0x74 c:/st/stm32cubeide_1.3.0/stm32cubeide/plugins/com.st.stm32cube.ide.mcu.externaltools.gnu-tools-for-stm32.7-2018-q2-update.win32_1.0.0.201904181610/tools/bin/../lib/gcc/arm-none-eabi/7.3.1/../../../../arm-none-eabi/lib/thumb/v7e-m/fpv5/hard\libc_nano.a(lib_a-gdtoa-gethex.o)
 .text.__hexdig_fun
                0x000000000800e5fc       0x2a c:/st/stm32cubeide_1.3.0/stm32cubeide/plugins/com.st.stm32cube.ide.mcu.externaltools.gnu-tools-for-stm32.7-2018-q2-update.win32_1.0.0.201904181610/tools/bin/../lib/gcc/arm-none-eabi/7.3.1/../../../../arm-none-eabi/lib/thumb/v7e-m/fpv5/hard\libc_nano.a(lib_a-gdtoa-gethex.o)
                0x000000000800e5fc                __hexdig_fun
 .text.__gethex
                0x000000000800e626      0x442 c:/st/stm32cubeide_1.3.0/stm32cubeide/plugins/com.st.stm32cube.ide.mcu.externaltools.gnu-tools-for-stm32.7-2018-q2-update.win32_1.0.0.201904181610/tools/bin/../lib/gcc/arm-none-eabi/7.3.1/../../../../arm-none-eabi/lib/thumb/v7e-m/fpv5/hard\libc_nano.a(lib_a-gdtoa-gethex.o)
                0x000000000800e626                __gethex
 .text.L_shift  0x000000000800ea68       0x24 c:/st/stm32cubeide_1.3.0/stm32cubeide/plugins/com.st.stm32cube.ide.mcu.externaltools.gnu-tools-for-stm32.7-2018-q2-update.win32_1.0.0.201904181610/tools/bin/../lib/gcc/arm-none-eabi/7.3.1/../../../../arm-none-eabi/lib/thumb/v7e-m/fpv5/hard\libc_nano.a(lib_a-gdtoa-hexnan.o)
 .text.__match  0x000000000800ea8c       0x28 c:/st/stm32cubeide_1.3.0/stm32cubeide/plugins/com.st.stm32cube.ide.mcu.externaltools.gnu-tools-for-stm32.7-2018-q2-update.win32_1.0.0.201904181610/tools/bin/../lib/gcc/arm-none-eabi/7.3.1/../../../../arm-none-eabi/lib/thumb/v7e-m/fpv5/hard\libc_nano.a(lib_a-gdtoa-hexnan.o)
                0x000000000800ea8c                __match
 .text.__hexnan
                0x000000000800eab4      0x120 c:/st/stm32cubeide_1.3.0/stm32cubeide/plugins/com.st.stm32cube.ide.mcu.externaltools.gnu-tools-for-stm32.7-2018-q2-update.win32_1.0.0.201904181610/tools/bin/../lib/gcc/arm-none-eabi/7.3.1/../../../../arm-none-eabi/lib/thumb/v7e-m/fpv5/hard\libc_nano.a(lib_a-gdtoa-hexnan.o)
                0x000000000800eab4                __hexnan
 .text.__locale_ctype_ptr_l
                0x000000000800ebd4        0x6 c:/st/stm32cubeide_1.3.0/stm32cubeide/plugins/com.st.stm32cube.ide.mcu.externaltools.gnu-tools-for-stm32.7-2018-q2-update.win32_1.0.0.201904181610/tools/bin/../lib/gcc/arm-none-eabi/7.3.1/../../../../arm-none-eabi/lib/thumb/v7e-m/fpv5/hard\libc_nano.a(lib_a-locale.o)
                0x000000000800ebd4                __locale_ctype_ptr_l
 .text.__localeconv_l
                0x000000000800ebda        0x4 c:/st/stm32cubeide_1.3.0/stm32cubeide/plugins/com.st.stm32cube.ide.mcu.externaltools.gnu-tools-for-stm32.7-2018-q2-update.win32_1.0.0.201904181610/tools/bin/../lib/gcc/arm-none-eabi/7.3.1/../../../../arm-none-eabi/lib/thumb/v7e-m/fpv5/hard\libc_nano.a(lib_a-localeconv.o)
                0x000000000800ebda                __localeconv_l
 *fill*         0x000000000800ebde        0x2 
 .text._localeconv_r
                0x000000000800ebe0       0x1c c:/st/stm32cubeide_1.3.0/stm32cubeide/plugins/com.st.stm32cube.ide.mcu.externaltools.gnu-tools-for-stm32.7-2018-q2-update.win32_1.0.0.201904181610/tools/bin/../lib/gcc/arm-none-eabi/7.3.1/../../../../arm-none-eabi/lib/thumb/v7e-m/fpv5/hard\libc_nano.a(lib_a-localeconv.o)
                0x000000000800ebe0                _localeconv_r
 .text.malloc   0x000000000800ebfc       0x10 c:/st/stm32cubeide_1.3.0/stm32cubeide/plugins/com.st.stm32cube.ide.mcu.externaltools.gnu-tools-for-stm32.7-2018-q2-update.win32_1.0.0.201904181610/tools/bin/../lib/gcc/arm-none-eabi/7.3.1/../../../../arm-none-eabi/lib/thumb/v7e-m/fpv5/hard\libc_nano.a(lib_a-malloc.o)
                0x000000000800ebfc                malloc
 .text.__ascii_mbtowc
                0x000000000800ec0c       0x24 c:/st/stm32cubeide_1.3.0/stm32cubeide/plugins/com.st.stm32cube.ide.mcu.externaltools.gnu-tools-for-stm32.7-2018-q2-update.win32_1.0.0.201904181610/tools/bin/../lib/gcc/arm-none-eabi/7.3.1/../../../../arm-none-eabi/lib/thumb/v7e-m/fpv5/hard\libc_nano.a(lib_a-mbtowc_r.o)
                0x000000000800ec0c                __ascii_mbtowc
 .text.memcpy   0x000000000800ec30       0x16 c:/st/stm32cubeide_1.3.0/stm32cubeide/plugins/com.st.stm32cube.ide.mcu.externaltools.gnu-tools-for-stm32.7-2018-q2-update.win32_1.0.0.201904181610/tools/bin/../lib/gcc/arm-none-eabi/7.3.1/../../../../arm-none-eabi/lib/thumb/v7e-m/fpv5/hard\libc_nano.a(lib_a-memcpy-stub.o)
                0x000000000800ec30                memcpy
 .text._Balloc  0x000000000800ec46       0x68 c:/st/stm32cubeide_1.3.0/stm32cubeide/plugins/com.st.stm32cube.ide.mcu.externaltools.gnu-tools-for-stm32.7-2018-q2-update.win32_1.0.0.201904181610/tools/bin/../lib/gcc/arm-none-eabi/7.3.1/../../../../arm-none-eabi/lib/thumb/v7e-m/fpv5/hard\libc_nano.a(lib_a-mprec.o)
                0x000000000800ec46                _Balloc
 .text._Bfree   0x000000000800ecae       0x2e c:/st/stm32cubeide_1.3.0/stm32cubeide/plugins/com.st.stm32cube.ide.mcu.externaltools.gnu-tools-for-stm32.7-2018-q2-update.win32_1.0.0.201904181610/tools/bin/../lib/gcc/arm-none-eabi/7.3.1/../../../../arm-none-eabi/lib/thumb/v7e-m/fpv5/hard\libc_nano.a(lib_a-mprec.o)
                0x000000000800ecae                _Bfree
 .text.__multadd
                0x000000000800ecdc       0x76 c:/st/stm32cubeide_1.3.0/stm32cubeide/plugins/com.st.stm32cube.ide.mcu.externaltools.gnu-tools-for-stm32.7-2018-q2-update.win32_1.0.0.201904181610/tools/bin/../lib/gcc/arm-none-eabi/7.3.1/../../../../arm-none-eabi/lib/thumb/v7e-m/fpv5/hard\libc_nano.a(lib_a-mprec.o)
                0x000000000800ecdc                __multadd
 .text.__s2b    0x000000000800ed52       0x7c c:/st/stm32cubeide_1.3.0/stm32cubeide/plugins/com.st.stm32cube.ide.mcu.externaltools.gnu-tools-for-stm32.7-2018-q2-update.win32_1.0.0.201904181610/tools/bin/../lib/gcc/arm-none-eabi/7.3.1/../../../../arm-none-eabi/lib/thumb/v7e-m/fpv5/hard\libc_nano.a(lib_a-mprec.o)
                0x000000000800ed52                __s2b
 .text.__hi0bits
                0x000000000800edce       0x3e c:/st/stm32cubeide_1.3.0/stm32cubeide/plugins/com.st.stm32cube.ide.mcu.externaltools.gnu-tools-for-stm32.7-2018-q2-update.win32_1.0.0.201904181610/tools/bin/../lib/gcc/arm-none-eabi/7.3.1/../../../../arm-none-eabi/lib/thumb/v7e-m/fpv5/hard\libc_nano.a(lib_a-mprec.o)
                0x000000000800edce                __hi0bits
 .text.__lo0bits
                0x000000000800ee0c       0x5e c:/st/stm32cubeide_1.3.0/stm32cubeide/plugins/com.st.stm32cube.ide.mcu.externaltools.gnu-tools-for-stm32.7-2018-q2-update.win32_1.0.0.201904181610/tools/bin/../lib/gcc/arm-none-eabi/7.3.1/../../../../arm-none-eabi/lib/thumb/v7e-m/fpv5/hard\libc_nano.a(lib_a-mprec.o)
                0x000000000800ee0c                __lo0bits
 .text.__i2b    0x000000000800ee6a       0x12 c:/st/stm32cubeide_1.3.0/stm32cubeide/plugins/com.st.stm32cube.ide.mcu.externaltools.gnu-tools-for-stm32.7-2018-q2-update.win32_1.0.0.201904181610/tools/bin/../lib/gcc/arm-none-eabi/7.3.1/../../../../arm-none-eabi/lib/thumb/v7e-m/fpv5/hard\libc_nano.a(lib_a-mprec.o)
                0x000000000800ee6a                __i2b
 .text.__multiply
                0x000000000800ee7c      0x12c c:/st/stm32cubeide_1.3.0/stm32cubeide/plugins/com.st.stm32cube.ide.mcu.externaltools.gnu-tools-for-stm32.7-2018-q2-update.win32_1.0.0.201904181610/tools/bin/../lib/gcc/arm-none-eabi/7.3.1/../../../../arm-none-eabi/lib/thumb/v7e-m/fpv5/hard\libc_nano.a(lib_a-mprec.o)
                0x000000000800ee7c                __multiply
 .text.__pow5mult
                0x000000000800efa8       0x9c c:/st/stm32cubeide_1.3.0/stm32cubeide/plugins/com.st.stm32cube.ide.mcu.externaltools.gnu-tools-for-stm32.7-2018-q2-update.win32_1.0.0.201904181610/tools/bin/../lib/gcc/arm-none-eabi/7.3.1/../../../../arm-none-eabi/lib/thumb/v7e-m/fpv5/hard\libc_nano.a(lib_a-mprec.o)
                0x000000000800efa8                __pow5mult
 .text.__lshift
                0x000000000800f044       0xa8 c:/st/stm32cubeide_1.3.0/stm32cubeide/plugins/com.st.stm32cube.ide.mcu.externaltools.gnu-tools-for-stm32.7-2018-q2-update.win32_1.0.0.201904181610/tools/bin/../lib/gcc/arm-none-eabi/7.3.1/../../../../arm-none-eabi/lib/thumb/v7e-m/fpv5/hard\libc_nano.a(lib_a-mprec.o)
                0x000000000800f044                __lshift
 .text.__mcmp   0x000000000800f0ec       0x34 c:/st/stm32cubeide_1.3.0/stm32cubeide/plugins/com.st.stm32cube.ide.mcu.externaltools.gnu-tools-for-stm32.7-2018-q2-update.win32_1.0.0.201904181610/tools/bin/../lib/gcc/arm-none-eabi/7.3.1/../../../../arm-none-eabi/lib/thumb/v7e-m/fpv5/hard\libc_nano.a(lib_a-mprec.o)
                0x000000000800f0ec                __mcmp
 .text.__mdiff  0x000000000800f120       0xba c:/st/stm32cubeide_1.3.0/stm32cubeide/plugins/com.st.stm32cube.ide.mcu.externaltools.gnu-tools-for-stm32.7-2018-q2-update.win32_1.0.0.201904181610/tools/bin/../lib/gcc/arm-none-eabi/7.3.1/../../../../arm-none-eabi/lib/thumb/v7e-m/fpv5/hard\libc_nano.a(lib_a-mprec.o)
                0x000000000800f120                __mdiff
 *fill*         0x000000000800f1da        0x2 
 .text.__ulp    0x000000000800f1dc       0x50 c:/st/stm32cubeide_1.3.0/stm32cubeide/plugins/com.st.stm32cube.ide.mcu.externaltools.gnu-tools-for-stm32.7-2018-q2-update.win32_1.0.0.201904181610/tools/bin/../lib/gcc/arm-none-eabi/7.3.1/../../../../arm-none-eabi/lib/thumb/v7e-m/fpv5/hard\libc_nano.a(lib_a-mprec.o)
                0x000000000800f1dc                __ulp
 .text.__b2d    0x000000000800f22c       0x9c c:/st/stm32cubeide_1.3.0/stm32cubeide/plugins/com.st.stm32cube.ide.mcu.externaltools.gnu-tools-for-stm32.7-2018-q2-update.win32_1.0.0.201904181610/tools/bin/../lib/gcc/arm-none-eabi/7.3.1/../../../../arm-none-eabi/lib/thumb/v7e-m/fpv5/hard\libc_nano.a(lib_a-mprec.o)
                0x000000000800f22c                __b2d
 .text.__d2b    0x000000000800f2c8       0x9e c:/st/stm32cubeide_1.3.0/stm32cubeide/plugins/com.st.stm32cube.ide.mcu.externaltools.gnu-tools-for-stm32.7-2018-q2-update.win32_1.0.0.201904181610/tools/bin/../lib/gcc/arm-none-eabi/7.3.1/../../../../arm-none-eabi/lib/thumb/v7e-m/fpv5/hard\libc_nano.a(lib_a-mprec.o)
                0x000000000800f2c8                __d2b
 .text.__ratio  0x000000000800f366       0x68 c:/st/stm32cubeide_1.3.0/stm32cubeide/plugins/com.st.stm32cube.ide.mcu.externaltools.gnu-tools-for-stm32.7-2018-q2-update.win32_1.0.0.201904181610/tools/bin/../lib/gcc/arm-none-eabi/7.3.1/../../../../arm-none-eabi/lib/thumb/v7e-m/fpv5/hard\libc_nano.a(lib_a-mprec.o)
                0x000000000800f366                __ratio
 .text.__copybits
                0x000000000800f3ce       0x34 c:/st/stm32cubeide_1.3.0/stm32cubeide/plugins/com.st.stm32cube.ide.mcu.externaltools.gnu-tools-for-stm32.7-2018-q2-update.win32_1.0.0.201904181610/tools/bin/../lib/gcc/arm-none-eabi/7.3.1/../../../../arm-none-eabi/lib/thumb/v7e-m/fpv5/hard\libc_nano.a(lib_a-mprec.o)
                0x000000000800f3ce                __copybits
 .text.__any_on
                0x000000000800f402       0x42 c:/st/stm32cubeide_1.3.0/stm32cubeide/plugins/com.st.stm32cube.ide.mcu.externaltools.gnu-tools-for-stm32.7-2018-q2-update.win32_1.0.0.201904181610/tools/bin/../lib/gcc/arm-none-eabi/7.3.1/../../../../arm-none-eabi/lib/thumb/v7e-m/fpv5/hard\libc_nano.a(lib_a-mprec.o)
                0x000000000800f402                __any_on
 .text._calloc_r
                0x000000000800f444       0x1c c:/st/stm32cubeide_1.3.0/stm32cubeide/plugins/com.st.stm32cube.ide.mcu.externaltools.gnu-tools-for-stm32.7-2018-q2-update.win32_1.0.0.201904181610/tools/bin/../lib/gcc/arm-none-eabi/7.3.1/../../../../arm-none-eabi/lib/thumb/v7e-m/fpv5/hard\libc_nano.a(lib_a-nano-callocr.o)
                0x000000000800f444                _calloc_r
 .text._free_r  0x000000000800f460       0x9c c:/st/stm32cubeide_1.3.0/stm32cubeide/plugins/com.st.stm32cube.ide.mcu.externaltools.gnu-tools-for-stm32.7-2018-q2-update.win32_1.0.0.201904181610/tools/bin/../lib/gcc/arm-none-eabi/7.3.1/../../../../arm-none-eabi/lib/thumb/v7e-m/fpv5/hard\libc_nano.a(lib_a-nano-freer.o)
                0x000000000800f460                _free_r
 .text._malloc_r
                0x000000000800f4fc       0xb4 c:/st/stm32cubeide_1.3.0/stm32cubeide/plugins/com.st.stm32cube.ide.mcu.externaltools.gnu-tools-for-stm32.7-2018-q2-update.win32_1.0.0.201904181610/tools/bin/../lib/gcc/arm-none-eabi/7.3.1/../../../../arm-none-eabi/lib/thumb/v7e-m/fpv5/hard\libc_nano.a(lib_a-nano-mallocr.o)
                0x000000000800f4fc                _malloc_r
 .text.__ssputs_r
                0x000000000800f5b0       0xb4 c:/st/stm32cubeide_1.3.0/stm32cubeide/plugins/com.st.stm32cube.ide.mcu.externaltools.gnu-tools-for-stm32.7-2018-q2-update.win32_1.0.0.201904181610/tools/bin/../lib/gcc/arm-none-eabi/7.3.1/../../../../arm-none-eabi/lib/thumb/v7e-m/fpv5/hard\libc_nano.a(lib_a-nano-svfprintf.o)
                0x000000000800f5b0                __ssputs_r
 .text._svfprintf_r
                0x000000000800f664      0x1f0 c:/st/stm32cubeide_1.3.0/stm32cubeide/plugins/com.st.stm32cube.ide.mcu.externaltools.gnu-tools-for-stm32.7-2018-q2-update.win32_1.0.0.201904181610/tools/bin/../lib/gcc/arm-none-eabi/7.3.1/../../../../arm-none-eabi/lib/thumb/v7e-m/fpv5/hard\libc_nano.a(lib_a-nano-svfprintf.o)
                0x000000000800f664                _svfiprintf_r
                0x000000000800f664                _svfprintf_r
 .text._sbrk_r  0x000000000800f854       0x20 c:/st/stm32cubeide_1.3.0/stm32cubeide/plugins/com.st.stm32cube.ide.mcu.externaltools.gnu-tools-for-stm32.7-2018-q2-update.win32_1.0.0.201904181610/tools/bin/../lib/gcc/arm-none-eabi/7.3.1/../../../../arm-none-eabi/lib/thumb/v7e-m/fpv5/hard\libc_nano.a(lib_a-sbrkr.o)
                0x000000000800f854                _sbrk_r
 .text.strncmp  0x000000000800f874       0x24 c:/st/stm32cubeide_1.3.0/stm32cubeide/plugins/com.st.stm32cube.ide.mcu.externaltools.gnu-tools-for-stm32.7-2018-q2-update.win32_1.0.0.201904181610/tools/bin/../lib/gcc/arm-none-eabi/7.3.1/../../../../arm-none-eabi/lib/thumb/v7e-m/fpv5/hard\libc_nano.a(lib_a-strncmp.o)
                0x000000000800f874                strncmp
 .text.__ascii_wctomb
                0x000000000800f898       0x1a c:/st/stm32cubeide_1.3.0/stm32cubeide/plugins/com.st.stm32cube.ide.mcu.externaltools.gnu-tools-for-stm32.7-2018-q2-update.win32_1.0.0.201904181610/tools/bin/../lib/gcc/arm-none-eabi/7.3.1/../../../../arm-none-eabi/lib/thumb/v7e-m/fpv5/hard\libc_nano.a(lib_a-wctomb_r.o)
                0x000000000800f898                __ascii_wctomb
 .text.memmove  0x000000000800f8b2       0x32 c:/st/stm32cubeide_1.3.0/stm32cubeide/plugins/com.st.stm32cube.ide.mcu.externaltools.gnu-tools-for-stm32.7-2018-q2-update.win32_1.0.0.201904181610/tools/bin/../lib/gcc/arm-none-eabi/7.3.1/../../../../arm-none-eabi/lib/thumb/v7e-m/fpv5/hard\libc_nano.a(lib_a-memmove.o)
                0x000000000800f8b2                memmove
 .text.__malloc_lock
                0x000000000800f8e4        0x2 c:/st/stm32cubeide_1.3.0/stm32cubeide/plugins/com.st.stm32cube.ide.mcu.externaltools.gnu-tools-for-stm32.7-2018-q2-update.win32_1.0.0.201904181610/tools/bin/../lib/gcc/arm-none-eabi/7.3.1/../../../../arm-none-eabi/lib/thumb/v7e-m/fpv5/hard\libc_nano.a(lib_a-mlock.o)
                0x000000000800f8e4                __malloc_lock
 .text.__malloc_unlock
                0x000000000800f8e6        0x2 c:/st/stm32cubeide_1.3.0/stm32cubeide/plugins/com.st.stm32cube.ide.mcu.externaltools.gnu-tools-for-stm32.7-2018-q2-update.win32_1.0.0.201904181610/tools/bin/../lib/gcc/arm-none-eabi/7.3.1/../../../../arm-none-eabi/lib/thumb/v7e-m/fpv5/hard\libc_nano.a(lib_a-mlock.o)
                0x000000000800f8e6                __malloc_unlock
 .text._realloc_r
                0x000000000800f8e8       0x4c c:/st/stm32cubeide_1.3.0/stm32cubeide/plugins/com.st.stm32cube.ide.mcu.externaltools.gnu-tools-for-stm32.7-2018-q2-update.win32_1.0.0.201904181610/tools/bin/../lib/gcc/arm-none-eabi/7.3.1/../../../../arm-none-eabi/lib/thumb/v7e-m/fpv5/hard\libc_nano.a(lib_a-nano-reallocr.o)
                0x000000000800f8e8                _realloc_r
 .text._malloc_usable_size_r
                0x000000000800f934       0x10 c:/st/stm32cubeide_1.3.0/stm32cubeide/plugins/com.st.stm32cube.ide.mcu.externaltools.gnu-tools-for-stm32.7-2018-q2-update.win32_1.0.0.201904181610/tools/bin/../lib/gcc/arm-none-eabi/7.3.1/../../../../arm-none-eabi/lib/thumb/v7e-m/fpv5/hard\libc_nano.a(lib_a-nano-msizer.o)
                0x000000000800f934                _malloc_usable_size_r
 *(.glue_7)
 .glue_7        0x000000000800f944        0x0 linker stubs
 *(.glue_7t)
 .glue_7t       0x000000000800f944        0x0 linker stubs
 *(.eh_frame)
 .eh_frame      0x000000000800f944        0x0 c:/st/stm32cubeide_1.3.0/stm32cubeide/plugins/com.st.stm32cube.ide.mcu.externaltools.gnu-tools-for-stm32.7-2018-q2-update.win32_1.0.0.201904181610/tools/bin/../lib/gcc/arm-none-eabi/7.3.1/thumb/v7e-m/fpv5/hard/crtbegin.o
 *(.init)
 .init          0x000000000800f944        0x4 c:/st/stm32cubeide_1.3.0/stm32cubeide/plugins/com.st.stm32cube.ide.mcu.externaltools.gnu-tools-for-stm32.7-2018-q2-update.win32_1.0.0.201904181610/tools/bin/../lib/gcc/arm-none-eabi/7.3.1/thumb/v7e-m/fpv5/hard/crti.o
                0x000000000800f944                _init
 .init          0x000000000800f948        0x8 c:/st/stm32cubeide_1.3.0/stm32cubeide/plugins/com.st.stm32cube.ide.mcu.externaltools.gnu-tools-for-stm32.7-2018-q2-update.win32_1.0.0.201904181610/tools/bin/../lib/gcc/arm-none-eabi/7.3.1/thumb/v7e-m/fpv5/hard/crtn.o
 *(.fini)
 .fini          0x000000000800f950        0x4 c:/st/stm32cubeide_1.3.0/stm32cubeide/plugins/com.st.stm32cube.ide.mcu.externaltools.gnu-tools-for-stm32.7-2018-q2-update.win32_1.0.0.201904181610/tools/bin/../lib/gcc/arm-none-eabi/7.3.1/thumb/v7e-m/fpv5/hard/crti.o
                0x000000000800f950                _fini
 .fini          0x000000000800f954        0x8 c:/st/stm32cubeide_1.3.0/stm32cubeide/plugins/com.st.stm32cube.ide.mcu.externaltools.gnu-tools-for-stm32.7-2018-q2-update.win32_1.0.0.201904181610/tools/bin/../lib/gcc/arm-none-eabi/7.3.1/thumb/v7e-m/fpv5/hard/crtn.o
                0x000000000800f95c                . = ALIGN (0x4)
                0x000000000800f95c                _etext = .

.vfp11_veneer   0x000000000800f95c        0x0
 .vfp11_veneer  0x000000000800f95c        0x0 linker stubs

.v4_bx          0x000000000800f95c        0x0
 .v4_bx         0x000000000800f95c        0x0 linker stubs

.iplt           0x000000000800f95c        0x0
 .iplt          0x000000000800f95c        0x0 c:/st/stm32cubeide_1.3.0/stm32cubeide/plugins/com.st.stm32cube.ide.mcu.externaltools.gnu-tools-for-stm32.7-2018-q2-update.win32_1.0.0.201904181610/tools/bin/../lib/gcc/arm-none-eabi/7.3.1/thumb/v7e-m/fpv5/hard/crtbegin.o

.rodata         0x000000000800f960      0x468
                0x000000000800f960                . = ALIGN (0x4)
 *(.rodata)
 .rodata        0x000000000800f960       0x9f Core/GPIO/Src/PushButton.o
 *fill*         0x000000000800f9ff        0x1 
 .rodata        0x000000000800fa00        0xd Core/Src/main.o
 *fill*         0x000000000800fa0d        0x3 
 .rodata        0x000000000800fa10       0x44 Middlewares/Third_Party/FatFs/src/ff.o
 *(.rodata*)
 .rodata.AHBPrescTable
                0x000000000800fa54       0x10 Core/Src/system_stm32f7xx.o
                0x000000000800fa54                AHBPrescTable
 .rodata.APBPrescTable
                0x000000000800fa64        0x8 Core/Src/system_stm32f7xx.o
                0x000000000800fa64                APBPrescTable
 .rodata.flagBitshiftOffset.9412
                0x000000000800fa6c        0x8 Drivers/STM32F7xx_HAL_Driver/Src/stm32f7xx_hal_dma.o
 .rodata.ExCvt  0x000000000800fa74       0x80 Middlewares/Third_Party/FatFs/src/ff.o
 .rodata.cst32.11476
                0x000000000800faf4        0xe Middlewares/Third_Party/FatFs/src/ff.o
 *fill*         0x000000000800fb02        0x2 
 .rodata.cst.11475
                0x000000000800fb04        0xe Middlewares/Third_Party/FatFs/src/ff.o
 .rodata._printf_float.str1.1
                0x000000000800fb12       0x12 c:/st/stm32cubeide_1.3.0/stm32cubeide/plugins/com.st.stm32cube.ide.mcu.externaltools.gnu-tools-for-stm32.7-2018-q2-update.win32_1.0.0.201904181610/tools/bin/../lib/gcc/arm-none-eabi/7.3.1/../../../../arm-none-eabi/lib/thumb/v7e-m/fpv5/hard\libc_nano.a(lib_a-nano-vfprintf_float.o)
 .rodata._printf_i.str1.1
                0x000000000800fb24       0x22 c:/st/stm32cubeide_1.3.0/stm32cubeide/plugins/com.st.stm32cube.ide.mcu.externaltools.gnu-tools-for-stm32.7-2018-q2-update.win32_1.0.0.201904181610/tools/bin/../lib/gcc/arm-none-eabi/7.3.1/../../../../arm-none-eabi/lib/thumb/v7e-m/fpv5/hard\libc_nano.a(lib_a-nano-vfprintf_i.o)
 .rodata._scanf_float.str1.1
                0x000000000800fb46        0x5 c:/st/stm32cubeide_1.3.0/stm32cubeide/plugins/com.st.stm32cube.ide.mcu.externaltools.gnu-tools-for-stm32.7-2018-q2-update.win32_1.0.0.201904181610/tools/bin/../lib/gcc/arm-none-eabi/7.3.1/../../../../arm-none-eabi/lib/thumb/v7e-m/fpv5/hard\libc_nano.a(lib_a-nano-vfscanf_float.o)
 .rodata._strtod_l.str1.1
                0x000000000800fb4b        0x5 c:/st/stm32cubeide_1.3.0/stm32cubeide/plugins/com.st.stm32cube.ide.mcu.externaltools.gnu-tools-for-stm32.7-2018-q2-update.win32_1.0.0.201904181610/tools/bin/../lib/gcc/arm-none-eabi/7.3.1/../../../../arm-none-eabi/lib/thumb/v7e-m/fpv5/hard\libc_nano.a(lib_a-strtod.o)
                                          0xc (size before relaxing)
 *fill*         0x000000000800fb4b        0x1 
 .rodata.fpi.7435
                0x000000000800fb4c       0x14 c:/st/stm32cubeide_1.3.0/stm32cubeide/plugins/com.st.stm32cube.ide.mcu.externaltools.gnu-tools-for-stm32.7-2018-q2-update.win32_1.0.0.201904181610/tools/bin/../lib/gcc/arm-none-eabi/7.3.1/../../../../arm-none-eabi/lib/thumb/v7e-m/fpv5/hard\libc_nano.a(lib_a-strtod.o)
 .rodata.fpinan.7471
                0x000000000800fb60       0x14 c:/st/stm32cubeide_1.3.0/stm32cubeide/plugins/com.st.stm32cube.ide.mcu.externaltools.gnu-tools-for-stm32.7-2018-q2-update.win32_1.0.0.201904181610/tools/bin/../lib/gcc/arm-none-eabi/7.3.1/../../../../arm-none-eabi/lib/thumb/v7e-m/fpv5/hard\libc_nano.a(lib_a-strtod.o)
 *fill*         0x000000000800fb74        0x4 
 .rodata.tinytens
                0x000000000800fb78       0x28 c:/st/stm32cubeide_1.3.0/stm32cubeide/plugins/com.st.stm32cube.ide.mcu.externaltools.gnu-tools-for-stm32.7-2018-q2-update.win32_1.0.0.201904181610/tools/bin/../lib/gcc/arm-none-eabi/7.3.1/../../../../arm-none-eabi/lib/thumb/v7e-m/fpv5/hard\libc_nano.a(lib_a-strtod.o)
 .rodata._dtoa_r.str1.1
                0x000000000800fba0        0xd c:/st/stm32cubeide_1.3.0/stm32cubeide/plugins/com.st.stm32cube.ide.mcu.externaltools.gnu-tools-for-stm32.7-2018-q2-update.win32_1.0.0.201904181610/tools/bin/../lib/gcc/arm-none-eabi/7.3.1/../../../../arm-none-eabi/lib/thumb/v7e-m/fpv5/hard\libc_nano.a(lib_a-dtoa.o)
                                          0xf (size before relaxing)
 .rodata._setlocale_r.str1.1
                0x000000000800fbad        0x8 c:/st/stm32cubeide_1.3.0/stm32cubeide/plugins/com.st.stm32cube.ide.mcu.externaltools.gnu-tools-for-stm32.7-2018-q2-update.win32_1.0.0.201904181610/tools/bin/../lib/gcc/arm-none-eabi/7.3.1/../../../../arm-none-eabi/lib/thumb/v7e-m/fpv5/hard\libc_nano.a(lib_a-locale.o)
                                          0x9 (size before relaxing)
 .rodata.str1.1
                0x000000000800fbb5        0x2 c:/st/stm32cubeide_1.3.0/stm32cubeide/plugins/com.st.stm32cube.ide.mcu.externaltools.gnu-tools-for-stm32.7-2018-q2-update.win32_1.0.0.201904181610/tools/bin/../lib/gcc/arm-none-eabi/7.3.1/../../../../arm-none-eabi/lib/thumb/v7e-m/fpv5/hard\libc_nano.a(lib_a-locale.o)
 *fill*         0x000000000800fbb7        0x1 
 .rodata.__mprec_bigtens
                0x000000000800fbb8       0x28 c:/st/stm32cubeide_1.3.0/stm32cubeide/plugins/com.st.stm32cube.ide.mcu.externaltools.gnu-tools-for-stm32.7-2018-q2-update.win32_1.0.0.201904181610/tools/bin/../lib/gcc/arm-none-eabi/7.3.1/../../../../arm-none-eabi/lib/thumb/v7e-m/fpv5/hard\libc_nano.a(lib_a-mprec.o)
                0x000000000800fbb8                __mprec_bigtens
 .rodata.__mprec_tens
                0x000000000800fbe0       0xc8 c:/st/stm32cubeide_1.3.0/stm32cubeide/plugins/com.st.stm32cube.ide.mcu.externaltools.gnu-tools-for-stm32.7-2018-q2-update.win32_1.0.0.201904181610/tools/bin/../lib/gcc/arm-none-eabi/7.3.1/../../../../arm-none-eabi/lib/thumb/v7e-m/fpv5/hard\libc_nano.a(lib_a-mprec.o)
                0x000000000800fbe0                __mprec_tens
 .rodata.p05.7359
                0x000000000800fca8        0xc c:/st/stm32cubeide_1.3.0/stm32cubeide/plugins/com.st.stm32cube.ide.mcu.externaltools.gnu-tools-for-stm32.7-2018-q2-update.win32_1.0.0.201904181610/tools/bin/../lib/gcc/arm-none-eabi/7.3.1/../../../../arm-none-eabi/lib/thumb/v7e-m/fpv5/hard\libc_nano.a(lib_a-mprec.o)
 .rodata._svfprintf_r.str1.1
                0x000000000800fcb4       0x11 c:/st/stm32cubeide_1.3.0/stm32cubeide/plugins/com.st.stm32cube.ide.mcu.externaltools.gnu-tools-for-stm32.7-2018-q2-update.win32_1.0.0.201904181610/tools/bin/../lib/gcc/arm-none-eabi/7.3.1/../../../../arm-none-eabi/lib/thumb/v7e-m/fpv5/hard\libc_nano.a(lib_a-nano-svfprintf.o)
 .rodata._ctype_
                0x000000000800fcc5      0x101 c:/st/stm32cubeide_1.3.0/stm32cubeide/plugins/com.st.stm32cube.ide.mcu.externaltools.gnu-tools-for-stm32.7-2018-q2-update.win32_1.0.0.201904181610/tools/bin/../lib/gcc/arm-none-eabi/7.3.1/../../../../arm-none-eabi/lib/thumb/v7e-m/fpv5/hard\libc_nano.a(lib_a-ctype_.o)
                0x000000000800fcc5                _ctype_
                0x000000000800fdc8                . = ALIGN (0x4)
 *fill*         0x000000000800fdc6        0x2 

.ARM.extab      0x000000000800fdc8        0x0
                0x000000000800fdc8                . = ALIGN (0x4)
 *(.ARM.extab* .gnu.linkonce.armextab.*)
                0x000000000800fdc8                . = ALIGN (0x4)

.ARM            0x000000000800fdc8        0x8
                0x000000000800fdc8                . = ALIGN (0x4)
                0x000000000800fdc8                __exidx_start = .
 *(.ARM.exidx*)
 .ARM.exidx     0x000000000800fdc8        0x8 c:/st/stm32cubeide_1.3.0/stm32cubeide/plugins/com.st.stm32cube.ide.mcu.externaltools.gnu-tools-for-stm32.7-2018-q2-update.win32_1.0.0.201904181610/tools/bin/../lib/gcc/arm-none-eabi/7.3.1/thumb/v7e-m/fpv5/hard\libgcc.a(_udivmoddi4.o)
                0x000000000800fdd0                __exidx_end = .
                0x000000000800fdd0                . = ALIGN (0x4)

.rel.dyn        0x000000000800fdd0        0x0
 .rel.iplt      0x000000000800fdd0        0x0 c:/st/stm32cubeide_1.3.0/stm32cubeide/plugins/com.st.stm32cube.ide.mcu.externaltools.gnu-tools-for-stm32.7-2018-q2-update.win32_1.0.0.201904181610/tools/bin/../lib/gcc/arm-none-eabi/7.3.1/thumb/v7e-m/fpv5/hard/crtbegin.o

.preinit_array  0x000000000800fdd0        0x0
                0x000000000800fdd0                . = ALIGN (0x4)
                0x000000000800fdd0                PROVIDE (__preinit_array_start = .)
 *(.preinit_array*)
                0x000000000800fdd0                PROVIDE (__preinit_array_end = .)
                0x000000000800fdd0                . = ALIGN (0x4)

.init_array     0x000000000800fdd0        0x4
                0x000000000800fdd0                . = ALIGN (0x4)
                0x000000000800fdd0                PROVIDE (__init_array_start = .)
 *(SORT_BY_NAME(.init_array.*))
 *(.init_array*)
 .init_array    0x000000000800fdd0        0x4 c:/st/stm32cubeide_1.3.0/stm32cubeide/plugins/com.st.stm32cube.ide.mcu.externaltools.gnu-tools-for-stm32.7-2018-q2-update.win32_1.0.0.201904181610/tools/bin/../lib/gcc/arm-none-eabi/7.3.1/thumb/v7e-m/fpv5/hard/crtbegin.o
                0x000000000800fdd4                PROVIDE (__init_array_end = .)
                0x000000000800fdd4                . = ALIGN (0x4)

.fini_array     0x000000000800fdd4        0x4
                0x000000000800fdd4                . = ALIGN (0x4)
                [!provide]                        PROVIDE (__fini_array_start = .)
 *(SORT_BY_NAME(.fini_array.*))
 *(.fini_array*)
 .fini_array    0x000000000800fdd4        0x4 c:/st/stm32cubeide_1.3.0/stm32cubeide/plugins/com.st.stm32cube.ide.mcu.externaltools.gnu-tools-for-stm32.7-2018-q2-update.win32_1.0.0.201904181610/tools/bin/../lib/gcc/arm-none-eabi/7.3.1/thumb/v7e-m/fpv5/hard/crtbegin.o
                [!provide]                        PROVIDE (__fini_array_end = .)
                0x000000000800fdd8                . = ALIGN (0x4)
                0x000000000800fdd8                _sidata = LOADADDR (.data)

.data           0x0000000020000000      0x1f4 load address 0x000000000800fdd8
                0x0000000020000000                . = ALIGN (0x4)
                0x0000000020000000                _sdata = .
 *(.data)
 *(.data*)
 .data.comres   0x0000000020000000        0x4 Core/Src/main.o
                0x0000000020000000                comres
 .data.SystemCoreClock
                0x0000000020000004        0x4 Core/Src/system_stm32f7xx.o
                0x0000000020000004                SystemCoreClock
 .data.uwTickPrio
                0x0000000020000008        0x4 Drivers/STM32F7xx_HAL_Driver/Src/stm32f7xx_hal.o
                0x0000000020000008                uwTickPrio
 .data.uwTickFreq
                0x000000002000000c        0x1 Drivers/STM32F7xx_HAL_Driver/Src/stm32f7xx_hal.o
                0x000000002000000c                uwTickFreq
 .data.Stat     0x000000002000000d        0x1 FATFS/Target/user_diskio.o
 *fill*         0x000000002000000e        0x2 
 .data.USER_Driver
                0x0000000020000010       0x14 FATFS/Target/user_diskio.o
                0x0000000020000010                USER_Driver
 .data._impure_ptr
                0x0000000020000024        0x4 c:/st/stm32cubeide_1.3.0/stm32cubeide/plugins/com.st.stm32cube.ide.mcu.externaltools.gnu-tools-for-stm32.7-2018-q2-update.win32_1.0.0.201904181610/tools/bin/../lib/gcc/arm-none-eabi/7.3.1/../../../../arm-none-eabi/lib/thumb/v7e-m/fpv5/hard\libc_nano.a(lib_a-impure.o)
                0x0000000020000024                _impure_ptr
 .data.impure_data
                0x0000000020000028       0x60 c:/st/stm32cubeide_1.3.0/stm32cubeide/plugins/com.st.stm32cube.ide.mcu.externaltools.gnu-tools-for-stm32.7-2018-q2-update.win32_1.0.0.201904181610/tools/bin/../lib/gcc/arm-none-eabi/7.3.1/../../../../arm-none-eabi/lib/thumb/v7e-m/fpv5/hard\libc_nano.a(lib_a-impure.o)
 .data.__global_locale
                0x0000000020000088      0x16c c:/st/stm32cubeide_1.3.0/stm32cubeide/plugins/com.st.stm32cube.ide.mcu.externaltools.gnu-tools-for-stm32.7-2018-q2-update.win32_1.0.0.201904181610/tools/bin/../lib/gcc/arm-none-eabi/7.3.1/../../../../arm-none-eabi/lib/thumb/v7e-m/fpv5/hard\libc_nano.a(lib_a-locale.o)
                0x0000000020000088                __global_locale
                0x00000000200001f4                . = ALIGN (0x4)
                0x00000000200001f4                _edata = .

.igot.plt       0x00000000200001f4        0x0 load address 0x000000000800ffcc
 .igot.plt      0x00000000200001f4        0x0 c:/st/stm32cubeide_1.3.0/stm32cubeide/plugins/com.st.stm32cube.ide.mcu.externaltools.gnu-tools-for-stm32.7-2018-q2-update.win32_1.0.0.201904181610/tools/bin/../lib/gcc/arm-none-eabi/7.3.1/thumb/v7e-m/fpv5/hard/crtbegin.o
                0x00000000200001f4                . = ALIGN (0x4)

.bss            0x00000000200001f8     0x2d8c load address 0x000000000800ffcc
                0x00000000200001f8                _sbss = .
                0x00000000200001f8                __bss_start__ = _sbss
 *(.bss)