main.c:158:5:main	4232	static
main.c:348:6:SystemClock_Config	232	static
main.c:420:13:MX_ADC1_Init	24	static
main.c:470:13:MX_I2C1_Init	8	static
main.c:516:13:MX_QUADSPI_Init	8	static
main.c:551:13:MX_RTC_Init	40	static
main.c:613:13:MX_SDMMC1_MMC_Init	8	static
main.c:645:13:MX_SPI1_Init	8	static
main.c:685:13:MX_TIM1_Init	112	static
main.c:771:13:MX_TIM2_Init	48	static
main.c:820:13:MX_TIM4_Init	48	static
main.c:877:13:MX_UART5_Init	8	static
main.c:912:13:MX_USART2_UART_Init	8	static
main.c:945:13:MX_DMA_Init	16	static
main.c:966:13:MX_GPIO_Init	56	static
main.c:1065:8:CurrentTime	8	static
main.c:1070:8:measureBattery	16	static
main.c:1082:6:Error_Handler	4	static
