main.c:172:5:main	4184	static
main.c:391:6:SystemClock_Config	232	static
main.c:464:13:MX_ADC1_Init	24	static
main.c:514:13:MX_I2C1_Init	8	static
main.c:560:13:MX_QUADSPI_Init	8	static
main.c:595:13:MX_RTC_Init	40	static
main.c:657:13:MX_SDMMC1_MMC_Init	8	static
main.c:689:13:MX_SPI1_Init	8	static
main.c:729:13:MX_TIM1_Init	112	static
main.c:815:13:MX_TIM2_Init	48	static
main.c:864:13:MX_TIM4_Init	48	static
main.c:921:13:MX_UART4_Init	8	static
main.c:956:13:MX_UART5_Init	8	static
main.c:992:13:MX_USART2_UART_Init	8	static
main.c:1026:13:MX_DMA_Init	16	static
main.c:1047:13:MX_GPIO_Init	56	static
main.c:1146:8:CurrentTime	8	static
main.c:1151:8:measureBattery	16	static
main.c:1163:6:Error_Handler	4	static
