stm32f7xx_hal_msp.c:71:6:HAL_MspInit	16	static
stm32f7xx_hal_msp.c:98:6:HAL_ADC_MspInit	48	static
stm32f7xx_hal_msp.c:134:6:HAL_ADC_MspDeInit	16	static
stm32f7xx_hal_msp.c:164:6:HAL_I2C_MspInit	48	static
stm32f7xx_hal_msp.c:203:6:HAL_I2C_MspDeInit	16	static
stm32f7xx_hal_msp.c:234:6:HAL_QSPI_MspInit	56	static
stm32f7xx_hal_msp.c:291:6:HAL_QSPI_MspDeInit	16	static
stm32f7xx_hal_msp.c:328:6:HAL_RTC_MspInit	16	static
stm32f7xx_hal_msp.c:350:6:HAL_RTC_MspDeInit	16	static
stm32f7xx_hal_msp.c:372:6:HAL_MMC_MspInit	48	static
stm32f7xx_hal_msp.c:417:6:HAL_MMC_MspDeInit	16	static
stm32f7xx_hal_msp.c:449:6:HAL_SPI_MspInit	48	static
stm32f7xx_hal_msp.c:486:6:HAL_SPI_MspDeInit	16	static
stm32f7xx_hal_msp.c:516:6:HAL_TIM_IC_MspInit	48	static
stm32f7xx_hal_msp.c:552:6:HAL_TIM_PWM_MspInit	24	static
stm32f7xx_hal_msp.c:579:6:HAL_TIM_MspPostInit	48	static
stm32f7xx_hal_msp.c:654:6:HAL_TIM_IC_MspDeInit	16	static
stm32f7xx_hal_msp.c:684:6:HAL_TIM_PWM_MspDeInit	16	static
stm32f7xx_hal_msp.c:717:6:HAL_UART_MspInit	64	static
stm32f7xx_hal_msp.c:872:6:HAL_UART_MspDeInit	16	static
