stm32f7xx_it.c:79:6:NMI_Handler	8	static
stm32f7xx_it.c:93:6:HardFault_Handler	8	static
stm32f7xx_it.c:109:6:MemManage_Handler	8	static
stm32f7xx_it.c:125:6:BusFault_Handler	8	static
stm32f7xx_it.c:141:6:UsageFault_Handler	8	static
stm32f7xx_it.c:157:6:SVC_Handler	4	static
stm32f7xx_it.c:170:6:DebugMon_Handler	4	static
stm32f7xx_it.c:183:6:PendSV_Handler	4	static
stm32f7xx_it.c:196:6:SysTick_Handler	8	static
stm32f7xx_it.c:217:6:FLASH_IRQHandler	8	static
stm32f7xx_it.c:231:6:DMA1_Stream0_IRQHandler	8	static
stm32f7xx_it.c:245:6:DMA1_Stream5_IRQHandler	8	static
stm32f7xx_it.c:259:6:DMA1_Stream6_IRQHandler	8	static
stm32f7xx_it.c:273:6:ADC_IRQHandler	8	static
stm32f7xx_it.c:287:6:I2C1_EV_IRQHandler	8	static
stm32f7xx_it.c:301:6:USART2_IRQHandler	8	static
stm32f7xx_it.c:315:6:UART4_IRQHandler	8	static
stm32f7xx_it.c:329:6:UART5_IRQHandler	8	static
stm32f7xx_it.c:343:6:QUADSPI_IRQHandler	8	static
