stm32f7xx_hal_msp.c:69:6:HAL_MspInit	16	static
stm32f7xx_hal_msp.c:96:6:HAL_ADC_MspInit	48	static
stm32f7xx_hal_msp.c:132:6:HAL_ADC_MspDeInit	16	static
stm32f7xx_hal_msp.c:162:6:HAL_I2C_MspInit	48	static
stm32f7xx_hal_msp.c:201:6:HAL_I2C_MspDeInit	16	static
stm32f7xx_hal_msp.c:232:6:HAL_QSPI_MspInit	56	static
stm32f7xx_hal_msp.c:289:6:HAL_QSPI_MspDeInit	16	static
stm32f7xx_hal_msp.c:326:6:HAL_RTC_MspInit	16	static
stm32f7xx_hal_msp.c:348:6:HAL_RTC_MspDeInit	16	static
stm32f7xx_hal_msp.c:370:6:HAL_MMC_MspInit	48	static
stm32f7xx_hal_msp.c:415:6:HAL_MMC_MspDeInit	16	static
stm32f7xx_hal_msp.c:447:6:HAL_SPI_MspInit	48	static
stm32f7xx_hal_msp.c:484:6:HAL_SPI_MspDeInit	16	static
stm32f7xx_hal_msp.c:514:6:HAL_TIM_IC_MspInit	48	static
stm32f7xx_hal_msp.c:550:6:HAL_TIM_PWM_MspInit	24	static
stm32f7xx_hal_msp.c:577:6:HAL_TIM_MspPostInit	48	static
stm32f7xx_hal_msp.c:652:6:HAL_TIM_IC_MspDeInit	16	static
stm32f7xx_hal_msp.c:682:6:HAL_TIM_PWM_MspDeInit	16	static
stm32f7xx_hal_msp.c:715:6:HAL_UART_MspInit	56	static
stm32f7xx_hal_msp.c:821:6:HAL_UART_MspDeInit	16	static
