stm32f7xx_it.c:78:6:NMI_Handler	8	static
stm32f7xx_it.c:92:6:HardFault_Handler	16	static
stm32f7xx_it.c:114:6:MemManage_Handler	8	static
stm32f7xx_it.c:130:6:BusFault_Handler	8	static
stm32f7xx_it.c:146:6:UsageFault_Handler	8	static
stm32f7xx_it.c:162:6:SVC_Handler	4	static
stm32f7xx_it.c:175:6:DebugMon_Handler	4	static
stm32f7xx_it.c:188:6:PendSV_Handler	4	static
stm32f7xx_it.c:201:6:SysTick_Handler	8	static
stm32f7xx_it.c:222:6:FLASH_IRQHandler	8	static
stm32f7xx_it.c:236:6:DMA1_Stream0_IRQHandler	8	static
stm32f7xx_it.c:250:6:DMA1_Stream5_IRQHandler	8	static
stm32f7xx_it.c:264:6:ADC_IRQHandler	8	static
stm32f7xx_it.c:278:6:TIM1_BRK_TIM9_IRQHandler	8	static
stm32f7xx_it.c:292:6:TIM1_UP_TIM10_IRQHandler	8	static
stm32f7xx_it.c:306:6:TIM1_TRG_COM_TIM11_IRQHandler	8	static
stm32f7xx_it.c:320:6:TIM1_CC_IRQHandler	16	static
stm32f7xx_it.c:335:6:I2C1_EV_IRQHandler	8	static
stm32f7xx_it.c:349:6:UART4_IRQHandler	8	static
stm32f7xx_it.c:363:6:UART5_IRQHandler	8	static
stm32f7xx_it.c:377:6:QUADSPI_IRQHandler	8	static
