FlashQSPIAgent.c:37:9:QSPI_Init	8	static
FlashQSPIAgent.c:52:9:QSPI_Erase_Sector4K	80	static
FlashQSPIAgent.c:106:9:QSPI_Write	96	static
FlashQSPIAgent.c:186:9:QSPI_Read	80	static
FlashQSPIAgent.c:224:9:QSPI_WriteEnable	88	static
FlashQSPIAgent.c:264:9:QSPI_READMD	104	static
FlashQSPIAgent.c:300:9:QSPI_ResetFlash	88	static
FlashQSPIAgent.c:344:9:QSPI_DeleteFlash	88	static
FlashQSPIAgent.c:376:9:QSPI_AutoPolling_Write_in_progress	96	static
FlashQSPIAgent.c:408:16:QSPI_AutoPolling_Erase_in_progress	80	static
FlashQSPIAgent.c:443:9:QSPI_Read_Status_registers	104	static
FlashQSPIAgent.c:525:9:QSPI_Reset_Status_registers	80	static
FlashQSPIAgent.c:612:9:QSPI_DummyCyclesCfg	88	static,ignoring_inline_asm
