FlashQSPIAgent.c:38:9:QSPI_Init	8	static
FlashQSPIAgent.c:53:9:QSPI_Erase_Sector4K	80	static
FlashQSPIAgent.c:107:9:QSPI_Write	96	static
FlashQSPIAgent.c:187:9:QSPI_Read	80	static
FlashQSPIAgent.c:225:9:QSPI_WriteEnable	88	static
FlashQSPIAgent.c:265:9:QSPI_READMD	104	static
FlashQSPIAgent.c:301:9:QSPI_ResetFlash	88	static
FlashQSPIAgent.c:345:9:QSPI_DeleteFlash	88	static
FlashQSPIAgent.c:377:9:QSPI_AutoPolling_Write_in_progress	96	static
FlashQSPIAgent.c:409:16:QSPI_AutoPolling_Erase_in_progress	80	static
FlashQSPIAgent.c:444:9:QSPI_Read_Status_registers	104	static
FlashQSPIAgent.c:526:9:QSPI_Reset_Status_registers	80	static
FlashQSPIAgent.c:613:9:QSPI_DummyCyclesCfg	88	static,ignoring_inline_asm
